================================================================================
🎯 精准补录 - 4 种重点攻坚语种
================================================================================
开始时间: 2026-04-05 09:54:53

📊 任务配置:
  • 跳过语言: zh, zh_hant（已完整）
  • 攻坚语言: ja (日语), ko (韩语), bn (孟加拉语), mn (蒙古语)

📊 正在获取素材数据...
✅ 获取到 310 个素材

🎯 需要补录的素材: 300 个
📝 需要翻译的条目: 13,296 条

⏱️  预计耗时: 9.2 小时

================================================================================
🚀 开始补录...
================================================================================

[1/300] cam-12-academic-listening-test-3-part-2
  待翻译: 27 条
  🌐 [ja] #1... ✅ (55 字符)
  🌐 [ja] #2... ✅ (37 字符)
  🌐 [ko] #2... ✅ (43 字符)
  🌐 [ja] #3... ✅ (32 字符)
  🌐 [ko] #3... ✅ (41 字符)
  🌐 [bn] #4... ✅ (71 字符)
  🌐 [bn] #6... ✅ (146 字符)
  🌐 [bn] #7... ✅ (123 字符)
  🌐 [bn] #8... ✅ (126 字符)
  🌐 [mn] #9... ❌ 失败
  🌐 [bn] #10... ✅ (74 字符)
  🌐 [ja] #14... ✅ (77 字符)
  🌐 [bn] #16... ✅ (71 字符)
  🌐 [bn] #17... ✅ (183 字符)
  🌐 [ja] #19... ✅ (69 字符)
  🌐 [bn] #19... ✅ (130 字符)
  🌐 [ja] #20... ✅ (81 字符)
  🌐 [bn] #20... ✅ (204 字符)
  🌐 [mn] #20... ❌ 失败
  🌐 [mn] #23... ✅ (38 字符)
  🌐 [mn] #30... ❌ 失败
  🌐 [ja] #34... ✅ (23 字符)
  🌐 [mn] #38... ✅ (39 字符)
  🌐 [ja] #39... ✅ (18 字符)
  🌐 [ko] #39... ❌ 失败
  🌐 [bn] #39... ✅ (30 字符)
  🌐 [mn] #39... ✅ (16 字符)
  💾 已保存: +23

[2/300] cam-10-academic-listening-test-3-part-2
  待翻译: 7 条
  🌐 [mn] #5... ✅ (152 字符)
  🌐 [ja] #11... ✅ (62 字符)
  🌐 [mn] #23... ✅ (179 字符)
  🌐 [ja] #45... ✅ (21 字符)
  🌐 [ko] #45... ✅ (10 字符)
  🌐 [bn] #45... ✅ (19 字符)
  🌐 [mn] #45... ✅ (31 字符)
  💾 已保存: +7

[3/300] the-crane-of-gratitudejapanese-fairy-tales-in-english
  待翻译: 15 条
  🌐 [mn] #3... ❌ 失败
  🌐 [ko] #4... ✅ (35 字符)
  🌐 [ko] #5... ✅ (53 字符)
  🌐 [bn] #5... ✅ (71 字符)
  🌐 [mn] #5... ✅ (98 字符)
  🌐 [bn] #11... ✅ (66 字符)
  🌐 [mn] #11... ❌ 失败
  🌐 [mn] #13... ✅ (23 字符)
  🌐 [ko] #15... ✅ (47 字符)
  🌐 [bn] #15... ✅ (90 字符)
  🌐 [ko] #16... ✅ (55 字符)
  🌐 [mn] #18... ✅ (43 字符)
  🌐 [bn] #19... ✅ (101 字符)
  🌐 [ko] #23... ✅ (50 字符)
  🌐 [bn] #27... ✅ (32 字符)
  💾 已保存: +13

[4/300] cam-12-academic-listening-test-4-part-1
  待翻译: 50 条
  🌐 [ja] #2... ✅ (45 字符)
  🌐 [ja] #3... ✅ (24 字符)
  🌐 [ja] #5... ✅ (26 字符)
  🌐 [ja] #6... ✅ (31 字符)
  🌐 [ja] #7... ✅ (17 字符)
  🌐 [ja] #8... ✅ (56 字符)
  🌐 [ja] #9... ✅ (14 字符)
  🌐 [ja] #10... ✅ (28 字符)
  🌐 [ja] #11... ✅ (25 字符)
  🌐 [ja] #12... ✅ (35 字符)
  🌐 [ja] #13... ✅ (38 字符)
  🌐 [ja] #14... ✅ (35 字符)
  🌐 [ja] #15... ✅ (66 字符)
  🌐 [bn] #15... ✅ (146 字符)
  🌐 [ja] #16... ✅ (27 字符)
  🌐 [ja] #17... ✅ (47 字符)
  🌐 [ja] #18... ✅ (49 字符)
  🌐 [ja] #19... ✅ (48 字符)
  🌐 [ja] #20... ✅ (27 字符)
  🌐 [ja] #21... ✅ (46 字符)
  🌐 [ja] #22... ✅ (15 字符)
  🌐 [ja] #23... ✅ (19 字符)
  🌐 [ja] #24... ✅ (48 字符)
  🌐 [bn] #24... ✅ (87 字符)
  🌐 [ja] #25... ✅ (32 字符)
  🌐 [ja] #26... ✅ (73 字符)
  🌐 [bn] #26... ✅ (119 字符)
  🌐 [ja] #27... ✅ (23 字符)
  🌐 [ja] #28... ✅ (21 字符)
  🌐 [ja] #29... ✅ (9 字符)
  🌐 [ja] #30... ✅ (23 字符)
  🌐 [ja] #31... ✅ (21 字符)
  🌐 [ja] #32... ✅ (47 字符)
  🌐 [ja] #33... ✅ (10 字符)
  🌐 [ja] #34... ✅ (7 字符)
  🌐 [ja] #38... ✅ (45 字符)
  🌐 [bn] #38... ✅ (129 字符)
  🌐 [ja] #39... ✅ (10 字符)
  🌐 [ja] #40... ✅ (43 字符)
  🌐 [ja] #41... ✅ (22 字符)
  🌐 [ja] #42... ✅ (56 字符)
  🌐 [bn] #42... ✅ (140 字符)
  🌐 [ja] #43... ✅ (5 字符)
  🌐 [ja] #44... ✅ (33 字符)
  🌐 [ja] #45... ✅ (33 字符)
  🌐 [ja] #46... ✅ (30 字符)
  🌐 [bn] #46... ✅ (72 字符)
  🌐 [ja] #47... ✅ (15 字符)
  🌐 [ja] #48... ✅ (55 字符)
  🌐 [bn] #51... ✅ (3 字符)
  💾 已保存: +50

[5/300] the-3-best-predictors-of-how-well-youll-age-juulia-jylhv
  待翻译: 21 条
  🌐 [mn] #6... ❌ 失败
  🌐 [mn] #8... ❌ 失败
  🌐 [mn] #10... ✅ (135 字符)
  🌐 [ko] #13... ✅ (75 字符)
  🌐 [ja] #18... ✅ (53 字符)
  🌐 [ko] #18... ✅ (57 字符)
  🌐 [mn] #21... ✅ (141 字符)
  🌐 [mn] #24... ✅ (120 字符)
  🌐 [mn] #25... ✅ (150 字符)
  🌐 [mn] #26... ✅ (65 字符)
  🌐 [mn] #27... ❌ 失败
  🌐 [bn] #28... ✅ (252 字符)
  🌐 [mn] #31... ✅ (86 字符)
  🌐 [mn] #33... ✅ (175 字符)
  🌐 [ko] #36... ✅ (36 字符)
  🌐 [mn] #37... ✅ (151 字符)
  🌐 [mn] #38... ✅ (101 字符)
  🌐 [ja] #39... ✅ (18 字符)
  🌐 [ko] #39... ✅ (10 字符)
  🌐 [bn] #39... ✅ (24 字符)
  🌐 [mn] #39... ✅ (17 字符)
  💾 已保存: +18

[6/300] the-viking
  待翻译: 57 条
  🌐 [ja] #2... ✅ (40 字符)
  🌐 [ja] #3... ✅ (59 字符)
  🌐 [bn] #3... ✅ (141 字符)
  🌐 [mn] #3... ✅ (118 字符)
  🌐 [ja] #4... ✅ (19 字符)
  🌐 [ja] #5... ✅ (31 字符)
  🌐 [mn] #5... ✅ (76 字符)
  🌐 [ja] #6... ✅ (26 字符)
  🌐 [mn] #6... ✅ (63 字符)
  🌐 [ja] #7... ✅ (48 字符)
  🌐 [bn] #7... ✅ (117 字符)
  🌐 [ja] #8... ✅ (33 字符)
  🌐 [mn] #8... ✅ (81 字符)
  🌐 [ja] #9... ✅ (45 字符)
  🌐 [ja] #10... ✅ (42 字符)
  🌐 [ko] #10... ✅ (43 字符)
  🌐 [bn] #10... ✅ (68 字符)
  🌐 [mn] #10... ✅ (102 字符)
  🌐 [ja] #11... ✅ (36 字符)
  🌐 [ko] #11... ✅ (50 字符)
  🌐 [bn] #11... ✅ (65 字符)
  🌐 [ja] #12... ✅ (42 字符)
  🌐 [ko] #12... ✅ (43 字符)
  🌐 [bn] #12... ✅ (87 字符)
  🌐 [ja] #13... ✅ (33 字符)
  🌐 [bn] #13... ✅ (92 字符)
  🌐 [ja] #14... ✅ (15 字符)
  🌐 [ja] #15... ✅ (50 字符)
  🌐 [ja] #16... ✅ (33 字符)
  🌐 [ko] #16... ✅ (42 字符)
  🌐 [mn] #16... ✅ (60 字符)
  🌐 [ja] #17... ✅ (26 字符)
  🌐 [bn] #17... ✅ (59 字符)
  🌐 [ja] #18... ✅ (61 字符)
  🌐 [ko] #18... ✅ (66 字符)
  🌐 [bn] #18... ✅ (134 字符)
  🌐 [ja] #19... ✅ (32 字符)
  🌐 [ko] #19... ✅ (37 字符)
  🌐 [mn] #19... ✅ (74 字符)
  🌐 [ja] #20... ✅ (24 字符)
  🌐 [ja] #21... ✅ (31 字符)
  🌐 [ko] #21... ✅ (43 字符)
  🌐 [mn] #21... ✅ (86 字符)
  🌐 [ja] #22... ✅ (28 字符)
  🌐 [ja] #23... ✅ (35 字符)
  🌐 [bn] #23... ✅ (54 字符)
  🌐 [ja] #24... ✅ (36 字符)
  🌐 [ja] #25... ✅ (41 字符)
  🌐 [bn] #25... ✅ (82 字符)
  🌐 [mn] #25... ✅ (81 字符)
  🌐 [ja] #26... ✅ (51 字符)
  🌐 [bn] #26... ✅ (115 字符)
  🌐 [ja] #27... ✅ (26 字符)
  🌐 [ko] #27... ✅ (22 字符)
  🌐 [mn] #27... ✅ (48 字符)
  🌐 [ja] #28... ✅ (36 字符)
  🌐 [ja] #29... ✅ (33 字符)
  💾 已保存: +57

[7/300] cam-12-academic-listening-test-1-part-4
  待翻译: 26 条
  🌐 [bn] #1... ✅ (74 字符)
  🌐 [bn] #2... ✅ (84 字符)
  🌐 [bn] #8... ✅ (163 字符)
  🌐 [bn] #12... ✅ (191 字符)
  🌐 [mn] #12... ✅ (93 字符)
  🌐 [bn] #13... ✅ (79 字符)
  🌐 [mn] #18... ❌ 失败
  🌐 [bn] #23... ✅ (129 字符)
  🌐 [bn] #25... ✅ (67 字符)
  🌐 [bn] #26... ✅ (29 字符)
  🌐 [bn] #28... ✅ (90 字符)
  🌐 [mn] #28... ❌ 失败
  🌐 [bn] #29... ✅ (69 字符)
  🌐 [ko] #30... ✅ (59 字符)
  🌐 [bn] #31... ✅ (106 字符)
  🌐 [mn] #31... ✅ (86 字符)
  🌐 [bn] #32... ✅ (85 字符)
  🌐 [bn] #34... ✅ (127 字符)
  🌐 [bn] #36... ✅ (74 字符)
  🌐 [bn] #40... ✅ (95 字符)
  🌐 [bn] #42... ✅ (117 字符)
  🌐 [bn] #44... ✅ (153 字符)
  🌐 [mn] #44... ❌ 失败
  🌐 [mn] #48... ✅ (141 字符)
  🌐 [bn] #50... ✅ (175 字符)
  🌐 [mn] #50... ❌ 失败
  💾 已保存: +22

[8/300] cam-19-academic-listening-test-3-part-2
  待翻译: 4 条
  🌐 [ja] #4... ✅ (62 字符)
  🌐 [ja] #7... ✅ (44 字符)
  🌐 [mn] #9... ✅ (116 字符)
  🌐 [mn] #23... ✅ (114 字符)
  💾 已保存: +4

[9/300] april-fools-day-joke-english-conversation
  待翻译: 8 条
  🌐 [mn] #2... ✅ (10 字符)
  🌐 [bn] #3... ✅ (14 字符)
  🌐 [bn] #6... ✅ (7 字符)
  🌐 [mn] #23... ✅ (73 字符)
  🌐 [ko] #25... ✅ (17 字符)
  🌐 [mn] #25... ✅ (36 字符)
  🌐 [ko] #27... ✅ (14 字符)
  🌐 [ko] #41... ✅ (9 字符)
  💾 已保存: +8

[10/300] jessicas-first-day-of-school
  待翻译: 5 条
  🌐 [mn] #9... ❌ 失败
  🌐 [bn] #11... ✅ (8 字符)
  🌐 [mn] #22... ✅ (38 字符)
  🌐 [bn] #24... ✅ (35 字符)
  🌐 [mn] #24... ✅ (53 字符)
  💾 已保存: +4

================================================================================
📊 进度统计 [10/300]
  已完成: 206 / 13,296 (1%)
  速度: 0.2 条/秒
  预计剩余: 16.6 小时
================================================================================

[11/300] cam-17-academic-listening-test-4-part-1
  待翻译: 61 条
  🌐 [ja] #2... ✅ (39 字符)
  🌐 [ja] #4... ✅ (35 字符)
  🌐 [bn] #4... ❌ 失败
  🌐 [ja] #5... ✅ (34 字符)
  🌐 [ja] #6... ✅ (31 字符)
  🌐 [ko] #7... ✅ (16 字符)
  🌐 [ja] #8... ✅ (13 字符)
  🌐 [ja] #9... ✅ (41 字符)
  🌐 [ja] #10... ✅ (5 字符)
  🌐 [ja] #11... ✅ (33 字符)
  🌐 [mn] #11... ✅ (59 字符)
  🌐 [ja] #12... ✅ (21 字符)
  🌐 [ja] #13... ✅ (26 字符)
  🌐 [ja] #14... ✅ (13 字符)
  🌐 [ja] #15... ✅ (37 字符)
  🌐 [ja] #17... ✅ (16 字符)
  🌐 [ko] #17... ✅ (20 字符)
  🌐 [bn] #17... ✅ (56 字符)
  🌐 [mn] #17... ✅ (57 字符)
  🌐 [ja] #18... ✅ (34 字符)
  🌐 [ja] #19... ✅ (26 字符)
  🌐 [ja] #20... ✅ (47 字符)
  🌐 [mn] #20... ✅ (92 字符)
  🌐 [ja] #21... ✅ (27 字符)
  🌐 [bn] #21... ✅ (61 字符)
  🌐 [mn] #21... ✅ (70 字符)
  🌐 [ja] #22... ✅ (56 字符)
  🌐 [ja] #23... ✅ (34 字符)
  🌐 [ko] #23... ✅ (27 字符)
  🌐 [mn] #23... ✅ (41 字符)
  🌐 [ja] #24... ✅ (21 字符)
  🌐 [ja] #25... ✅ (38 字符)
  🌐 [ja] #26... ✅ (24 字符)
  🌐 [ja] #27... ✅ (35 字符)
  🌐 [mn] #27... ✅ (67 字符)
  🌐 [ja] #28... ✅ (54 字符)
  🌐 [mn] #28... ✅ (105 字符)
  🌐 [ja] #29... ✅ (17 字符)
  🌐 [mn] #29... ✅ (42 字符)
  🌐 [ja] #30... ✅ (52 字符)
  🌐 [ja] #31... ✅ (72 字符)
  🌐 [mn] #31... ✅ (148 字符)
  🌐 [ja] #32... ✅ (35 字符)
  🌐 [ja] #33... ✅ (29 字符)
  🌐 [mn] #33... ❌ 失败
  🌐 [ja] #34... ✅ (30 字符)
  🌐 [ja] #35... ✅ (27 字符)
  🌐 [ja] #36... ✅ (53 字符)
  🌐 [ko] #36... ✅ (58 字符)
  🌐 [mn] #36... ✅ (65 字符)
  🌐 [ja] #37... ✅ (26 字符)
  🌐 [ja] #38... ✅ (40 字符)
  🌐 [mn] #38... ✅ (110 字符)
  🌐 [ja] #39... ✅ (28 字符)
  🌐 [ja] #40... ✅ (39 字符)
  🌐 [ja] #41... ✅ (63 字符)
  🌐 [ja] #42... ✅ (18 字符)
  🌐 [mn] #42... ✅ (43 字符)
  🌐 [ja] #43... ✅ (46 字符)
  🌐 [ja] #44... ✅ (36 字符)
  🌐 [ja] #45... ✅ (22 字符)
  💾 已保存: +59

[12/300] cam-15-academic-listening-test-4-part-4
  待翻译: 34 条
  🌐 [mn] #2... ✅ (77 字符)
  🌐 [ko] #3... ✅ (66 字符)
  🌐 [mn] #4... ❌ 失败
  🌐 [mn] #5... ✅ (121 字符)
  🌐 [mn] #6... ✅ (224 字符)
  🌐 [mn] #9... ✅ (78 字符)
  🌐 [ja] #10... ✅ (36 字符)
  🌐 [ko] #10... ✅ (40 字符)
  🌐 [mn] #10... ❌ 失败
  🌐 [ko] #11... ✅ (33 字符)
  🌐 [mn] #12... ✅ (114 字符)
  🌐 [mn] #13... ❌ 失败
  🌐 [bn] #14... ✅ (136 字符)
  🌐 [mn] #15... ✅ (141 字符)
  🌐 [mn] #16... ✅ (71 字符)
  🌐 [bn] #18... ✅ (183 字符)
  🌐 [mn] #18... ❌ 失败
  🌐 [ja] #19... ✅ (21 字符)
  🌐 [ko] #19... ✅ (20 字符)
  🌐 [bn] #20... ✅ (165 字符)
  🌐 [ko] #22... ✅ (107 字符)
  🌐 [mn] #24... ✅ (94 字符)
  🌐 [ko] #26... ✅ (80 字符)
  🌐 [bn] #26... ✅ (186 字符)
  🌐 [mn] #26... ✅ (149 字符)
  🌐 [mn] #28... ✅ (120 字符)
  🌐 [ko] #29... ✅ (70 字符)
  🌐 [bn] #29... ✅ (119 字符)
  🌐 [mn] #30... ✅ (51 字符)
  🌐 [ja] #31... ✅ (39 字符)
  🌐 [ko] #31... ✅ (47 字符)
  🌐 [mn] #31... ✅ (78 字符)
  🌐 [ko] #32... ✅ (36 字符)
  🌐 [mn] #34... ❌ 失败
  💾 已保存: +29

[13/300] empty-your-mind-a-powerful-motivational-story-for-your-life
  待翻译: 33 条
  🌐 [mn] #5... ❌ 失败
  🌐 [mn] #7... ✅ (51 字符)
  🌐 [mn] #11... ✅ (58 字符)
  🌐 [mn] #14... ✅ (117 字符)
  🌐 [bn] #19... ✅ (55 字符)
  🌐 [mn] #24... ✅ (40 字符)
  🌐 [ko] #26... ✅ (16 字符)
  🌐 [ko] #27... ✅ (15 字符)
  🌐 [mn] #28... ✅ (22 字符)
  🌐 [ko] #29... ✅ (35 字符)
  🌐 [mn] #29... ✅ (102 字符)
  🌐 [bn] #35... ✅ (48 字符)
  🌐 [mn] #36... ✅ (43 字符)
  🌐 [ko] #39... ✅ (20 字符)
  🌐 [mn] #39... ✅ (55 字符)
  🌐 [mn] #40... ❌ 失败
  🌐 [mn] #43... ❌ 失败
  🌐 [ja] #48... ✅ (27 字符)
  🌐 [ko] #48... ✅ (29 字符)
  🌐 [ko] #51... ✅ (19 字符)
  🌐 [mn] #55... ✅ (48 字符)
  🌐 [mn] #58... ✅ (33 字符)
  🌐 [ko] #59... ✅ (23 字符)
  🌐 [mn] #59... ✅ (49 字符)
  🌐 [ko] #61... ✅ (20 字符)
  🌐 [bn] #62... ✅ (96 字符)
  🌐 [mn] #66... ✅ (40 字符)
  🌐 [mn] #68... ✅ (46 字符)
  🌐 [mn] #69... ✅ (28 字符)
  🌐 [bn] #71... ✅ (44 字符)
  🌐 [mn] #74... ✅ (25 字符)
  🌐 [mn] #82... ❌ 失败
  🌐 [mn] #83... ✅ (120 字符)
  💾 已保存: +29

[14/300] cam-14-academic-listening-test-2-part-2
  待翻译: 27 条
  🌐 [bn] #2... ✅ (107 字符)
  🌐 [mn] #3... ✅ (76 字符)
  🌐 [mn] #4... ✅ (123 字符)
  🌐 [ko] #7... ✅ (58 字符)
  🌐 [mn] #7... ❌ 失败
  🌐 [mn] #8... ✅ (74 字符)
  🌐 [ko] #9... ✅ (36 字符)
  🌐 [mn] #12... ✅ (109 字符)
  🌐 [mn] #13... ✅ (30 字符)
  🌐 [bn] #14... ✅ (120 字符)
  🌐 [bn] #15... ✅ (133 字符)
  🌐 [ja] #16... ✅ (55 字符)
  🌐 [mn] #16... ✅ (148 字符)
  🌐 [mn] #20... ✅ (143 字符)
  🌐 [ko] #21... ✅ (56 字符)
  🌐 [bn] #21... ✅ (117 字符)
  🌐 [mn] #21... ✅ (137 字符)
  🌐 [bn] #22... ✅ (137 字符)
  🌐 [mn] #22... ✅ (164 字符)
  🌐 [ja] #23... ✅ (20 字符)
  🌐 [mn] #24... ✅ (140 字符)
  🌐 [mn] #27... ✅ (75 字符)
  🌐 [ko] #29... ✅ (32 字符)
  🌐 [bn] #31... ✅ (110 字符)
  🌐 [mn] #32... ✅ (131 字符)
  🌐 [bn] #35... ✅ (141 字符)
  🌐 [mn] #39... ✅ (109 字符)
  💾 已保存: +26

[15/300] ice-hockey
  待翻译: 47 条
  🌐 [ja] #2... ✅ (33 字符)
  🌐 [ja] #3... ✅ (41 字符)
  🌐 [ja] #4... ✅ (45 字符)
  🌐 [ja] #5... ✅ (37 字符)
  🌐 [ja] #6... ✅ (30 字符)
  🌐 [bn] #6... ✅ (58 字符)
  🌐 [ja] #7... ✅ (25 字符)
  🌐 [mn] #7... ✅ (73 字符)
  🌐 [ja] #8... ✅ (41 字符)
  🌐 [ko] #8... ✅ (54 字符)
  🌐 [ja] #9... ✅ (41 字符)
  🌐 [bn] #9... ✅ (109 字符)
  🌐 [mn] #9... ✅ (145 字符)
  🌐 [ja] #10... ✅ (23 字符)
  🌐 [ja] #11... ✅ (31 字符)
  🌐 [ja] #12... ✅ (32 字符)
  🌐 [mn] #12... ✅ (84 字符)
  🌐 [ja] #13... ✅ (35 字符)
  🌐 [ja] #14... ✅ (25 字符)
  🌐 [ja] #15... ✅ (43 字符)
  🌐 [mn] #15... ❌ 失败
  🌐 [ja] #16... ✅ (34 字符)
  🌐 [ja] #17... ✅ (48 字符)
  🌐 [ja] #18... ✅ (11 字符)
  🌐 [ja] #19... ✅ (41 字符)
  🌐 [bn] #19... ✅ (81 字符)
  🌐 [ja] #20... ✅ (36 字符)
  🌐 [mn] #20... ✅ (84 字符)
  🌐 [ja] #21... ✅ (22 字符)
  🌐 [bn] #21... ✅ (41 字符)
  🌐 [ja] #22... ✅ (31 字符)
  🌐 [ja] #23... ✅ (16 字符)
  🌐 [ja] #24... ✅ (37 字符)
  🌐 [mn] #24... ✅ (32 字符)
  🌐 [ja] #25... ✅ (56 字符)
  🌐 [ko] #25... ✅ (50 字符)
  🌐 [mn] #25... ✅ (94 字符)
  🌐 [ja] #26... ✅ (32 字符)
  🌐 [mn] #26... ✅ (56 字符)
  🌐 [ja] #27... ✅ (17 字符)
  🌐 [ja] #28... ✅ (24 字符)
  🌐 [ja] #29... ✅ (37 字符)
  🌐 [mn] #29... ✅ (73 字符)
  🌐 [ja] #30... ✅ (40 字符)
  🌐 [ja] #31... ✅ (54 字符)
  🌐 [bn] #31... ✅ (107 字符)
  🌐 [mn] #31... ✅ (110 字符)
  💾 已保存: +46

[16/300] cam-14-academic-listening-test-4-part-3
  待翻译: 83 条
  🌐 [ja] #2... ✅ (45 字符)
  🌐 [ja] #3... ✅ (42 字符)
  🌐 [mn] #3... ❌ 失败
  🌐 [ja] #4... ✅ (36 字符)
  🌐 [ja] #5... ✅ (33 字符)
  🌐 [ja] #6... ✅ (35 字符)
  🌐 [ja] #7... ✅ (47 字符)
  🌐 [ja] #8... ✅ (44 字符)
  🌐 [ja] #9... ✅ (35 字符)
  🌐 [ko] #9... ✅ (38 字符)
  🌐 [mn] #9... ✅ (83 字符)
  🌐 [ja] #10... ✅ (67 字符)
  🌐 [mn] #10... ❌ 失败
  🌐 [ja] #11... ✅ (7 字符)
  🌐 [ja] #12... ✅ (26 字符)
  🌐 [ko] #12... ✅ (28 字符)
  🌐 [ja] #13... ✅ (31 字符)
  🌐 [ko] #13... ✅ (37 字符)
  🌐 [ja] #14... ✅ (25 字符)
  🌐 [ja] #15... ✅ (41 字符)
  🌐 [ko] #15... ✅ (67 字符)
  🌐 [bn] #15... ✅ (105 字符)
  🌐 [mn] #15... ✅ (117 字符)
  🌐 [ja] #16... ✅ (34 字符)
  🌐 [mn] #16... ✅ (58 字符)
  🌐 [ja] #17... ✅ (37 字符)
  🌐 [mn] #17... ✅ (92 字符)
  🌐 [ja] #18... ✅ (38 字符)
  🌐 [ja] #19... ✅ (53 字符)
  🌐 [bn] #19... ✅ (109 字符)
  🌐 [ja] #20... ✅ (16 字符)
  🌐 [ja] #21... ✅ (43 字符)
  🌐 [mn] #21... ✅ (128 字符)
  🌐 [ja] #22... ✅ (18 字符)
  🌐 [ja] #23... ✅ (54 字符)
  🌐 [mn] #23... ✅ (126 字符)
  🌐 [ja] #24... ✅ (35 字符)
  🌐 [ko] #24... ✅ (55 字符)
  🌐 [bn] #24... ✅ (124 字符)
  🌐 [ja] #25... ✅ (40 字符)
  🌐 [ja] #26... ✅ (50 字符)
  🌐 [ko] #26... ✅ (57 字符)
  🌐 [bn] #26... ✅ (118 字符)
  🌐 [ja] #27... ✅ (26 字符)
  🌐 [ja] #28... ✅ (40 字符)
  🌐 [ja] #29... ✅ (37 字符)
  🌐 [ja] #31... ✅ (62 字符)
  🌐 [ja] #32... ✅ (27 字符)
  🌐 [ja] #33... ✅ (27 字符)
  🌐 [mn] #33... ✅ (52 字符)
  🌐 [ja] #34... ✅ (31 字符)
  🌐 [ja] #35... ✅ (4 字符)
  🌐 [bn] #35... ✅ (13 字符)
  🌐 [ja] #36... ✅ (36 字符)
  🌐 [ko] #36... ✅ (35 字符)
  🌐 [ja] #37... ✅ (41 字符)
  🌐 [ja] #38... ✅ (35 字符)
  🌐 [ja] #39... ✅ (51 字符)
  🌐 [ko] #39... ✅ (60 字符)
  🌐 [ja] #41... ✅ (11 字符)
  🌐 [ja] #42... ✅ (27 字符)
  🌐 [bn] #42... ✅ (59 字符)
  🌐 [ja] #43... ✅ (76 字符)
  🌐 [ko] #43... ✅ (80 字符)
  🌐 [bn] #43... ✅ (149 字符)
  🌐 [ja] #44... ✅ (15 字符)
  🌐 [ja] #45... ✅ (29 字符)
  🌐 [ja] #46... ✅ (36 字符)
  🌐 [ko] #46... ✅ (39 字符)
  🌐 [ja] #47... ✅ (31 字符)
  🌐 [ja] #48... ✅ (32 字符)
  🌐 [ja] #49... ✅ (23 字符)
  🌐 [ko] #49... ✅ (36 字符)
  🌐 [ja] #50... ✅ (71 字符)
  🌐 [ja] #51... ✅ (35 字符)
  🌐 [ko] #51... ✅ (67 字符)
  🌐 [ja] #52... ✅ (11 字符)
  🌐 [ja] #53... ✅ (61 字符)
  🌐 [ja] #54... ✅ (15 字符)
  🌐 [ja] #55... ✅ (15 字符)
  🌐 [ja] #56... ✅ (22 字符)
  🌐 [ja] #57... ✅ (18 字符)
  🌐 [ja] #58... ✅ (19 字符)
  💾 已保存: +81

[17/300] canada-provinces-and-territories
  待翻译: 18 条
  🌐 [ja] #9... ✅ (47 字符)
  🌐 [ko] #9... ✅ (52 字符)
  🌐 [ko] #12... ✅ (38 字符)
  🌐 [mn] #12... ✅ (112 字符)
  🌐 [mn] #14... ✅ (46 字符)
  🌐 [mn] #15... ❌ 失败
  🌐 [mn] #18... ✅ (115 字符)
  🌐 [mn] #24... ❌ 失败
  🌐 [mn] #26... ✅ (104 字符)
  🌐 [ko] #27... ✅ (25 字符)
  🌐 [bn] #27... ✅ (84 字符)
  🌐 [ko] #28... ✅ (14 字符)
  🌐 [mn] #28... ✅ (54 字符)
  🌐 [ja] #33... ✅ (17 字符)
  🌐 [ko] #33... ✅ (22 字符)
  🌐 [ja] #34... ✅ (29 字符)
  🌐 [ko] #34... ✅ (43 字符)
  🌐 [mn] #39... ✅ (48 字符)
  💾 已保存: +16

[18/300] my-house
  待翻译: 2 条
  🌐 [mn] #7... ❌ 失败
  🌐 [ko] #18... ✅ (16 字符)
  💾 已保存: +1

[19/300] what-time-is-it-time-for-breakfast
  待翻译: 1 条
  🌐 [bn] #16... ✅ (5 字符)
  💾 已保存: +1

[20/300] your-struggle-is-your-power-the-seed-that-never-gave-up-life
  待翻译: 4 条
  🌐 [mn] #1... ❌ 失败
  🌐 [mn] #16... ✅ (89 字符)
  🌐 [mn] #21... ✅ (116 字符)
  🌐 [mn] #48... ✅ (77 字符)
  💾 已保存: +3

================================================================================
📊 进度统计 [20/300]
  已完成: 497 / 13,296 (3%)
  速度: 0.2 条/秒
  预计剩余: 14.7 小时
================================================================================

Traceback (most recent call last):
  File "/Users/a/dictation/scripts/fill_priority_languages.py", line 339, in <module>
    main()
    ~~~~^^
  File "/Users/a/dictation/scripts/fill_priority_languages.py", line 261, in main
    print(f"[{mat_idx}/{len(materials_to_process)}] {slug[:60]}")
                                                     ~~~~^^^^^
TypeError: 'NoneType' object is not subscriptable
