================================================================================
🤖 自动监控系统启动 - 2026-04-04 09:24:07
================================================================================
监控间隔: 7200 秒 (2 小时)

--------------------------------------------------------------------------------
📊 监控周期 #246564 - 2026-04-04 09:24:07
--------------------------------------------------------------------------------

【1️⃣ 进程状态】
✅ 翻译进程运行中
  PID: 3165 | CPU: 0.2% | MEM: 0.3%

【2️⃣ 最新进度】
[09:23:48]   进度: 60/77, 成功: 455, 失败: 7

【3️⃣ 拦截统计】
  累计拦截: 0
0 次
scripts/auto_monitor.sh: line 40: [: 0
0: integer expression expected

【4️⃣ 翻译质量抽样】
Traceback (most recent call last):
  File "<stdin>", line 18, in <module>
TypeError: 'SyncSelectRequestBuilder' object is not callable

【5️⃣ 成功率统计】
  [09:23:48]   进度: 60/77, 成功: 455, 失败: 7
grep: invalid option -- P
usage: grep [-abcdDEFGHhIiJLlMmnOopqRSsUVvwXxZz] [-A num] [-B num] [-C[num]]
	[-e pattern] [-f file] [--binary-files=value] [--color=when]
	[--context[=num]] [--directories=action] [--label] [--line-buffered]
	[--null] [pattern] [file ...]
grep: invalid option -- P
usage: grep [-abcdDEFGHhIiJLlMmnOopqRSsUVvwXxZz] [-A num] [-B num] [-C[num]]
	[-e pattern] [-f file] [--binary-files=value] [--color=when]
	[--context[=num]] [--directories=action] [--label] [--line-buffered]
	[--null] [pattern] [file ...]

✅ 本轮监控完成，等待下一轮...
date: illegal option -- d
usage: date [-jnRu] [-I[date|hours|minutes|seconds|ns]] [-f input_fmt]
            [ -z output_zone ] [-r filename|seconds] [-v[+|-]val[y|m|w|d|H|M|S]]
            [[[[mm]dd]HH]MM[[cc]yy][.SS] | new_date] [+output_fmt]
下一轮时间: 

--------------------------------------------------------------------------------
📊 监控周期 #246566 - 2026-04-04 13:08:35
--------------------------------------------------------------------------------

【1️⃣ 进程状态】
✅ 翻译进程运行中
  PID: 3165 | CPU: 0.0% | MEM: 0.4%

【2️⃣ 最新进度】
[13:07:35]   ✅ Group A 完成: 成功 55, 失败 3，已保存

【3️⃣ 拦截统计】
  累计拦截: 0
0 次
scripts/auto_monitor.sh: line 40: [: 0
0: integer expression expected

【4️⃣ 翻译质量抽样】
Traceback (most recent call last):
  File "<stdin>", line 18, in <module>
TypeError: 'SyncSelectRequestBuilder' object is not callable

【5️⃣ 成功率统计】
  [13:07:22]   进度: 40/44, 成功: 51, 失败: 3
grep: invalid option -- P
usage: grep [-abcdDEFGHhIiJLlMmnOopqRSsUVvwXxZz] [-A num] [-B num] [-C[num]]
	[-e pattern] [-f file] [--binary-files=value] [--color=when]
	[--context[=num]] [--directories=action] [--label] [--line-buffered]
	[--null] [pattern] [file ...]
grep: invalid option -- P
usage: grep [-abcdDEFGHhIiJLlMmnOopqRSsUVvwXxZz] [-A num] [-B num] [-C[num]]
	[-e pattern] [-f file] [--binary-files=value] [--color=when]
	[--context[=num]] [--directories=action] [--label] [--line-buffered]
	[--null] [pattern] [file ...]

✅ 本轮监控完成，等待下一轮...
date: illegal option -- d
usage: date [-jnRu] [-I[date|hours|minutes|seconds|ns]] [-f input_fmt]
            [ -z output_zone ] [-r filename|seconds] [-v[+|-]val[y|m|w|d|H|M|S]]
            [[[[mm]dd]HH]MM[[cc]yy][.SS] | new_date] [+output_fmt]
下一轮时间: 

--------------------------------------------------------------------------------
📊 监控周期 #246568 - 2026-04-04 16:51:53
--------------------------------------------------------------------------------

【1️⃣ 进程状态】
✅ 翻译进程运行中
  PID: 3165 | CPU: 0.0% | MEM: 0.3%

【2️⃣ 最新进度】
[16:50:50]   进度: 20/47, 成功: 25, 失败: 0

【3️⃣ 拦截统计】
  累计拦截: 0
0 次
scripts/auto_monitor.sh: line 40: [: 0
0: integer expression expected

【4️⃣ 翻译质量抽样】
Traceback (most recent call last):
  File "<stdin>", line 18, in <module>
TypeError: 'SyncSelectRequestBuilder' object is not callable

【5️⃣ 成功率统计】
  [16:50:50]   进度: 20/47, 成功: 25, 失败: 0
grep: invalid option -- P
usage: grep [-abcdDEFGHhIiJLlMmnOopqRSsUVvwXxZz] [-A num] [-B num] [-C[num]]
	[-e pattern] [-f file] [--binary-files=value] [--color=when]
	[--context[=num]] [--directories=action] [--label] [--line-buffered]
	[--null] [pattern] [file ...]
grep: invalid option -- P
usage: grep [-abcdDEFGHhIiJLlMmnOopqRSsUVvwXxZz] [-A num] [-B num] [-C[num]]
	[-e pattern] [-f file] [--binary-files=value] [--color=when]
	[--context[=num]] [--directories=action] [--label] [--line-buffered]
	[--null] [pattern] [file ...]

✅ 本轮监控完成，等待下一轮...
date: illegal option -- d
usage: date [-jnRu] [-I[date|hours|minutes|seconds|ns]] [-f input_fmt]
            [ -z output_zone ] [-r filename|seconds] [-v[+|-]val[y|m|w|d|H|M|S]]
            [[[[mm]dd]HH]MM[[cc]yy][.SS] | new_date] [+output_fmt]
下一轮时间: 

--------------------------------------------------------------------------------
📊 监控周期 #246570 - 2026-04-04 20:40:44
--------------------------------------------------------------------------------

【1️⃣ 进程状态】
✅ 翻译进程运行中
  PID: 3165 | CPU: 0.0% | MEM: 0.2%

【2️⃣ 最新进度】
[20:40:11]   进度: 25/36, 成功: 200, 失败: 0

【3️⃣ 拦截统计】
  累计拦截: 0
0 次
scripts/auto_monitor.sh: line 40: [: 0
0: integer expression expected

【4️⃣ 翻译质量抽样】
Traceback (most recent call last):
  File "<stdin>", line 18, in <module>
TypeError: 'SyncSelectRequestBuilder' object is not callable

【5️⃣ 成功率统计】
  [20:40:11]   进度: 25/36, 成功: 200, 失败: 0
grep: invalid option -- P
usage: grep [-abcdDEFGHhIiJLlMmnOopqRSsUVvwXxZz] [-A num] [-B num] [-C[num]]
	[-e pattern] [-f file] [--binary-files=value] [--color=when]
	[--context[=num]] [--directories=action] [--label] [--line-buffered]
	[--null] [pattern] [file ...]
grep: invalid option -- P
usage: grep [-abcdDEFGHhIiJLlMmnOopqRSsUVvwXxZz] [-A num] [-B num] [-C[num]]
	[-e pattern] [-f file] [--binary-files=value] [--color=when]
	[--context[=num]] [--directories=action] [--label] [--line-buffered]
	[--null] [pattern] [file ...]

✅ 本轮监控完成，等待下一轮...
date: illegal option -- d
usage: date [-jnRu] [-I[date|hours|minutes|seconds|ns]] [-f input_fmt]
            [ -z output_zone ] [-r filename|seconds] [-v[+|-]val[y|m|w|d|H|M|S]]
            [[[[mm]dd]HH]MM[[cc]yy][.SS] | new_date] [+output_fmt]
下一轮时间: 

--------------------------------------------------------------------------------
📊 监控周期 #246572 - 2026-04-05 00:18:13
--------------------------------------------------------------------------------

【1️⃣ 进程状态】
✅ 翻译进程运行中
  PID: 3165 | CPU: 0.0% | MEM: 0.2%

【2️⃣ 最新进度】
[00:14:57]   进度: 5/41, 成功: 40, 失败: 0

【3️⃣ 拦截统计】
  累计拦截: 0
0 次
scripts/auto_monitor.sh: line 40: [: 0
0: integer expression expected

【4️⃣ 翻译质量抽样】
Traceback (most recent call last):
  File "<stdin>", line 18, in <module>
TypeError: 'SyncSelectRequestBuilder' object is not callable

【5️⃣ 成功率统计】
  [00:14:57]   进度: 5/41, 成功: 40, 失败: 0
grep: invalid option -- P
usage: grep [-abcdDEFGHhIiJLlMmnOopqRSsUVvwXxZz] [-A num] [-B num] [-C[num]]
	[-e pattern] [-f file] [--binary-files=value] [--color=when]
	[--context[=num]] [--directories=action] [--label] [--line-buffered]
	[--null] [pattern] [file ...]
grep: invalid option -- P
usage: grep [-abcdDEFGHhIiJLlMmnOopqRSsUVvwXxZz] [-A num] [-B num] [-C[num]]
	[-e pattern] [-f file] [--binary-files=value] [--color=when]
	[--context[=num]] [--directories=action] [--label] [--line-buffered]
	[--null] [pattern] [file ...]

✅ 本轮监控完成，等待下一轮...
date: illegal option -- d
usage: date [-jnRu] [-I[date|hours|minutes|seconds|ns]] [-f input_fmt]
            [ -z output_zone ] [-r filename|seconds] [-v[+|-]val[y|m|w|d|H|M|S]]
            [[[[mm]dd]HH]MM[[cc]yy][.SS] | new_date] [+output_fmt]
下一轮时间: 

--------------------------------------------------------------------------------
📊 监控周期 #246574 - 2026-04-05 04:16:15
--------------------------------------------------------------------------------

【1️⃣ 进程状态】
✅ 翻译进程运行中
  PID: 3165 | CPU: 0.0% | MEM: 0.2%

【2️⃣ 最新进度】
[04:13:33]   进度: 15/36, 成功: 119, 失败: 1

【3️⃣ 拦截统计】
  累计拦截: 0
0 次
scripts/auto_monitor.sh: line 40: [: 0
0: integer expression expected

【4️⃣ 翻译质量抽样】
Traceback (most recent call last):
  File "<stdin>", line 18, in <module>
TypeError: 'SyncSelectRequestBuilder' object is not callable

【5️⃣ 成功率统计】
  [04:13:33]   进度: 15/36, 成功: 119, 失败: 1
grep: invalid option -- P
usage: grep [-abcdDEFGHhIiJLlMmnOopqRSsUVvwXxZz] [-A num] [-B num] [-C[num]]
	[-e pattern] [-f file] [--binary-files=value] [--color=when]
	[--context[=num]] [--directories=action] [--label] [--line-buffered]
	[--null] [pattern] [file ...]
grep: invalid option -- P
usage: grep [-abcdDEFGHhIiJLlMmnOopqRSsUVvwXxZz] [-A num] [-B num] [-C[num]]
	[-e pattern] [-f file] [--binary-files=value] [--color=when]
	[--context[=num]] [--directories=action] [--label] [--line-buffered]
	[--null] [pattern] [file ...]

✅ 本轮监控完成，等待下一轮...
date: illegal option -- d
usage: date [-jnRu] [-I[date|hours|minutes|seconds|ns]] [-f input_fmt]
            [ -z output_zone ] [-r filename|seconds] [-v[+|-]val[y|m|w|d|H|M|S]]
            [[[[mm]dd]HH]MM[[cc]yy][.SS] | new_date] [+output_fmt]
下一轮时间: 

--------------------------------------------------------------------------------
📊 监控周期 #246576 - 2026-04-05 08:14:00
--------------------------------------------------------------------------------

【1️⃣ 进程状态】
✅ 翻译进程运行中
  PID: 3165 | CPU: 0.0% | MEM: 0.2%

【2️⃣ 最新进度】
[08:11:07]   进度: 10/41, 成功: 79, 失败: 1

【3️⃣ 拦截统计】
  累计拦截: 0
0 次
scripts/auto_monitor.sh: line 40: [: 0
0: integer expression expected

【4️⃣ 翻译质量抽样】
Traceback (most recent call last):
  File "<stdin>", line 18, in <module>
TypeError: 'SyncSelectRequestBuilder' object is not callable

【5️⃣ 成功率统计】
  [08:11:07]   进度: 10/41, 成功: 79, 失败: 1
grep: invalid option -- P
usage: grep [-abcdDEFGHhIiJLlMmnOopqRSsUVvwXxZz] [-A num] [-B num] [-C[num]]
	[-e pattern] [-f file] [--binary-files=value] [--color=when]
	[--context[=num]] [--directories=action] [--label] [--line-buffered]
	[--null] [pattern] [file ...]
grep: invalid option -- P
usage: grep [-abcdDEFGHhIiJLlMmnOopqRSsUVvwXxZz] [-A num] [-B num] [-C[num]]
	[-e pattern] [-f file] [--binary-files=value] [--color=when]
	[--context[=num]] [--directories=action] [--label] [--line-buffered]
	[--null] [pattern] [file ...]

✅ 本轮监控完成，等待下一轮...
date: illegal option -- d
usage: date [-jnRu] [-I[date|hours|minutes|seconds|ns]] [-f input_fmt]
            [ -z output_zone ] [-r filename|seconds] [-v[+|-]val[y|m|w|d|H|M|S]]
            [[[[mm]dd]HH]MM[[cc]yy][.SS] | new_date] [+output_fmt]
下一轮时间: 

