================================================================================
  雅思听力素材翻译 - 生产版本 v3.0
  分批翻译模式：16 语拆分为两组，每组 8 种
================================================================================
开始时间: 2026-03-30 14:12:03
API 超时: 30 秒
最大重试: 3 次
重试延迟: [1, 2, 4] 秒（指数退避）
日志文件: /Users/a/dictation/scripts/translation_batch.log
TODO 列表: /Users/a/dictation/scripts/todo_retry_list.txt
================================================================================

语言分组:
  原有 (3 种): zh, zh_hant, vi
  Group A (8 种): ar, de, es, ja, ms, ru, tr, el
  Group B (8 种): id, ko, pt, th, uk, bn, mn, hi
================================================================================
[14:12:03] 正在获取所有素材...
[14:12:07] 总共 308 个素材
================================================================================

处理素材 [1/308]: Cam 19 Academic Listening Test 3 Part 3... (cam-19-academic-listening-test-3-part-3)
  ⏭️  [ID: 902d3b35-77fe-44e2-9a3c-8d99f115ce00] Already up to date (all 19 语), skipping.

处理素材 [2/308]: Going Camping... (going-camping)
  ⏭️  [ID: 2c2b51d8-1edc-4cab-9359-561ae86509ec] Already up to date (all 19 语), skipping.

处理素材 [3/308]: My First Pet... (my-first-pet)
  ⏭️  [ID: cce96f3d-f3af-40a1-b092-622c808ca7b8] Already up to date (all 19 语), skipping.

处理素材 [4/308]: Garden... (garden)
  ⏭️  [ID: 3e928fa6-899c-46a2-978a-3ee2a0c26eb9] Already up to date (all 19 语), skipping.

处理素材 [5/308]: The Viking... (the-viking)
  ⏭️  [ID: 0fbd404f-915e-4e25-b558-2a7b19729410] Already up to date (all 19 语), skipping.

处理素材 [6/308]: Cam 17 Academic Listening Test 4 Part 2... (cam-17-academic-listening-test-4-part-2)
  ⏭️  [ID: 72144d41-d356-43c0-8f6d-00ecfcc515a6] Already up to date (all 19 语), skipping.

处理素材 [7/308]: Cam 14 Academic Listening Test 4 Part 2... (cam-14-academic-listening-test-4-part-2)
[14:12:16]   🔄 开始翻译 Group A (8 种语言)...
[14:13:12]   进度: 5/43, 成功: 40, 失败: 0
[14:14:06]   进度: 10/43, 成功: 80, 失败: 0
[14:15:22]   进度: 15/43, 成功: 120, 失败: 0
[14:16:41]   进度: 20/43, 成功: 160, 失败: 0
[14:17:52]   进度: 25/43, 成功: 200, 失败: 0
[14:19:09]   进度: 30/43, 成功: 240, 失败: 0
[14:20:30]   进度: 35/43, 成功: 280, 失败: 0
[14:21:41]   进度: 40/43, 成功: 320, 失败: 0
[14:22:22]   ✅ Group A 完成: 成功 344, 失败 0，已保存
[14:22:22]   ⏸️ 冷却 5 秒（缓解 API Rate Limit）...
[14:22:27]   🔄 开始翻译 Group B (8 种语言)...
[14:23:48]   进度: 5/43, 成功: 40, 失败: 0
[14:25:29]   进度: 10/43, 成功: 80, 失败: 0
[14:28:14]   进度: 15/43, 成功: 120, 失败: 0
[14:30:35]   进度: 20/43, 成功: 160, 失败: 0
[14:33:21]   进度: 25/43, 成功: 200, 失败: 0
[14:35:42]   进度: 30/43, 成功: 240, 失败: 0
[14:37:46]   进度: 35/43, 成功: 280, 失败: 0
[14:40:41]   进度: 40/43, 成功: 320, 失败: 0
[14:41:33]   ✅ Group B 完成: 成功 344, 失败 0，已保存
  ✅ ✓ 翻译 688 条

处理素材 [8/308]: What happens to your brain without any social contact? - Ter... (what-happens-to-your-brain-without-any-social-contact-terry-kupers)
[14:41:34]   🔄 开始翻译 Group A (8 种语言)...
[14:43:12]   进度: 5/43, 成功: 40, 失败: 0
[14:44:32]   进度: 10/43, 成功: 80, 失败: 0
[14:46:12]   进度: 15/43, 成功: 120, 失败: 0
[14:47:16]   进度: 20/43, 成功: 160, 失败: 0
[14:48:35]   进度: 25/43, 成功: 200, 失败: 0
[14:50:43]   进度: 30/43, 成功: 240, 失败: 0
[14:52:53]   进度: 35/43, 成功: 280, 失败: 0
[14:54:14]   进度: 40/43, 成功: 320, 失败: 0
[14:55:23]   ✅ Group A 完成: 成功 344, 失败 0，已保存
[14:55:23]   ⏸️ 冷却 5 秒（缓解 API Rate Limit）...
[14:55:28]   🔄 开始翻译 Group B (8 种语言)...
[14:57:44]   进度: 5/43, 成功: 40, 失败: 0
[14:59:36]   进度: 10/43, 成功: 80, 失败: 0
[15:03:03]   进度: 15/43, 成功: 120, 失败: 0
[15:05:18]   进度: 20/43, 成功: 160, 失败: 0
[15:07:22]   进度: 25/43, 成功: 200, 失败: 0
[15:10:53]   进度: 30/43, 成功: 240, 失败: 0
[15:14:44]   进度: 35/43, 成功: 280, 失败: 0
[15:17:19]   进度: 40/43, 成功: 320, 失败: 0
[15:19:06]   ✅ Group B 完成: 成功 344, 失败 0，已保存
  ✅ ✓ 翻译 688 条

处理素材 [9/308]: [Telephone Conversations] Can I Speak to Sally? - Easy Dialo... (telephone-conversations-can-i-speak-to-sally-easy-dialogue-role-play)
[15:19:08]   🔄 开始翻译 Group A (8 种语言)...
[15:20:01]   进度: 5/46, 成功: 40, 失败: 0
[15:20:33]   进度: 10/46, 成功: 80, 失败: 0
[15:21:14]   进度: 15/46, 成功: 120, 失败: 0
[15:21:58]   进度: 20/46, 成功: 160, 失败: 0
[15:22:49]   进度: 25/46, 成功: 200, 失败: 0
[15:23:25]   进度: 30/46, 成功: 240, 失败: 0
[15:24:01]   进度: 35/46, 成功: 280, 失败: 0
[15:24:45]   进度: 40/46, 成功: 320, 失败: 0
[15:25:20]   进度: 45/46, 成功: 360, 失败: 0
[15:25:32]   ✅ Group A 完成: 成功 368, 失败 0，已保存
[15:25:32]   ⏸️ 冷却 5 秒（缓解 API Rate Limit）...
[15:25:37]   🔄 开始翻译 Group B (8 种语言)...
[15:26:35]   进度: 5/46, 成功: 40, 失败: 0
[15:27:49]   进度: 10/46, 成功: 80, 失败: 0
[15:28:32]   进度: 15/46, 成功: 120, 失败: 0
[15:29:22]   进度: 20/46, 成功: 160, 失败: 0
[15:30:29]   进度: 25/46, 成功: 200, 失败: 0
[15:31:18]   进度: 30/46, 成功: 240, 失败: 0
[15:32:00]   进度: 35/46, 成功: 280, 失败: 0
[15:32:54]   进度: 40/46, 成功: 320, 失败: 0
[15:33:52]   进度: 45/46, 成功: 360, 失败: 0
[15:34:14]   ✅ Group B 完成: 成功 368, 失败 0，已保存
  ✅ ✓ 翻译 736 条

处理素材 [10/308]: The Wolf And The Lean Dog | Short Stories In English | Engli... (the-wolf-and-the-lean-dog-short-stories-in-english-english-cartoon-moral-stories-in-english)
  ⏭️  [ID: 900b42c5-2245-4600-a3d9-4afda1874894] Already up to date (all 19 语), skipping.

处理素材 [11/308]: Cam 14 Academic Listening Test 2 Part 1... (cam-14-academic-listening-test-2-part-1)
[15:34:17]   ⏸️ 冷却 5 秒（缓解 API Rate Limit）...
[15:34:22]   🔄 开始翻译 Group B (8 种语言)...
[15:35:22]   进度: 5/59, 成功: 40, 失败: 0
[15:37:30]   进度: 10/59, 成功: 80, 失败: 0
[15:38:26]   进度: 15/59, 成功: 120, 失败: 0
[15:40:22]   进度: 20/59, 成功: 160, 失败: 0
[15:42:14]   进度: 25/59, 成功: 200, 失败: 0
[15:43:44]   进度: 30/59, 成功: 240, 失败: 0
[15:45:19]   进度: 35/59, 成功: 280, 失败: 0
[15:47:10]   进度: 40/59, 成功: 320, 失败: 0
[15:48:45]   进度: 45/59, 成功: 360, 失败: 0
[15:50:47]   进度: 50/59, 成功: 400, 失败: 0
[15:52:35]   进度: 55/59, 成功: 440, 失败: 0
[15:53:48]   ✅ Group B 完成: 成功 472, 失败 0，已保存
  ✅ ✓ 翻译 472 条

处理素材 [12/308]: Cam 15 Academic Listening Test 4 Part 4... (cam-15-academic-listening-test-4-part-4)
[15:53:49]   🔄 开始翻译 Group A (8 种语言)...
[15:55:06]   进度: 5/35, 成功: 40, 失败: 0
[15:56:22]   进度: 10/35, 成功: 80, 失败: 0
[15:57:39]   进度: 15/35, 成功: 120, 失败: 0
[15:59:25]   进度: 20/35, 成功: 160, 失败: 0
[16:01:01]   进度: 25/35, 成功: 200, 失败: 0
[16:02:59]   进度: 30/35, 成功: 240, 失败: 0
[16:04:22]   进度: 35/35, 成功: 280, 失败: 0
[16:04:26]   ✅ Group A 完成: 成功 280, 失败 0，已保存
[16:04:26]   ⏸️ 冷却 5 秒（缓解 API Rate Limit）...
[16:04:31]   🔄 开始翻译 Group B (8 种语言)...
[16:06:55]   进度: 5/35, 成功: 40, 失败: 0
[16:10:02]   进度: 10/35, 成功: 80, 失败: 0
[16:12:49]   进度: 15/35, 成功: 120, 失败: 0
[16:15:32]   进度: 20/35, 成功: 160, 失败: 0
[16:17:47]   进度: 25/35, 成功: 200, 失败: 0
[16:21:21]   进度: 30/35, 成功: 240, 失败: 0
[16:23:28]   进度: 35/35, 成功: 280, 失败: 0
[16:23:32]   ✅ Group B 完成: 成功 280, 失败 0，已保存
  ✅ ✓ 翻译 560 条

处理素材 [13/308]: Cam 17 Academic Listening Test 4 Part 1... (cam-17-academic-listening-test-4-part-1)
[16:23:34]   🔄 开始翻译 Group A (8 种语言)...
[16:24:36]   进度: 5/45, 成功: 40, 失败: 0
[16:25:28]   进度: 10/45, 成功: 80, 失败: 0
[16:26:32]   进度: 15/45, 成功: 120, 失败: 0
[16:27:39]   进度: 20/45, 成功: 160, 失败: 0
[16:28:54]   进度: 25/45, 成功: 200, 失败: 0
[16:30:08]   进度: 30/45, 成功: 240, 失败: 0
[16:32:02]   进度: 35/45, 成功: 280, 失败: 0
[16:33:11]   进度: 40/45, 成功: 320, 失败: 0
[16:34:16]   进度: 45/45, 成功: 360, 失败: 0
[16:34:19]   ✅ Group A 完成: 成功 360, 失败 0，已保存
[16:34:19]   ⏸️ 冷却 5 秒（缓解 API Rate Limit）...
[16:34:24]   🔄 开始翻译 Group B (8 种语言)...
[16:36:30]   进度: 5/45, 成功: 40, 失败: 0
[16:37:48]   进度: 10/45, 成功: 80, 失败: 0
[16:39:35]   进度: 15/45, 成功: 120, 失败: 0
[16:41:51]   进度: 20/45, 成功: 160, 失败: 0
[16:44:34]   进度: 25/45, 成功: 200, 失败: 0
[16:46:23]   进度: 30/45, 成功: 240, 失败: 0
[16:49:06]   进度: 35/45, 成功: 280, 失败: 0
[16:51:16]   进度: 40/45, 成功: 320, 失败: 0
[16:53:28]   进度: 45/45, 成功: 360, 失败: 0
[16:53:32]   ✅ Group B 完成: 成功 360, 失败 0，已保存
  ✅ ✓ 翻译 720 条

处理素材 [14/308]: Cam 19 Academic Listening Test 3 Part 2... (cam-19-academic-listening-test-3-part-2)
[16:53:34]   🔄 开始翻译 Group A (8 种语言)...
[16:55:06]   进度: 5/38, 成功: 40, 失败: 0
[16:56:30]   进度: 10/38, 成功: 80, 失败: 0
[16:57:57]   进度: 15/38, 成功: 120, 失败: 0
[16:59:10]   进度: 20/38, 成功: 160, 失败: 0
[17:00:51]   进度: 25/38, 成功: 200, 失败: 0
[17:02:11]   进度: 30/38, 成功: 240, 失败: 0
[17:03:15]   进度: 35/38, 成功: 280, 失败: 0
[17:03:47]   ✅ Group A 完成: 成功 304, 失败 0，已保存
[17:03:47]   ⏸️ 冷却 5 秒（缓解 API Rate Limit）...
[17:03:52]   🔄 开始翻译 Group B (8 种语言)...
[17:06:36]   进度: 5/38, 成功: 40, 失败: 0
[17:08:58]   进度: 10/38, 成功: 80, 失败: 0
[17:11:55]   进度: 15/38, 成功: 120, 失败: 0
[17:13:44]   进度: 20/38, 成功: 160, 失败: 0
[17:16:39]   进度: 25/38, 成功: 200, 失败: 0
[17:18:50]   进度: 30/38, 成功: 240, 失败: 0
[17:21:05]   进度: 35/38, 成功: 280, 失败: 0
[17:21:54]   ✅ Group B 完成: 成功 304, 失败 0，已保存
  ✅ ✓ 翻译 608 条

处理素材 [15/308]: Ice Hockey... (ice-hockey)
[17:21:56]   🔄 开始翻译 Group A (8 种语言)...
[17:23:03]   进度: 5/31, 成功: 40, 失败: 0
[17:24:05]   进度: 10/31, 成功: 80, 失败: 0
[17:25:14]   进度: 15/31, 成功: 120, 失败: 0
[17:26:20]   进度: 20/31, 成功: 160, 失败: 0
[17:27:23]   进度: 25/31, 成功: 200, 失败: 0
[17:28:18]   进度: 30/31, 成功: 240, 失败: 0
[17:28:42]   ✅ Group A 完成: 成功 248, 失败 0，已保存
[17:28:43]   ⏸️ 冷却 5 秒（缓解 API Rate Limit）...
[17:28:48]   🔄 开始翻译 Group B (8 种语言)...
[17:30:22]   进度: 5/31, 成功: 40, 失败: 0
[17:32:41]   进度: 10/31, 成功: 80, 失败: 0
[17:34:30]   进度: 15/31, 成功: 120, 失败: 0
[17:36:12]   进度: 20/31, 成功: 160, 失败: 0
[17:38:11]   进度: 25/31, 成功: 200, 失败: 0
[17:39:50]   进度: 30/31, 成功: 240, 失败: 0
[17:40:47]   ✅ Group B 完成: 成功 248, 失败 0，已保存
  ✅ ✓ 翻译 496 条

处理素材 [16/308]: Cam 14 Academic Listening Test 2 Part 2... (cam-14-academic-listening-test-2-part-2)
[17:40:49]   🔄 开始翻译 Group A (8 种语言)...
[17:42:12]   进度: 5/42, 成功: 40, 失败: 0
[17:43:44]   进度: 10/42, 成功: 80, 失败: 0
[17:45:02]   进度: 15/42, 成功: 120, 失败: 0
[17:46:16]   进度: 20/42, 成功: 160, 失败: 0
[17:47:39]   进度: 25/42, 成功: 200, 失败: 0
[17:48:51]   进度: 30/42, 成功: 240, 失败: 0
[17:50:23]   进度: 35/42, 成功: 280, 失败: 0
[17:51:27]   进度: 40/42, 成功: 320, 失败: 0
[17:51:43]   ✅ Group A 完成: 成功 336, 失败 0，已保存
[17:51:43]   ⏸️ 冷却 5 秒（缓解 API Rate Limit）...
[17:51:48]   🔄 开始翻译 Group B (8 种语言)...
[17:54:17]   进度: 5/42, 成功: 40, 失败: 0
[17:56:26]   进度: 10/42, 成功: 80, 失败: 0
[17:58:59]   进度: 15/42, 成功: 120, 失败: 0
[18:01:20]   进度: 20/42, 成功: 160, 失败: 0
[18:04:16]   进度: 25/42, 成功: 200, 失败: 0
[18:06:15]   进度: 30/42, 成功: 240, 失败: 0
[18:08:35]   进度: 35/42, 成功: 280, 失败: 0
[18:10:03]   进度: 40/42, 成功: 320, 失败: 0
[18:10:28]   ✅ Group B 完成: 成功 336, 失败 0，已保存
  ✅ ✓ 翻译 672 条

处理素材 [17/308]: Cam 14 Academic Listening Test 4 Part 3... (cam-14-academic-listening-test-4-part-3)
[18:10:30]   🔄 开始翻译 Group A (8 种语言)...
[18:11:37]   进度: 5/59, 成功: 40, 失败: 0
[18:12:57]   进度: 10/59, 成功: 80, 失败: 0
[18:13:56]   进度: 15/59, 成功: 120, 失败: 0
[18:15:07]   进度: 20/59, 成功: 160, 失败: 0
[18:16:18]   进度: 25/59, 成功: 200, 失败: 0
[18:17:25]   进度: 30/59, 成功: 240, 失败: 0
[18:18:28]   进度: 35/59, 成功: 280, 失败: 0
[18:19:34]   进度: 40/59, 成功: 320, 失败: 0
[18:20:46]   进度: 45/59, 成功: 360, 失败: 0
[18:21:57]   进度: 50/59, 成功: 400, 失败: 0
[18:22:58]   进度: 55/59, 成功: 440, 失败: 0
[18:23:36]   ✅ Group A 完成: 成功 472, 失败 0，已保存
[18:23:36]   ⏸️ 冷却 5 秒（缓解 API Rate Limit）...
[18:23:41]   🔄 开始翻译 Group B (8 种语言)...
[18:25:30]   进度: 5/59, 成功: 40, 失败: 0
[18:27:50]   进度: 10/59, 成功: 80, 失败: 0
[18:29:39]   进度: 15/59, 成功: 120, 失败: 0
[18:32:05]   进度: 20/59, 成功: 160, 失败: 0
[18:34:28]   进度: 25/59, 成功: 200, 失败: 0
[18:37:11]   进度: 30/59, 成功: 240, 失败: 0
[18:38:55]   进度: 35/59, 成功: 280, 失败: 0
[18:40:41]   进度: 40/59, 成功: 320, 失败: 0
[18:42:27]   进度: 45/59, 成功: 360, 失败: 0
[18:44:20]   进度: 50/59, 成功: 400, 失败: 0
[18:45:56]   进度: 55/59, 成功: 440, 失败: 0
[18:46:49]   ✅ Group B 完成: 成功 472, 失败 0，已保存
  ✅ ✓ 翻译 944 条

处理素材 [18/308]: Empty Your Mind - A Powerful Motivational Story for Your Lif... (empty-your-mind-a-powerful-motivational-story-for-your-life)
[18:46:51]   🔄 开始翻译 Group A (8 种语言)...
[18:47:40]   进度: 5/86, 成功: 40, 失败: 0
[18:48:44]   进度: 10/86, 成功: 80, 失败: 0
[18:49:40]   进度: 15/86, 成功: 120, 失败: 0
[18:50:28]   进度: 20/86, 成功: 160, 失败: 0
[18:51:21]   进度: 25/86, 成功: 200, 失败: 0
[18:52:19]   进度: 30/86, 成功: 240, 失败: 0
[18:53:15]   进度: 35/86, 成功: 280, 失败: 0
[18:54:08]   进度: 40/86, 成功: 320, 失败: 0
[18:55:04]   进度: 45/86, 成功: 360, 失败: 0
[18:55:57]   进度: 50/86, 成功: 400, 失败: 0
[18:56:36]   进度: 55/86, 成功: 440, 失败: 0
[18:57:22]   进度: 60/86, 成功: 480, 失败: 0
[18:58:14]   进度: 65/86, 成功: 520, 失败: 0
[18:58:57]   进度: 70/86, 成功: 560, 失败: 0
[18:59:38]   进度: 75/86, 成功: 600, 失败: 0
[19:00:28]   进度: 80/86, 成功: 640, 失败: 0
[19:01:27]   进度: 85/86, 成功: 680, 失败: 0
[19:01:40]   ✅ Group A 完成: 成功 688, 失败 0，已保存
[19:01:40]   ⏸️ 冷却 5 秒（缓解 API Rate Limit）...
[19:01:45]   🔄 开始翻译 Group B (8 种语言)...
[19:03:15]   进度: 5/86, 成功: 40, 失败: 0
[19:04:41]   进度: 10/86, 成功: 80, 失败: 0
[19:06:24]   进度: 15/86, 成功: 120, 失败: 0
[19:07:29]   进度: 20/86, 成功: 160, 失败: 0
[19:08:49]   进度: 25/86, 成功: 200, 失败: 0
[19:10:08]   进度: 30/86, 成功: 240, 失败: 0
[19:11:24]   进度: 35/86, 成功: 280, 失败: 0
[19:13:18]   进度: 40/86, 成功: 320, 失败: 0
[19:14:43]   进度: 45/86, 成功: 360, 失败: 0
[19:15:47]   进度: 50/86, 成功: 400, 失败: 0
[19:16:41]   进度: 55/86, 成功: 440, 失败: 0
[19:18:03]   进度: 60/86, 成功: 480, 失败: 0
[19:19:29]   进度: 65/86, 成功: 520, 失败: 0
[19:20:47]   进度: 70/86, 成功: 560, 失败: 0
[19:22:38]   进度: 75/86, 成功: 600, 失败: 0
[19:23:43]   进度: 80/86, 成功: 640, 失败: 0
[19:25:12]   进度: 85/86, 成功: 680, 失败: 0
[19:25:31]   ✅ Group B 完成: 成功 688, 失败 0，已保存
  ✅ ✓ 翻译 1376 条

处理素材 [19/308]: Canada: Provinces and Territories... (canada-provinces-and-territories)
[19:25:33]   🔄 开始翻译 Group A (8 种语言)...
[19:26:23]   进度: 5/40, 成功: 40, 失败: 0
[19:27:43]   进度: 10/40, 成功: 80, 失败: 0
[19:28:47]   进度: 15/40, 成功: 120, 失败: 0
[19:29:51]   进度: 20/40, 成功: 160, 失败: 0
[19:30:44]   进度: 25/40, 成功: 200, 失败: 0
[19:31:45]   进度: 30/40, 成功: 240, 失败: 0
[19:32:45]   进度: 35/40, 成功: 280, 失败: 0
[19:33:43]   进度: 40/40, 成功: 320, 失败: 0
[19:33:48]   ✅ Group A 完成: 成功 320, 失败 0，已保存
[19:33:48]   ⏸️ 冷却 5 秒（缓解 API Rate Limit）...
[19:33:53]   🔄 开始翻译 Group B (8 种语言)...
[19:35:15]   进度: 5/40, 成功: 40, 失败: 0
[19:36:58]   进度: 10/40, 成功: 80, 失败: 0
[19:39:15]   进度: 15/40, 成功: 120, 失败: 0
[19:41:03]   进度: 20/40, 成功: 160, 失败: 0
[19:42:38]   进度: 25/40, 成功: 200, 失败: 0
[19:44:55]   进度: 30/40, 成功: 240, 失败: 0
[19:46:27]   进度: 35/40, 成功: 280, 失败: 0
[19:47:43]   进度: 40/40, 成功: 320, 失败: 0
[19:47:47]   ✅ Group B 完成: 成功 320, 失败 0，已保存
  ✅ ✓ 翻译 640 条

处理素材 [20/308]: My House... (my-house)
[19:47:48]   🔄 开始翻译 Group A (8 种语言)...
[19:48:27]   进度: 5/21, 成功: 40, 失败: 0
[19:49:07]   进度: 10/21, 成功: 80, 失败: 0
[19:49:46]   进度: 15/21, 成功: 120, 失败: 0
[19:50:25]   进度: 20/21, 成功: 160, 失败: 0
[19:50:36]   ✅ Group A 完成: 成功 168, 失败 0，已保存
[19:50:36]   ⏸️ 冷却 5 秒（缓解 API Rate Limit）...
[19:50:41]   🔄 开始翻译 Group B (8 种语言)...
[19:51:41]   进度: 5/21, 成功: 40, 失败: 0
[19:52:58]   进度: 10/21, 成功: 80, 失败: 0
[19:53:59]   进度: 15/21, 成功: 120, 失败: 0
[19:54:51]   进度: 20/21, 成功: 160, 失败: 0
[19:55:04]   ✅ Group B 完成: 成功 168, 失败 0，已保存
  ✅ ✓ 翻译 336 条

处理素材 [21/308]: April Fool's Day Joke _ English Conversation... (april-fools-day-joke-english-conversation)
[19:55:05]   🔄 开始翻译 Group A (8 种语言)...
[19:55:36]   进度: 5/41, 成功: 40, 失败: 0
[19:56:12]   进度: 10/41, 成功: 80, 失败: 0
[19:56:58]   进度: 15/41, 成功: 120, 失败: 0
[19:57:31]   进度: 20/41, 成功: 160, 失败: 0
[19:58:09]   进度: 25/41, 成功: 200, 失败: 0
[19:58:46]   进度: 30/41, 成功: 240, 失败: 0
[19:59:31]   进度: 35/41, 成功: 280, 失败: 0
[20:00:10]   进度: 40/41, 成功: 320, 失败: 0
[20:00:20]   ✅ Group A 完成: 成功 328, 失败 0，已保存
[20:00:20]   ⏸️ 冷却 5 秒（缓解 API Rate Limit）...
[20:00:25]   🔄 开始翻译 Group B (8 种语言)...
[20:01:06]   进度: 5/41, 成功: 40, 失败: 0
[20:01:49]   进度: 10/41, 成功: 80, 失败: 0
[20:02:55]   进度: 15/41, 成功: 120, 失败: 0
[20:03:43]   进度: 20/41, 成功: 160, 失败: 0
[20:05:05]   进度: 25/41, 成功: 200, 失败: 0
[20:05:57]   进度: 30/41, 成功: 240, 失败: 0
[20:06:48]   进度: 35/41, 成功: 280, 失败: 0
[20:07:43]   进度: 40/41, 成功: 320, 失败: 0
[20:07:54]   ✅ Group B 完成: 成功 328, 失败 0，已保存
  ✅ ✓ 翻译 656 条

处理素材 [22/308]: Cam 14 Academic Listening Test 2 Part 3... (cam-14-academic-listening-test-2-part-3)
[20:07:56]   🔄 开始翻译 Group A (8 种语言)...
[20:09:02]   进度: 5/48, 成功: 40, 失败: 0
[20:09:59]   进度: 10/48, 成功: 80, 失败: 0
[20:11:01]   进度: 15/48, 成功: 120, 失败: 0
[20:12:01]   进度: 20/48, 成功: 160, 失败: 0
[20:13:16]   进度: 25/48, 成功: 200, 失败: 0
[20:14:39]   进度: 30/48, 成功: 240, 失败: 0
[20:15:49]   进度: 35/48, 成功: 280, 失败: 0
[20:16:51]   进度: 40/48, 成功: 320, 失败: 0
[20:17:52]   进度: 45/48, 成功: 360, 失败: 0
[20:18:39]   ✅ Group A 完成: 成功 384, 失败 0，已保存
[20:18:39]   ⏸️ 冷却 5 秒（缓解 API Rate Limit）...
[20:18:44]   🔄 开始翻译 Group B (8 种语言)...
[20:21:33]   进度: 5/48, 成功: 40, 失败: 0
[20:23:58]   进度: 10/48, 成功: 80, 失败: 0
[20:26:00]   进度: 15/48, 成功: 120, 失败: 0
[20:27:47]   进度: 20/48, 成功: 160, 失败: 0
[20:29:29]   进度: 25/48, 成功: 200, 失败: 0
[20:31:17]   进度: 30/48, 成功: 240, 失败: 0
[20:33:40]   进度: 35/48, 成功: 280, 失败: 0
[20:35:21]   进度: 40/48, 成功: 320, 失败: 0
[20:37:23]   进度: 45/48, 成功: 360, 失败: 0
[20:38:30]   ✅ Group B 完成: 成功 384, 失败 0，已保存
  ✅ ✓ 翻译 768 条

处理素材 [23/308]: Cam 15 Academic Listening Test 4 Part 3... (cam-15-academic-listening-test-4-part-3)
[20:38:31]   🔄 开始翻译 Group A (8 种语言)...
[20:39:50]   进度: 5/51, 成功: 40, 失败: 0
[20:40:42]   进度: 10/51, 成功: 80, 失败: 0
[20:41:49]   进度: 15/51, 成功: 120, 失败: 0
[20:43:03]   进度: 20/51, 成功: 160, 失败: 0
[20:44:06]   进度: 25/51, 成功: 200, 失败: 0
[20:45:16]   进度: 30/51, 成功: 240, 失败: 0
[20:46:33]   进度: 35/51, 成功: 280, 失败: 0
[20:47:59]   进度: 40/51, 成功: 320, 失败: 0
[20:49:07]   进度: 45/51, 成功: 360, 失败: 0
[20:50:36]   进度: 50/51, 成功: 400, 失败: 0
[20:50:45]   ✅ Group A 完成: 成功 408, 失败 0，已保存
[20:50:45]   ⏸️ 冷却 5 秒（缓解 API Rate Limit）...
[20:50:50]   🔄 开始翻译 Group B (8 种语言)...
[20:53:40]   进度: 5/51, 成功: 40, 失败: 0
[20:54:59]   进度: 10/51, 成功: 80, 失败: 0
[20:56:49]   进度: 15/51, 成功: 120, 失败: 0
[20:58:47]   进度: 20/51, 成功: 160, 失败: 0
[21:00:46]   进度: 25/51, 成功: 200, 失败: 0
[21:02:13]   进度: 30/51, 成功: 240, 失败: 0
[21:04:07]   进度: 35/51, 成功: 280, 失败: 0
[21:06:44]   进度: 40/51, 成功: 320, 失败: 0
[21:08:27]   进度: 45/51, 成功: 360, 失败: 0
[21:10:58]   进度: 50/51, 成功: 400, 失败: 0
[21:11:13]   ✅ Group B 完成: 成功 408, 失败 0，已保存
  ✅ ✓ 翻译 816 条

处理素材 [24/308]: Cam 17 Academic Listening Test 3 Part 4... (cam-17-academic-listening-test-3-part-4)
[21:11:14]   🔄 开始翻译 Group A (8 种语言)...
[21:12:32]   进度: 5/35, 成功: 40, 失败: 0
[21:14:19]   进度: 10/35, 成功: 80, 失败: 0
[21:15:54]   进度: 15/35, 成功: 120, 失败: 0
[21:17:04]   进度: 20/35, 成功: 160, 失败: 0
[21:18:20]   进度: 25/35, 成功: 200, 失败: 0
[21:19:38]   进度: 30/35, 成功: 240, 失败: 0
[21:20:47]   进度: 35/35, 成功: 280, 失败: 0
[21:20:51]   ✅ Group A 完成: 成功 280, 失败 0，已保存
[21:20:51]   ⏸️ 冷却 5 秒（缓解 API Rate Limit）...
[21:20:56]   🔄 开始翻译 Group B (8 种语言)...
[21:23:30]   进度: 5/35, 成功: 40, 失败: 0
[21:27:17]   进度: 10/35, 成功: 80, 失败: 0
[21:30:36]   进度: 15/35, 成功: 120, 失败: 0
[21:33:03]   进度: 20/35, 成功: 160, 失败: 0
[21:35:28]   进度: 25/35, 成功: 200, 失败: 0
[21:38:04]   进度: 30/35, 成功: 240, 失败: 0
[21:39:54]   进度: 35/35, 成功: 280, 失败: 0
[21:40:00]   ✅ Group B 完成: 成功 280, 失败 0，已保存
  ✅ ✓ 翻译 560 条

处理素材 [25/308]: Corruption... (corruption)
[21:40:01]   🔄 开始翻译 Group A (8 种语言)...
[21:40:58]   进度: 5/28, 成功: 40, 失败: 0
[21:42:27]   进度: 10/28, 成功: 80, 失败: 0
[21:43:52]   进度: 15/28, 成功: 120, 失败: 0
[21:44:44]   进度: 20/28, 成功: 160, 失败: 0
[21:45:56]   进度: 25/28, 成功: 200, 失败: 0
[21:46:44]   ✅ Group A 完成: 成功 224, 失败 0，已保存
[21:46:44]   ⏸️ 冷却 5 秒（缓解 API Rate Limit）...
[21:46:49]   🔄 开始翻译 Group B (8 种语言)...
[21:48:50]   进度: 5/28, 成功: 40, 失败: 0
[21:51:36]   进度: 10/28, 成功: 80, 失败: 0
[21:54:09]   进度: 15/28, 成功: 120, 失败: 0
[21:56:06]   进度: 20/28, 成功: 160, 失败: 0
[21:58:02]   进度: 25/28, 成功: 200, 失败: 0
[21:59:38]   ✅ Group B 完成: 成功 224, 失败 0，已保存
  ✅ ✓ 翻译 448 条

处理素材 [26/308]: Cam 19 Academic Listening Test 3 Part 1... (cam-19-academic-listening-test-3-part-1)
[21:59:40]   🔄 开始翻译 Group A (8 种语言)...
[22:00:28]   进度: 5/63, 成功: 40, 失败: 0
[22:01:18]   进度: 10/63, 成功: 80, 失败: 0
[22:02:22]   进度: 15/63, 成功: 120, 失败: 0
[22:03:19]   进度: 20/63, 成功: 160, 失败: 0
[22:04:01]   进度: 25/63, 成功: 200, 失败: 0
[22:04:56]   进度: 30/63, 成功: 240, 失败: 0
[22:05:48]   进度: 35/63, 成功: 280, 失败: 0
[22:06:28]   进度: 40/63, 成功: 320, 失败: 0
[22:07:11]   进度: 45/63, 成功: 360, 失败: 0
[22:07:59]   进度: 50/63, 成功: 400, 失败: 0
[22:08:42]   进度: 55/63, 成功: 440, 失败: 0
[22:09:28]   进度: 60/63, 成功: 480, 失败: 0
[22:10:03]   ✅ Group A 完成: 成功 504, 失败 0，已保存
[22:10:03]   ⏸️ 冷却 5 秒（缓解 API Rate Limit）...
[22:10:08]   🔄 开始翻译 Group B (8 种语言)...
[22:11:14]   进度: 5/63, 成功: 40, 失败: 0
[22:12:13]   进度: 10/63, 成功: 80, 失败: 0
[22:14:00]   进度: 15/63, 成功: 120, 失败: 0
[22:15:13]   进度: 20/63, 成功: 160, 失败: 0
[22:16:31]   进度: 25/63, 成功: 200, 失败: 0
[22:18:17]   进度: 30/63, 成功: 240, 失败: 0
[22:19:43]   进度: 35/63, 成功: 280, 失败: 0
[22:20:51]   进度: 40/63, 成功: 320, 失败: 0
[22:22:05]   进度: 45/63, 成功: 360, 失败: 0
[22:23:18]   进度: 50/63, 成功: 400, 失败: 0
[22:24:26]   进度: 55/63, 成功: 440, 失败: 0
[22:25:51]   进度: 60/63, 成功: 480, 失败: 0
[22:26:47]   ✅ Group B 完成: 成功 504, 失败 0，已保存
  ✅ ✓ 翻译 1008 条

处理素材 [27/308]: What time is it - Time for breakfast... (what-time-is-it-time-for-breakfast)
[22:26:49]   🔄 开始翻译 Group A (8 种语言)...
[22:27:17]   进度: 5/21, 成功: 40, 失败: 0
[22:27:48]   进度: 10/21, 成功: 80, 失败: 0
[22:28:22]   进度: 15/21, 成功: 120, 失败: 0
[22:28:57]   进度: 20/21, 成功: 160, 失败: 0
[22:29:05]   ✅ Group A 完成: 成功 168, 失败 0，已保存
[22:29:05]   ⏸️ 冷却 5 秒（缓解 API Rate Limit）...
[22:29:10]   🔄 开始翻译 Group B (8 种语言)...
[22:29:48]   进度: 5/21, 成功: 40, 失败: 0
[22:30:20]   进度: 10/21, 成功: 80, 失败: 0
[22:30:57]   进度: 15/21, 成功: 120, 失败: 0
[22:31:52]   进度: 20/21, 成功: 160, 失败: 0
[22:32:01]   ✅ Group B 完成: 成功 168, 失败 0，已保存
  ✅ ✓ 翻译 336 条

处理素材 [28/308]: Jennifer the Firefighter... (jennifer-the-firefighter)
[22:32:03]   🔄 开始翻译 Group A (8 种语言)...
[22:32:42]   进度: 5/18, 成功: 40, 失败: 0
[22:33:18]   进度: 10/18, 成功: 80, 失败: 0
[22:33:51]   进度: 15/18, 成功: 120, 失败: 0
[22:34:14]   ✅ Group A 完成: 成功 144, 失败 0，已保存
[22:34:14]   ⏸️ 冷却 5 秒（缓解 API Rate Limit）...
[22:34:19]   🔄 开始翻译 Group B (8 种语言)...
[22:35:05]   进度: 5/18, 成功: 40, 失败: 0
[22:35:51]   进度: 10/18, 成功: 80, 失败: 0
[22:36:42]   进度: 15/18, 成功: 120, 失败: 0
[22:37:15]   ✅ Group B 完成: 成功 144, 失败 0，已保存
  ✅ ✓ 翻译 288 条

处理素材 [29/308]: It's raining... (its-raining)
[22:37:16]   🔄 开始翻译 Group A (8 种语言)...
[22:37:42]   进度: 5/11, 成功: 40, 失败: 0
[22:38:12]   进度: 10/11, 成功: 80, 失败: 0
[22:38:19]   ✅ Group A 完成: 成功 88, 失败 0，已保存
[22:38:19]   ⏸️ 冷却 5 秒（缓解 API Rate Limit）...
[22:38:24]   🔄 开始翻译 Group B (8 种语言)...
[22:39:04]   进度: 5/11, 成功: 40, 失败: 0
[22:39:37]   进度: 10/11, 成功: 80, 失败: 0
[22:39:46]   ✅ Group B 完成: 成功 88, 失败 0，已保存
  ✅ ✓ 翻译 176 条

处理素材 [30/308]: Real-life Conversations for English Speaking Practice | Talk... (real-life-conversations-for-english-speaking-practice-talking-about-daily-routines-beginners)
[22:39:48]   🔄 开始翻译 Group A (8 种语言)...
[22:40:26]   进度: 5/444, 成功: 40, 失败: 0
[22:41:02]   进度: 10/444, 成功: 80, 失败: 0
[22:41:38]   进度: 15/444, 成功: 120, 失败: 0
[22:42:19]   进度: 20/444, 成功: 160, 失败: 0
[22:43:01]   进度: 25/444, 成功: 200, 失败: 0
[22:43:35]   进度: 30/444, 成功: 240, 失败: 0
[22:44:17]   进度: 35/444, 成功: 280, 失败: 0
[22:44:52]   进度: 40/444, 成功: 320, 失败: 0
[22:45:31]   进度: 45/444, 成功: 360, 失败: 0
[22:46:16]   进度: 50/444, 成功: 400, 失败: 0
[22:46:50]   进度: 55/444, 成功: 440, 失败: 0
[22:47:29]   进度: 60/444, 成功: 480, 失败: 0
[22:48:07]   进度: 65/444, 成功: 520, 失败: 0
[22:48:50]   进度: 70/444, 成功: 560, 失败: 0
[22:49:33]   进度: 75/444, 成功: 600, 失败: 0
[22:50:06]   进度: 80/444, 成功: 640, 失败: 0
[22:50:48]   进度: 85/444, 成功: 680, 失败: 0
[22:51:23]   进度: 90/444, 成功: 720, 失败: 0
[22:51:58]   进度: 95/444, 成功: 760, 失败: 0
[22:52:31]   进度: 100/444, 成功: 800, 失败: 0
[22:53:04]   进度: 105/444, 成功: 840, 失败: 0
[22:53:42]   进度: 110/444, 成功: 880, 失败: 0
[22:54:17]   进度: 115/444, 成功: 920, 失败: 0
[22:54:53]   进度: 120/444, 成功: 960, 失败: 0
[22:55:36]   进度: 125/444, 成功: 1000, 失败: 0
[22:56:15]   进度: 130/444, 成功: 1040, 失败: 0
[22:56:53]   进度: 135/444, 成功: 1080, 失败: 0
[22:57:29]   进度: 140/444, 成功: 1120, 失败: 0
[22:57:59]   进度: 145/444, 成功: 1160, 失败: 0
[22:58:34]   进度: 150/444, 成功: 1200, 失败: 0
[22:59:12]   进度: 155/444, 成功: 1240, 失败: 0
[22:59:47]   进度: 160/444, 成功: 1280, 失败: 0
[23:00:24]   进度: 165/444, 成功: 1320, 失败: 0
[23:01:04]   进度: 170/444, 成功: 1360, 失败: 0
[23:01:48]   进度: 175/444, 成功: 1400, 失败: 0
[23:02:30]   进度: 180/444, 成功: 1440, 失败: 0
[23:03:06]   进度: 185/444, 成功: 1480, 失败: 0
[23:03:40]   进度: 190/444, 成功: 1520, 失败: 0
[23:04:25]   进度: 195/444, 成功: 1560, 失败: 0
[23:05:05]   进度: 200/444, 成功: 1600, 失败: 0
[23:05:45]   进度: 205/444, 成功: 1640, 失败: 0
[23:06:16]   进度: 210/444, 成功: 1680, 失败: 0
[23:06:56]   进度: 215/444, 成功: 1720, 失败: 0
[23:07:33]   进度: 220/444, 成功: 1760, 失败: 0
[23:08:07]   进度: 225/444, 成功: 1800, 失败: 0
[23:08:41]   进度: 230/444, 成功: 1840, 失败: 0
[23:09:12]   进度: 235/444, 成功: 1880, 失败: 0
[23:09:53]   进度: 240/444, 成功: 1920, 失败: 0
[23:10:22]   进度: 245/444, 成功: 1960, 失败: 0
[23:11:06]   进度: 250/444, 成功: 2000, 失败: 0
[23:11:51]   进度: 255/444, 成功: 2040, 失败: 0
[23:12:30]   进度: 260/444, 成功: 2080, 失败: 0
[23:13:16]   进度: 265/444, 成功: 2120, 失败: 0
[23:13:49]   进度: 270/444, 成功: 2160, 失败: 0
[23:14:33]   进度: 275/444, 成功: 2200, 失败: 0
[23:15:09]   进度: 280/444, 成功: 2240, 失败: 0
[23:15:45]   进度: 285/444, 成功: 2280, 失败: 0
[23:16:25]   进度: 290/444, 成功: 2320, 失败: 0
[23:17:04]   进度: 295/444, 成功: 2360, 失败: 0
[23:17:46]   进度: 300/444, 成功: 2400, 失败: 0
[23:18:26]   进度: 305/444, 成功: 2440, 失败: 0
[23:19:08]   进度: 310/444, 成功: 2480, 失败: 0
[23:19:49]   进度: 315/444, 成功: 2520, 失败: 0
[23:20:25]   进度: 320/444, 成功: 2560, 失败: 0
[23:21:02]   进度: 325/444, 成功: 2600, 失败: 0
[23:21:51]   进度: 330/444, 成功: 2640, 失败: 0
[23:22:34]   进度: 335/444, 成功: 2680, 失败: 0
[23:23:21]   进度: 340/444, 成功: 2720, 失败: 0
[23:23:56]   进度: 345/444, 成功: 2760, 失败: 0
[23:24:41]   进度: 350/444, 成功: 2800, 失败: 0
[23:25:27]   进度: 355/444, 成功: 2840, 失败: 0
[23:26:10]   进度: 360/444, 成功: 2880, 失败: 0
[23:26:57]   进度: 365/444, 成功: 2920, 失败: 0
[23:27:40]   进度: 370/444, 成功: 2960, 失败: 0
[23:28:21]   进度: 375/444, 成功: 3000, 失败: 0
[23:29:05]   进度: 380/444, 成功: 3040, 失败: 0
[23:29:44]   进度: 385/444, 成功: 3080, 失败: 0
[23:30:26]   进度: 390/444, 成功: 3120, 失败: 0
[23:31:03]   进度: 395/444, 成功: 3160, 失败: 0
[23:31:44]   进度: 400/444, 成功: 3200, 失败: 0
[23:32:19]   进度: 405/444, 成功: 3240, 失败: 0
[23:32:56]   进度: 410/444, 成功: 3280, 失败: 0
[23:33:42]   进度: 415/444, 成功: 3320, 失败: 0
[23:34:19]   进度: 420/444, 成功: 3360, 失败: 0
[23:35:06]   进度: 425/444, 成功: 3400, 失败: 0
[23:35:48]   进度: 430/444, 成功: 3440, 失败: 0
[23:36:31]   进度: 435/444, 成功: 3480, 失败: 0
[23:37:18]   进度: 440/444, 成功: 3520, 失败: 0
[23:38:05]   ✅ Group A 完成: 成功 3552, 失败 0，已保存
[23:38:05]   ⏸️ 冷却 5 秒（缓解 API Rate Limit）...
[23:38:10]   🔄 开始翻译 Group B (8 种语言)...
[23:39:13]   进度: 5/444, 成功: 40, 失败: 0
[23:39:53]   进度: 10/444, 成功: 80, 失败: 0
[23:40:46]   进度: 15/444, 成功: 120, 失败: 0
[23:41:53]   进度: 20/444, 成功: 160, 失败: 0
[23:42:54]   进度: 25/444, 成功: 200, 失败: 0
[23:43:40]   进度: 30/444, 成功: 240, 失败: 0
[23:44:34]   进度: 35/444, 成功: 280, 失败: 0
[23:45:21]   进度: 40/444, 成功: 320, 失败: 0
[23:46:14]   进度: 45/444, 成功: 360, 失败: 0
[23:47:07]   进度: 50/444, 成功: 400, 失败: 0
[23:47:46]   进度: 55/444, 成功: 440, 失败: 0
[23:48:44]   进度: 60/444, 成功: 480, 失败: 0
[23:49:32]   进度: 65/444, 成功: 520, 失败: 0
[23:50:37]   进度: 70/444, 成功: 560, 失败: 0
[23:51:36]   进度: 75/444, 成功: 600, 失败: 0
[23:52:20]   进度: 80/444, 成功: 640, 失败: 0
[23:53:11]   进度: 85/444, 成功: 680, 失败: 0
[23:54:09]   进度: 90/444, 成功: 720, 失败: 0
[23:54:56]   进度: 95/444, 成功: 760, 失败: 0
[23:55:46]   进度: 100/444, 成功: 800, 失败: 0
[23:56:26]   进度: 105/444, 成功: 840, 失败: 0
[23:57:13]   进度: 110/444, 成功: 880, 失败: 0
[23:57:55]   进度: 115/444, 成功: 920, 失败: 0
[23:58:46]   进度: 120/444, 成功: 960, 失败: 0
[23:59:57]   进度: 125/444, 成功: 1000, 失败: 0
[00:00:48]   进度: 130/444, 成功: 1040, 失败: 0
[00:02:23]   进度: 135/444, 成功: 1080, 失败: 0
[00:03:15]   进度: 140/444, 成功: 1120, 失败: 0
[00:03:53]   进度: 145/444, 成功: 1160, 失败: 0
[00:04:38]   进度: 150/444, 成功: 1200, 失败: 0
[00:05:38]   进度: 155/444, 成功: 1240, 失败: 0
[00:06:20]   进度: 160/444, 成功: 1280, 失败: 0
[00:07:08]   进度: 165/444, 成功: 1320, 失败: 0
[00:07:56]   进度: 170/444, 成功: 1360, 失败: 0
[00:08:48]   进度: 175/444, 成功: 1400, 失败: 0
[00:09:46]   进度: 180/444, 成功: 1440, 失败: 0
[00:10:33]   进度: 185/444, 成功: 1480, 失败: 0
[00:11:30]   进度: 190/444, 成功: 1520, 失败: 0
[00:12:26]   进度: 195/444, 成功: 1560, 失败: 0
[00:13:15]   进度: 200/444, 成功: 1600, 失败: 0
[00:14:20]   进度: 205/444, 成功: 1640, 失败: 0
[00:15:02]   进度: 210/444, 成功: 1680, 失败: 0
[00:16:30]   进度: 215/444, 成功: 1720, 失败: 0
[00:17:06]   进度: 220/444, 成功: 1760, 失败: 0
[00:17:52]   进度: 225/444, 成功: 1800, 失败: 0
[00:18:56]   进度: 230/444, 成功: 1840, 失败: 0
[00:19:32]   进度: 235/444, 成功: 1880, 失败: 0
[00:20:12]   进度: 240/444, 成功: 1920, 失败: 0
[00:20:49]   进度: 245/444, 成功: 1960, 失败: 0
[00:21:51]   进度: 250/444, 成功: 2000, 失败: 0
[00:22:50]   进度: 255/444, 成功: 2040, 失败: 0
[00:23:47]   进度: 260/444, 成功: 2080, 失败: 0
[00:24:35]   进度: 265/444, 成功: 2120, 失败: 0
[00:25:34]   进度: 270/444, 成功: 2160, 失败: 0
[00:26:43]   进度: 275/444, 成功: 2200, 失败: 0
[00:27:26]   进度: 280/444, 成功: 2240, 失败: 0
[00:28:22]   进度: 285/444, 成功: 2280, 失败: 0
[00:29:07]   进度: 290/444, 成功: 2320, 失败: 0
[00:29:52]   进度: 295/444, 成功: 2360, 失败: 0
[00:30:39]   进度: 300/444, 成功: 2400, 失败: 0
[00:31:36]   进度: 305/444, 成功: 2440, 失败: 0
[00:32:36]   进度: 310/444, 成功: 2480, 失败: 0
[00:33:33]   进度: 315/444, 成功: 2520, 失败: 0
[00:34:11]   进度: 320/444, 成功: 2560, 失败: 0
[00:34:56]   进度: 325/444, 成功: 2600, 失败: 0
[00:36:00]   进度: 330/444, 成功: 2640, 失败: 0
[00:36:51]   进度: 335/444, 成功: 2680, 失败: 0
[00:37:51]   进度: 340/444, 成功: 2720, 失败: 0
[00:38:37]   进度: 345/444, 成功: 2760, 失败: 0
[00:39:33]   进度: 350/444, 成功: 2800, 失败: 0
[00:40:32]   进度: 355/444, 成功: 2840, 失败: 0
[00:41:41]   进度: 360/444, 成功: 2880, 失败: 0
[00:42:43]   进度: 365/444, 成功: 2920, 失败: 0
[00:43:39]   进度: 370/444, 成功: 2960, 失败: 0
[00:44:57]   进度: 375/444, 成功: 3000, 失败: 0
[00:46:00]   进度: 380/444, 成功: 3040, 失败: 0
[00:46:55]   进度: 385/444, 成功: 3080, 失败: 0
[00:47:50]   进度: 390/444, 成功: 3120, 失败: 0
[00:48:49]   进度: 395/444, 成功: 3160, 失败: 0
[00:49:34]   进度: 400/444, 成功: 3200, 失败: 0
[00:50:30]   进度: 405/444, 成功: 3240, 失败: 0
[00:51:20]   进度: 410/444, 成功: 3280, 失败: 0
[00:52:08]   进度: 415/444, 成功: 3320, 失败: 0
[00:52:57]   进度: 420/444, 成功: 3360, 失败: 0
[00:54:12]   进度: 425/444, 成功: 3400, 失败: 0
[00:55:14]   进度: 430/444, 成功: 3440, 失败: 0
[00:56:16]   进度: 435/444, 成功: 3480, 失败: 0
[00:58:19]   进度: 440/444, 成功: 3520, 失败: 0
[00:59:54]   ✅ Group B 完成: 成功 3552, 失败 0，已保存
  ✅ ✓ 翻译 7104 条

处理素材 [31/308]: Cowboys... (cowboys)
[00:59:55]   🔄 开始翻译 Group A (8 种语言)...
[01:01:07]   进度: 5/40, 成功: 40, 失败: 0
[01:02:04]   进度: 10/40, 成功: 80, 失败: 0
[01:03:04]   进度: 15/40, 成功: 120, 失败: 0
[01:04:06]   进度: 20/40, 成功: 160, 失败: 0
[01:05:19]   进度: 25/40, 成功: 200, 失败: 0
[01:06:38]   进度: 30/40, 成功: 240, 失败: 0
[01:07:30]   进度: 35/40, 成功: 280, 失败: 0
[01:08:37]   进度: 40/40, 成功: 320, 失败: 0
[01:08:41]   ✅ Group A 完成: 成功 320, 失败 0，已保存
[01:08:41]   ⏸️ 冷却 5 秒（缓解 API Rate Limit）...
[01:08:46]   🔄 开始翻译 Group B (8 种语言)...
[01:10:30]   进度: 5/40, 成功: 40, 失败: 0
[01:11:52]   进度: 10/40, 成功: 80, 失败: 0
[01:13:38]   进度: 15/40, 成功: 120, 失败: 0
[01:15:10]   进度: 20/40, 成功: 160, 失败: 0
[01:16:47]   进度: 25/40, 成功: 200, 失败: 0
[01:19:11]   进度: 30/40, 成功: 240, 失败: 0
[01:20:50]   进度: 35/40, 成功: 280, 失败: 0
[01:23:01]   进度: 40/40, 成功: 320, 失败: 0
[01:23:05]   ✅ Group B 完成: 成功 320, 失败 0，已保存
  ✅ ✓ 翻译 640 条

处理素材 [32/308]: Cam 15 Academic Listening Test 4 Part 2... (cam-15-academic-listening-test-4-part-2)
[01:23:06]   🔄 开始翻译 Group A (8 种语言)...
[01:24:30]   进度: 5/28, 成功: 40, 失败: 0
[01:25:47]   进度: 10/28, 成功: 80, 失败: 0
[01:26:41]   进度: 15/28, 成功: 120, 失败: 0
[01:27:54]   进度: 20/28, 成功: 160, 失败: 0
[01:29:17]   进度: 25/28, 成功: 200, 失败: 0
[01:29:59]   ✅ Group A 完成: 成功 224, 失败 0，已保存
[01:29:59]   ⏸️ 冷却 5 秒（缓解 API Rate Limit）...
[01:30:04]   🔄 开始翻译 Group B (8 种语言)...
[01:32:38]   进度: 5/28, 成功: 40, 失败: 0
[01:35:02]   进度: 10/28, 成功: 80, 失败: 0
[01:36:37]   进度: 15/28, 成功: 120, 失败: 0
[01:38:35]   进度: 20/28, 成功: 160, 失败: 0
[01:40:52]   进度: 25/28, 成功: 200, 失败: 0
[01:42:00]   ✅ Group B 完成: 成功 224, 失败 0，已保存
  ✅ ✓ 翻译 448 条

处理素材 [33/308]: Talking about a Trip using the Past Simple _ An English Conv... (talking-about-a-trip-using-the-past-simple-an-english-conversation-about-a-past-trip)
[01:42:01]   🔄 开始翻译 Group A (8 种语言)...
[01:42:34]   进度: 5/30, 成功: 40, 失败: 0
[01:43:13]   进度: 10/30, 成功: 80, 失败: 0
[01:43:44]   进度: 15/30, 成功: 120, 失败: 0
[01:44:21]   进度: 20/30, 成功: 160, 失败: 0
[01:44:50]   进度: 25/30, 成功: 200, 失败: 0
[01:45:24]   进度: 30/30, 成功: 240, 失败: 0
[01:45:26]   ✅ Group A 完成: 成功 240, 失败 0，已保存
[01:45:26]   ⏸️ 冷却 5 秒（缓解 API Rate Limit）...
[01:45:31]   🔄 开始翻译 Group B (8 种语言)...
[01:46:30]   进度: 5/30, 成功: 40, 失败: 0
[01:47:31]   进度: 10/30, 成功: 80, 失败: 0
[01:48:07]   进度: 15/30, 成功: 120, 失败: 0
[01:48:54]   进度: 20/30, 成功: 160, 失败: 0
[01:49:33]   进度: 25/30, 成功: 200, 失败: 0
[01:50:16]   进度: 30/30, 成功: 240, 失败: 0
[01:50:19]   ✅ Group B 完成: 成功 240, 失败 0，已保存
  ✅ ✓ 翻译 480 条

处理素材 [34/308]: Cam 17 Academic Listening Test 3 Part 3... (cam-17-academic-listening-test-3-part-3)
[01:50:21]   🔄 开始翻译 Group A (8 种语言)...
[01:51:07]   进度: 5/65, 成功: 40, 失败: 0
[01:52:04]   进度: 10/65, 成功: 80, 失败: 0
[01:53:04]   进度: 15/65, 成功: 120, 失败: 0
[01:53:57]   进度: 20/65, 成功: 160, 失败: 0
[01:55:02]   进度: 25/65, 成功: 200, 失败: 0
[01:55:45]   进度: 30/65, 成功: 240, 失败: 0
[01:56:52]   进度: 35/65, 成功: 280, 失败: 0
[01:57:44]   进度: 40/65, 成功: 320, 失败: 0
[01:58:32]   进度: 45/65, 成功: 360, 失败: 0
[01:59:31]   进度: 50/65, 成功: 400, 失败: 0
[02:00:20]   进度: 55/65, 成功: 440, 失败: 0
[02:01:17]   进度: 60/65, 成功: 480, 失败: 0
[02:01:59]   进度: 65/65, 成功: 520, 失败: 0
[02:02:03]   ✅ Group A 完成: 成功 520, 失败 0，已保存
[02:02:03]   ⏸️ 冷却 5 秒（缓解 API Rate Limit）...
[02:02:08]   🔄 开始翻译 Group B (8 种语言)...
[02:03:08]   进度: 5/65, 成功: 40, 失败: 0
[02:04:54]   进度: 10/65, 成功: 80, 失败: 0
[02:06:45]   进度: 15/65, 成功: 120, 失败: 0
[02:08:12]   进度: 20/65, 成功: 160, 失败: 0
[02:10:30]   进度: 25/65, 成功: 200, 失败: 0
[02:11:32]   进度: 30/65, 成功: 240, 失败: 0
[02:13:25]   进度: 35/65, 成功: 280, 失败: 0
[02:14:46]   进度: 40/65, 成功: 320, 失败: 0
[02:16:13]   进度: 45/65, 成功: 360, 失败: 0
[02:18:12]   进度: 50/65, 成功: 400, 失败: 0
[02:19:46]   进度: 55/65, 成功: 440, 失败: 0
[02:21:15]   进度: 60/65, 成功: 480, 失败: 0
[02:22:23]   进度: 65/65, 成功: 520, 失败: 0
[02:22:27]   ✅ Group B 完成: 成功 520, 失败 0，已保存
  ✅ ✓ 翻译 1040 条

处理素材 [35/308]: Cam 19 Academic Listening Test 2 Part 4... (cam-19-academic-listening-test-2-part-4)
[02:22:29]   🔄 开始翻译 Group A (8 种语言)...
[02:23:44]   进度: 5/41, 成功: 40, 失败: 0
[02:24:52]   进度: 10/41, 成功: 80, 失败: 0
[02:25:46]   进度: 15/41, 成功: 120, 失败: 0
[02:27:09]   进度: 20/41, 成功: 160, 失败: 0
[02:28:36]   进度: 25/41, 成功: 200, 失败: 0
[02:29:53]   进度: 30/41, 成功: 240, 失败: 0
[02:30:57]   进度: 35/41, 成功: 280, 失败: 0
[02:32:06]   进度: 40/41, 成功: 320, 失败: 0
[02:32:18]   ✅ Group A 完成: 成功 328, 失败 0，已保存
[02:32:18]   ⏸️ 冷却 5 秒（缓解 API Rate Limit）...
[02:32:23]   🔄 开始翻译 Group B (8 种语言)...
[02:34:11]   进度: 5/41, 成功: 40, 失败: 0
[02:36:11]   进度: 10/41, 成功: 80, 失败: 0
[02:37:50]   进度: 15/41, 成功: 120, 失败: 0
[02:40:58]   进度: 20/41, 成功: 160, 失败: 0
[02:44:07]   进度: 25/41, 成功: 200, 失败: 0
[02:46:50]   进度: 30/41, 成功: 240, 失败: 0
[02:48:43]   进度: 35/41, 成功: 280, 失败: 0
[02:50:52]   进度: 40/41, 成功: 320, 失败: 0
[02:51:06]   ✅ Group B 完成: 成功 328, 失败 0，已保存
  ✅ ✓ 翻译 656 条

处理素材 [36/308]: Cam 13 Academic Listening Test 4 Part 3... (cam-13-academic-listening-test-4-part-3)
[02:51:08]   🔄 开始翻译 Group A (8 种语言)...
[02:52:12]   进度: 5/56, 成功: 40, 失败: 0
[02:53:21]   进度: 10/56, 成功: 80, 失败: 0
[02:54:20]   进度: 15/56, 成功: 120, 失败: 0
[02:55:19]   进度: 20/56, 成功: 160, 失败: 0
[02:56:20]   进度: 25/56, 成功: 200, 失败: 0
[02:57:08]   进度: 30/56, 成功: 240, 失败: 0
[02:57:50]   进度: 35/56, 成功: 280, 失败: 0
[02:58:49]   进度: 40/56, 成功: 320, 失败: 0
[02:59:34]   进度: 45/56, 成功: 360, 失败: 0
[03:00:33]   进度: 50/56, 成功: 400, 失败: 0
[03:01:18]   进度: 55/56, 成功: 440, 失败: 0
[03:01:32]   ✅ Group A 完成: 成功 448, 失败 0，已保存
[03:01:32]   ⏸️ 冷却 5 秒（缓解 API Rate Limit）...
[03:01:37]   🔄 开始翻译 Group B (8 种语言)...
[03:03:41]   进度: 5/56, 成功: 40, 失败: 0
[03:05:59]   进度: 10/56, 成功: 80, 失败: 0
[03:07:27]   进度: 15/56, 成功: 120, 失败: 0
[03:09:37]   进度: 20/56, 成功: 160, 失败: 0
[03:11:20]   进度: 25/56, 成功: 200, 失败: 0
[03:12:50]   进度: 30/56, 成功: 240, 失败: 0
[03:13:54]   进度: 35/56, 成功: 280, 失败: 0
[03:15:26]   进度: 40/56, 成功: 320, 失败: 0
[03:16:51]   进度: 45/56, 成功: 360, 失败: 0
[03:18:22]   进度: 50/56, 成功: 400, 失败: 0
[03:19:52]   进度: 55/56, 成功: 440, 失败: 0
[03:20:14]   ✅ Group B 完成: 成功 448, 失败 0，已保存
  ✅ ✓ 翻译 896 条

处理素材 [37/308]: Cam 14 Academic Listening Test 2 Part 4... (cam-14-academic-listening-test-2-part-4)
[03:20:16]   🔄 开始翻译 Group A (8 种语言)...
[03:21:11]   进度: 5/44, 成功: 40, 失败: 0
[03:22:06]   进度: 10/44, 成功: 80, 失败: 0
[03:23:39]   进度: 15/44, 成功: 120, 失败: 0
[03:24:45]   进度: 20/44, 成功: 160, 失败: 0
[03:25:59]   进度: 25/44, 成功: 200, 失败: 0
[03:26:51]   进度: 30/44, 成功: 240, 失败: 0
[03:27:59]   进度: 35/44, 成功: 280, 失败: 0
[03:28:55]   进度: 40/44, 成功: 320, 失败: 0
[03:29:50]   ✅ Group A 完成: 成功 352, 失败 0，已保存
[03:29:50]   ⏸️ 冷却 5 秒（缓解 API Rate Limit）...
[03:29:55]   🔄 开始翻译 Group B (8 种语言)...
[03:31:58]   进度: 5/44, 成功: 40, 失败: 0
[03:33:58]   进度: 10/44, 成功: 80, 失败: 0
[03:36:26]   进度: 15/44, 成功: 120, 失败: 0
[03:38:28]   进度: 20/44, 成功: 160, 失败: 0
[03:40:39]   进度: 25/44, 成功: 200, 失败: 0
[03:42:21]   进度: 30/44, 成功: 240, 失败: 0
[03:44:03]   进度: 35/44, 成功: 280, 失败: 0
[03:45:53]   进度: 40/44, 成功: 320, 失败: 0
[03:47:25]   ✅ Group B 完成: 成功 352, 失败 0，已保存
  ✅ ✓ 翻译 704 条

处理素材 [38/308]: 3 tips to boost your confidence - TED-Ed... (3-tips-to-boost-your-confidence-ted-ed)
[03:47:27]   🔄 开始翻译 Group A (8 种语言)...
[03:48:06]   进度: 5/50, 成功: 40, 失败: 0
[03:48:54]   进度: 10/50, 成功: 80, 失败: 0
[03:49:39]   进度: 15/50, 成功: 120, 失败: 0
[03:50:37]   进度: 20/50, 成功: 160, 失败: 0
[03:51:22]   进度: 25/50, 成功: 200, 失败: 0
[03:52:23]   进度: 30/50, 成功: 240, 失败: 0
[03:53:29]   进度: 35/50, 成功: 280, 失败: 0
[03:54:16]   进度: 40/50, 成功: 320, 失败: 0
[03:55:20]   进度: 45/50, 成功: 360, 失败: 0
[03:56:16]   进度: 50/50, 成功: 400, 失败: 0
[03:56:20]   ✅ Group A 完成: 成功 400, 失败 0，已保存
[03:56:20]   ⏸️ 冷却 5 秒（缓解 API Rate Limit）...
[03:56:25]   🔄 开始翻译 Group B (8 种语言)...
[03:57:24]   进度: 5/50, 成功: 40, 失败: 0
[03:58:40]   进度: 10/50, 成功: 80, 失败: 0
[03:59:35]   进度: 15/50, 成功: 120, 失败: 0
[04:01:06]   进度: 20/50, 成功: 160, 失败: 0
[04:02:20]   进度: 25/50, 成功: 200, 失败: 0
[04:03:41]   进度: 30/50, 成功: 240, 失败: 0
[04:05:43]   进度: 35/50, 成功: 280, 失败: 0
[04:06:56]   进度: 40/50, 成功: 320, 失败: 0
[04:09:17]   进度: 45/50, 成功: 360, 失败: 0
[04:11:07]   进度: 50/50, 成功: 400, 失败: 0
[04:11:11]   ✅ Group B 完成: 成功 400, 失败 0，已保存
  ✅ ✓ 翻译 800 条

处理素材 [39/308]: Cam 13 Academic Listening Test 4 Part 4... (cam-13-academic-listening-test-4-part-4)
[04:11:12]   🔄 开始翻译 Group A (8 种语言)...
[04:12:30]   进度: 5/46, 成功: 40, 失败: 0
[04:13:35]   进度: 10/46, 成功: 80, 失败: 0
[04:14:50]   进度: 15/46, 成功: 120, 失败: 0
[04:16:09]   进度: 20/46, 成功: 160, 失败: 0
[04:17:12]   进度: 25/46, 成功: 200, 失败: 0
[04:18:23]   进度: 30/46, 成功: 240, 失败: 0
[04:19:23]   进度: 35/46, 成功: 280, 失败: 0
[04:20:20]   进度: 40/46, 成功: 320, 失败: 0
[04:21:12]   进度: 45/46, 成功: 360, 失败: 0
[04:21:22]   ✅ Group A 完成: 成功 368, 失败 0，已保存
[04:21:22]   ⏸️ 冷却 5 秒（缓解 API Rate Limit）...
[04:21:27]   🔄 开始翻译 Group B (8 种语言)...
[04:23:24]   进度: 5/46, 成功: 40, 失败: 0
[04:25:13]   进度: 10/46, 成功: 80, 失败: 0
[04:27:24]   进度: 15/46, 成功: 120, 失败: 0
[04:29:48]   进度: 20/46, 成功: 160, 失败: 0
[04:31:41]   进度: 25/46, 成功: 200, 失败: 0
[04:34:02]   进度: 30/46, 成功: 240, 失败: 0
[04:35:38]   进度: 35/46, 成功: 280, 失败: 0
[04:36:53]   进度: 40/46, 成功: 320, 失败: 0
[04:38:06]   进度: 45/46, 成功: 360, 失败: 0
[04:38:16]   ✅ Group B 完成: 成功 368, 失败 0，已保存
  ✅ ✓ 翻译 736 条

处理素材 [40/308]: A Rainy Day... (a-rainy-day)
[04:38:17]   🔄 开始翻译 Group A (8 种语言)...
[04:38:52]   进度: 5/40, 成功: 40, 失败: 0
[04:39:45]   进度: 10/40, 成功: 80, 失败: 0
[04:40:35]   进度: 15/40, 成功: 120, 失败: 0
[04:41:26]   进度: 20/40, 成功: 160, 失败: 0
[04:42:12]   进度: 25/40, 成功: 200, 失败: 0
[04:42:46]   进度: 30/40, 成功: 240, 失败: 0
[04:43:31]   进度: 35/40, 成功: 280, 失败: 0
[04:44:31]   进度: 40/40, 成功: 320, 失败: 0
[04:44:35]   ✅ Group A 完成: 成功 320, 失败 0，已保存
[04:44:35]   ⏸️ 冷却 5 秒（缓解 API Rate Limit）...
[04:44:40]   🔄 开始翻译 Group B (8 种语言)...
[04:45:30]   进度: 5/40, 成功: 40, 失败: 0
[04:46:47]   进度: 10/40, 成功: 80, 失败: 0
[04:47:48]   进度: 15/40, 成功: 120, 失败: 0
[04:49:00]   进度: 20/40, 成功: 160, 失败: 0
[04:50:04]   进度: 25/40, 成功: 200, 失败: 0
[04:51:08]   进度: 30/40, 成功: 240, 失败: 0
[04:52:29]   进度: 35/40, 成功: 280, 失败: 0
[04:53:57]   进度: 40/40, 成功: 320, 失败: 0
[04:54:01]   ✅ Group B 完成: 成功 320, 失败 0，已保存
  ✅ ✓ 翻译 640 条

处理素材 [41/308]: Cam 15 Academic Listening Test 4 Part 1... (cam-15-academic-listening-test-4-part-1)
[04:54:03]   🔄 开始翻译 Group A (8 种语言)...
[04:54:48]   进度: 5/72, 成功: 40, 失败: 0
[04:55:21]   进度: 10/72, 成功: 80, 失败: 0
[04:56:01]   进度: 15/72, 成功: 120, 失败: 0
[04:56:43]   进度: 20/72, 成功: 160, 失败: 0
[04:57:26]   进度: 25/72, 成功: 200, 失败: 0
[04:58:08]   进度: 30/72, 成功: 240, 失败: 0
[04:58:57]   进度: 35/72, 成功: 280, 失败: 0
[04:59:44]   进度: 40/72, 成功: 320, 失败: 0
[05:00:28]   进度: 45/72, 成功: 360, 失败: 0
[05:01:11]   进度: 50/72, 成功: 400, 失败: 0
[05:02:04]   进度: 55/72, 成功: 440, 失败: 0
[05:02:58]   进度: 60/72, 成功: 480, 失败: 0
[05:03:49]   进度: 65/72, 成功: 520, 失败: 0
[05:04:35]   进度: 70/72, 成功: 560, 失败: 0
[05:04:53]   ✅ Group A 完成: 成功 576, 失败 0，已保存
[05:04:53]   ⏸️ 冷却 5 秒（缓解 API Rate Limit）...
[05:04:58]   🔄 开始翻译 Group B (8 种语言)...
[05:06:26]   进度: 5/72, 成功: 40, 失败: 0
[05:07:14]   进度: 10/72, 成功: 80, 失败: 0
[05:08:14]   进度: 15/72, 成功: 120, 失败: 0
[05:09:13]   进度: 20/72, 成功: 160, 失败: 0
[05:10:13]   进度: 25/72, 成功: 200, 失败: 0
[05:11:25]   进度: 30/72, 成功: 240, 失败: 0
[05:13:20]   进度: 35/72, 成功: 280, 失败: 0
[05:14:35]   进度: 40/72, 成功: 320, 失败: 0
[05:16:00]   进度: 45/72, 成功: 360, 失败: 0
[05:17:00]   进度: 50/72, 成功: 400, 失败: 0
[05:18:01]   进度: 55/72, 成功: 440, 失败: 0
[05:19:33]   进度: 60/72, 成功: 480, 失败: 0
[05:20:55]   进度: 65/72, 成功: 520, 失败: 0
[05:22:15]   进度: 70/72, 成功: 560, 失败: 0
[05:22:32]   ✅ Group B 完成: 成功 576, 失败 0，已保存
  ✅ ✓ 翻译 1152 条

处理素材 [42/308]: Come to the Fair... (come-to-the-fair)
[05:22:33]   🔄 开始翻译 Group A (8 种语言)...
[05:23:38]   进度: 5/42, 成功: 40, 失败: 0
[05:24:32]   进度: 10/42, 成功: 80, 失败: 0
[05:25:37]   进度: 15/42, 成功: 120, 失败: 0
[05:26:45]   进度: 20/42, 成功: 160, 失败: 0
[05:27:55]   进度: 25/42, 成功: 200, 失败: 0
[05:28:49]   进度: 30/42, 成功: 240, 失败: 0
[05:29:50]   进度: 35/42, 成功: 280, 失败: 0
[05:30:57]   进度: 40/42, 成功: 320, 失败: 0
[05:31:20]   ✅ Group A 完成: 成功 336, 失败 0，已保存
[05:31:20]   ⏸️ 冷却 5 秒（缓解 API Rate Limit）...
[05:31:25]   🔄 开始翻译 Group B (8 种语言)...
[05:33:25]   进度: 5/42, 成功: 40, 失败: 0
[05:34:46]   进度: 10/42, 成功: 80, 失败: 0
[05:36:42]   进度: 15/42, 成功: 120, 失败: 0
[05:38:25]   进度: 20/42, 成功: 160, 失败: 0
[05:40:56]   进度: 25/42, 成功: 200, 失败: 0
[05:42:40]   进度: 30/42, 成功: 240, 失败: 0
[05:44:41]   进度: 35/42, 成功: 280, 失败: 0
[05:46:29]   进度: 40/42, 成功: 320, 失败: 0
[05:47:06]   ✅ Group B 完成: 成功 336, 失败 0，已保存
  ✅ ✓ 翻译 672 条

处理素材 [43/308]: Cam 12 Academic Listening Test 4 Part 4... (cam-12-academic-listening-test-4-part-4)
[05:47:08]   🔄 开始翻译 Group A (8 种语言)...
[05:48:18]   进度: 5/47, 成功: 40, 失败: 0
[05:49:12]   进度: 10/47, 成功: 80, 失败: 0
[05:50:13]   进度: 15/47, 成功: 120, 失败: 0
[05:51:38]   进度: 20/47, 成功: 160, 失败: 0
[05:52:43]   进度: 25/47, 成功: 200, 失败: 0
[05:53:43]   进度: 30/47, 成功: 240, 失败: 0
[05:54:53]   进度: 35/47, 成功: 280, 失败: 0
[05:55:52]   进度: 40/47, 成功: 320, 失败: 0
[05:57:04]   进度: 45/47, 成功: 360, 失败: 0
[05:57:32]   ✅ Group A 完成: 成功 376, 失败 0，已保存
[05:57:32]   ⏸️ 冷却 5 秒（缓解 API Rate Limit）...
[05:57:37]   🔄 开始翻译 Group B (8 种语言)...
[05:59:08]   进度: 5/47, 成功: 40, 失败: 0
[06:00:48]   进度: 10/47, 成功: 80, 失败: 0
[06:02:31]   进度: 15/47, 成功: 120, 失败: 0
[06:04:46]   进度: 20/47, 成功: 160, 失败: 0
[06:06:45]   进度: 25/47, 成功: 200, 失败: 0
[06:08:09]   进度: 30/47, 成功: 240, 失败: 0
[06:10:40]   进度: 35/47, 成功: 280, 失败: 0
[06:13:11]   进度: 40/47, 成功: 320, 失败: 0
[06:15:30]   进度: 45/47, 成功: 360, 失败: 0
[06:16:22]   ✅ Group B 完成: 成功 376, 失败 0，已保存
  ✅ ✓ 翻译 752 条

处理素材 [44/308]: TED Talk - How to Be Happier... (None)
[06:16:23]   🔄 开始翻译 Group A (8 种语言)...
[06:16:58]   进度: 5/10, 成功: 40, 失败: 0
[06:17:41]   进度: 10/10, 成功: 80, 失败: 0
[06:17:43]   ✅ Group A 完成: 成功 80, 失败 0，已保存
[06:17:43]   ⏸️ 冷却 5 秒（缓解 API Rate Limit）...
[06:17:48]   🔄 开始翻译 Group B (8 种语言)...
[06:18:38]   进度: 5/10, 成功: 40, 失败: 0
[06:19:56]   进度: 10/10, 成功: 80, 失败: 0
[06:19:58]   ✅ Group B 完成: 成功 80, 失败 0，已保存
  ✅ ✓ 翻译 160 条

处理素材 [45/308]: Cam 17 Academic Listening Test 3 Part 2... (cam-17-academic-listening-test-3-part-2)
[06:19:59]   🔄 开始翻译 Group A (8 种语言)...
[06:21:13]   进度: 5/44, 成功: 40, 失败: 0
[06:22:33]   进度: 10/44, 成功: 80, 失败: 0
[06:23:40]   进度: 15/44, 成功: 120, 失败: 0
[06:24:39]   进度: 20/44, 成功: 160, 失败: 0
[06:25:32]   进度: 25/44, 成功: 200, 失败: 0
[06:26:36]   进度: 30/44, 成功: 240, 失败: 0
[06:27:42]   进度: 35/44, 成功: 280, 失败: 0
[06:28:44]   进度: 40/44, 成功: 320, 失败: 0
[06:29:29]   ✅ Group A 完成: 成功 352, 失败 0，已保存
[06:29:29]   ⏸️ 冷却 5 秒（缓解 API Rate Limit）...
[06:29:34]   🔄 开始翻译 Group B (8 种语言)...
[06:31:59]   进度: 5/44, 成功: 40, 失败: 0
[06:33:58]   进度: 10/44, 成功: 80, 失败: 0
[06:35:52]   进度: 15/44, 成功: 120, 失败: 0
[06:37:32]   进度: 20/44, 成功: 160, 失败: 0
[06:39:19]   进度: 25/44, 成功: 200, 失败: 0
[06:41:12]   进度: 30/44, 成功: 240, 失败: 0
[06:42:57]   进度: 35/44, 成功: 280, 失败: 0
[06:45:02]   进度: 40/44, 成功: 320, 失败: 0
[06:46:27]   ✅ Group B 完成: 成功 352, 失败 0，已保存
  ✅ ✓ 翻译 704 条

处理素材 [46/308]: Cam 19 Academic Listening Test 2 Part 3... (cam-19-academic-listening-test-2-part-3)
[06:46:28]   🔄 开始翻译 Group A (8 种语言)...
[06:47:36]   进度: 5/58, 成功: 40, 失败: 0
[06:48:21]   进度: 10/58, 成功: 80, 失败: 0
[06:49:09]   进度: 15/58, 成功: 120, 失败: 0
[06:49:56]   进度: 20/58, 成功: 160, 失败: 0
[06:50:44]   进度: 25/58, 成功: 200, 失败: 0
[06:51:38]   进度: 30/58, 成功: 240, 失败: 0
[06:52:30]   进度: 35/58, 成功: 280, 失败: 0
[06:53:22]   进度: 40/58, 成功: 320, 失败: 0
[06:54:26]   进度: 45/58, 成功: 360, 失败: 0
[06:55:23]   进度: 50/58, 成功: 400, 失败: 0
[06:56:18]   进度: 55/58, 成功: 440, 失败: 0
[06:56:52]   ✅ Group A 完成: 成功 464, 失败 0，已保存
[06:56:52]   ⏸️ 冷却 5 秒（缓解 API Rate Limit）...
[06:56:57]   🔄 开始翻译 Group B (8 种语言)...
[06:58:47]   进度: 5/58, 成功: 40, 失败: 0
[07:00:17]   进度: 10/58, 成功: 80, 失败: 0
[07:02:06]   进度: 15/58, 成功: 120, 失败: 0
[07:04:11]   进度: 20/58, 成功: 160, 失败: 0
[07:05:28]   进度: 25/58, 成功: 200, 失败: 0
[07:06:36]   进度: 30/58, 成功: 240, 失败: 0
[07:07:55]   进度: 35/58, 成功: 280, 失败: 0
[07:09:41]   进度: 40/58, 成功: 320, 失败: 0
[07:11:40]   进度: 45/58, 成功: 360, 失败: 0
[07:13:19]   进度: 50/58, 成功: 400, 失败: 0
[07:14:50]   进度: 55/58, 成功: 440, 失败: 0
[07:15:41]   ✅ Group B 完成: 成功 464, 失败 0，已保存
  ✅ ✓ 翻译 928 条

处理素材 [47/308]: Cam 14 Academic Listening Test 3 Part 1... (cam-14-academic-listening-test-3-part-1)
[07:15:43]   🔄 开始翻译 Group A (8 种语言)...
[07:16:28]   进度: 5/56, 成功: 40, 失败: 0
[07:17:17]   进度: 10/56, 成功: 80, 失败: 0
[07:18:08]   进度: 15/56, 成功: 120, 失败: 0
[07:18:56]   进度: 20/56, 成功: 160, 失败: 0
[07:19:38]   进度: 25/56, 成功: 200, 失败: 0
[07:20:40]   进度: 30/56, 成功: 240, 失败: 0
[07:21:20]   进度: 35/56, 成功: 280, 失败: 0
[07:22:13]   进度: 40/56, 成功: 320, 失败: 0
[07:23:24]   进度: 45/56, 成功: 360, 失败: 0
[07:24:30]   进度: 50/56, 成功: 400, 失败: 0
[07:25:19]   进度: 55/56, 成功: 440, 失败: 0
[07:25:34]   ✅ Group A 完成: 成功 448, 失败 0，已保存
[07:25:34]   ⏸️ 冷却 5 秒（缓解 API Rate Limit）...
[07:25:39]   🔄 开始翻译 Group B (8 种语言)...
[07:26:37]   进度: 5/56, 成功: 40, 失败: 0
[07:27:45]   进度: 10/56, 成功: 80, 失败: 0
[07:29:08]   进度: 15/56, 成功: 120, 失败: 0
[07:30:09]   进度: 20/56, 成功: 160, 失败: 0
[07:31:32]   进度: 25/56, 成功: 200, 失败: 0
[07:32:52]   进度: 30/56, 成功: 240, 失败: 0
[07:34:02]   进度: 35/56, 成功: 280, 失败: 0
[07:35:12]   进度: 40/56, 成功: 320, 失败: 0
[07:37:00]   进度: 45/56, 成功: 360, 失败: 0
[07:38:49]   进度: 50/56, 成功: 400, 失败: 0
[07:40:35]   进度: 55/56, 成功: 440, 失败: 0
[07:40:56]   ✅ Group B 完成: 成功 448, 失败 0，已保存
  ✅ ✓ 翻译 896 条

处理素材 [48/308]: The Goose That Laid The Golden Egg | Short Stories | Aesop's... (the-goose-that-laid-the-golden-egg-short-stories-aesops-fables-in-english)
[07:40:58]   🔄 开始翻译 Group A (8 种语言)...
[07:41:54]   进度: 5/30, 成功: 40, 失败: 0
[07:42:47]   进度: 10/30, 成功: 80, 失败: 0
[07:43:53]   进度: 15/30, 成功: 120, 失败: 0
[07:44:58]   进度: 20/30, 成功: 160, 失败: 0
[07:45:50]   进度: 25/30, 成功: 200, 失败: 0
[07:46:42]   进度: 30/30, 成功: 240, 失败: 0
[07:46:46]   ✅ Group A 完成: 成功 240, 失败 0，已保存
[07:46:46]   ⏸️ 冷却 5 秒（缓解 API Rate Limit）...
[07:46:51]   🔄 开始翻译 Group B (8 种语言)...
[07:48:03]   进度: 5/30, 成功: 40, 失败: 0
[07:49:03]   进度: 10/30, 成功: 80, 失败: 0
[07:51:03]   进度: 15/30, 成功: 120, 失败: 0
[07:52:55]   进度: 20/30, 成功: 160, 失败: 0
[07:54:05]   进度: 25/30, 成功: 200, 失败: 0
[07:55:26]   进度: 30/30, 成功: 240, 失败: 0
[07:55:30]   ✅ Group B 完成: 成功 240, 失败 0，已保存
  ✅ ✓ 翻译 480 条

处理素材 [49/308]: Moral Stories In English | The Ass In The Lion's Skin | Engl... (moral-stories-in-english-the-ass-in-the-lions-skin-english-animated-short-stories)
[07:55:31]   🔄 开始翻译 Group A (8 种语言)...
[07:56:10]   进度: 5/18, 成功: 40, 失败: 0
[07:57:06]   进度: 10/18, 成功: 80, 失败: 0
[07:58:09]   进度: 15/18, 成功: 120, 失败: 0
[07:58:34]   ✅ Group A 完成: 成功 144, 失败 0，已保存
[07:58:34]   ⏸️ 冷却 5 秒（缓解 API Rate Limit）...
[07:58:39]   🔄 开始翻译 Group B (8 种语言)...
[07:59:50]   进度: 5/18, 成功: 40, 失败: 0
[08:01:14]   进度: 10/18, 成功: 80, 失败: 0
[08:03:09]   进度: 15/18, 成功: 120, 失败: 0
[08:03:52]   ✅ Group B 完成: 成功 144, 失败 0，已保存
  ✅ ✓ 翻译 288 条

处理素材 [50/308]: Elementary School... (elementary-school)
[08:03:53]   🔄 开始翻译 Group A (8 种语言)...
[08:04:25]   进度: 5/25, 成功: 40, 失败: 0
[08:05:22]   进度: 10/25, 成功: 80, 失败: 0
[08:06:06]   进度: 15/25, 成功: 120, 失败: 0
[08:06:50]   进度: 20/25, 成功: 160, 失败: 0
[08:07:33]   进度: 25/25, 成功: 200, 失败: 0
[08:07:35]   ✅ Group A 完成: 成功 200, 失败 0，已保存
[08:07:35]   ⏸️ 冷却 5 秒（缓解 API Rate Limit）...
[08:07:41]   🔄 开始翻译 Group B (8 种语言)...
[08:08:36]   进度: 5/25, 成功: 40, 失败: 0
[08:10:11]   进度: 10/25, 成功: 80, 失败: 0
[08:11:26]   进度: 15/25, 成功: 120, 失败: 0
[08:12:54]   进度: 20/25, 成功: 160, 失败: 0
[08:13:56]   进度: 25/25, 成功: 200, 失败: 0
[08:13:59]   ✅ Group B 完成: 成功 200, 失败 0，已保存
  ✅ ✓ 翻译 400 条

处理素材 [51/308]: B5L2 dialogue... (b5l2-dialogue)
[08:14:00]   🔄 开始翻译 Group A (8 种语言)...
[08:14:43]   进度: 5/26, 成功: 40, 失败: 0
[08:15:21]   进度: 10/26, 成功: 80, 失败: 0
[08:15:58]   进度: 15/26, 成功: 120, 失败: 0
[08:16:45]   进度: 20/26, 成功: 160, 失败: 0
[08:17:29]   进度: 25/26, 成功: 200, 失败: 0
[08:17:37]   ✅ Group A 完成: 成功 208, 失败 0，已保存
[08:17:37]   ⏸️ 冷却 5 秒（缓解 API Rate Limit）...
[08:17:42]   🔄 开始翻译 Group B (8 种语言)...
[08:18:37]   进度: 5/26, 成功: 40, 失败: 0
[08:19:32]   进度: 10/26, 成功: 80, 失败: 0
[08:20:29]   进度: 15/26, 成功: 120, 失败: 0
[08:21:33]   进度: 20/26, 成功: 160, 失败: 0
[08:22:39]   进度: 25/26, 成功: 200, 失败: 0
[08:22:50]   ✅ Group B 完成: 成功 208, 失败 0，已保存
  ✅ ✓ 翻译 416 条

处理素材 [52/308]: Talking about daily routines in English (present simple)... (talking-about-daily-routines-in-english-present-simple)
[08:22:52]   🔄 开始翻译 Group A (8 种语言)...
[08:23:33]   进度: 5/12, 成功: 40, 失败: 0
[08:24:29]   进度: 10/12, 成功: 80, 失败: 0
[08:24:53]   ✅ Group A 完成: 成功 96, 失败 0，已保存
[08:24:53]   ⏸️ 冷却 5 秒（缓解 API Rate Limit）...
[08:24:58]   🔄 开始翻译 Group B (8 种语言)...
[08:26:05]   进度: 5/12, 成功: 40, 失败: 0
[08:27:39]   进度: 10/12, 成功: 80, 失败: 0
[08:28:22]   ✅ Group B 完成: 成功 96, 失败 0，已保存
  ✅ ✓ 翻译 192 条

处理素材 [53/308]: B4L6 dialogue... (b4l6-dialogue)
[08:28:23]   🔄 开始翻译 Group A (8 种语言)...
[08:29:11]   进度: 5/22, 成功: 40, 失败: 0
[08:29:51]   进度: 10/22, 成功: 80, 失败: 0
[08:30:36]   进度: 15/22, 成功: 120, 失败: 0
[08:31:13]   进度: 20/22, 成功: 160, 失败: 0
[08:31:28]   ✅ Group A 完成: 成功 176, 失败 0，已保存
[08:31:28]   ⏸️ 冷却 5 秒（缓解 API Rate Limit）...
[08:31:33]   🔄 开始翻译 Group B (8 种语言)...
[08:32:36]   进度: 5/22, 成功: 40, 失败: 0
[08:33:24]   进度: 10/22, 成功: 80, 失败: 0
[08:34:21]   进度: 15/22, 成功: 120, 失败: 0
[08:35:12]   进度: 20/22, 成功: 160, 失败: 0
[08:35:38]   ✅ Group B 完成: 成功 176, 失败 0，已保存
  ✅ ✓ 翻译 352 条

处理素材 [54/308]: My Mother... (my-mother)
[08:35:39]   🔄 开始翻译 Group A (8 种语言)...
[08:36:24]   进度: 5/27, 成功: 40, 失败: 0
[08:37:15]   进度: 10/27, 成功: 80, 失败: 0
[08:37:54]   进度: 15/27, 成功: 120, 失败: 0
[08:38:49]   进度: 20/27, 成功: 160, 失败: 0
[08:39:30]   进度: 25/27, 成功: 200, 失败: 0
[08:39:45]   ✅ Group A 完成: 成功 216, 失败 0，已保存
[08:39:45]   ⏸️ 冷却 5 秒（缓解 API Rate Limit）...
[08:39:50]   🔄 开始翻译 Group B (8 种语言)...
[08:40:54]   进度: 5/27, 成功: 40, 失败: 0
[08:42:34]   进度: 10/27, 成功: 80, 失败: 0
[08:44:11]   进度: 15/27, 成功: 120, 失败: 0
[08:45:27]   进度: 20/27, 成功: 160, 失败: 0
[08:46:26]   进度: 25/27, 成功: 200, 失败: 0
[08:46:47]   ✅ Group B 完成: 成功 216, 失败 0，已保存
  ✅ ✓ 翻译 432 条

处理素材 [55/308]: Memories... (memories)
[08:46:49]   🔄 开始翻译 Group A (8 种语言)...
[08:47:37]   进度: 5/21, 成功: 40, 失败: 0
[08:48:17]   进度: 10/21, 成功: 80, 失败: 0
[08:49:11]   进度: 15/21, 成功: 120, 失败: 0
[08:49:59]   进度: 20/21, 成功: 160, 失败: 0
[08:50:09]   ✅ Group A 完成: 成功 168, 失败 0，已保存
[08:50:09]   ⏸️ 冷却 5 秒（缓解 API Rate Limit）...
[08:50:15]   🔄 开始翻译 Group B (8 种语言)...
[08:51:43]   进度: 5/21, 成功: 40, 失败: 0
[08:52:44]   进度: 10/21, 成功: 80, 失败: 0
[08:54:29]   进度: 15/21, 成功: 120, 失败: 0
[08:55:58]   进度: 20/21, 成功: 160, 失败: 0
[08:56:18]   ✅ Group B 完成: 成功 168, 失败 0，已保存
  ✅ ✓ 翻译 336 条

处理素材 [56/308]: Halloween (3)... (halloween-3)
[08:56:20]   🔄 开始翻译 Group A (8 种语言)...
[08:57:02]   进度: 5/27, 成功: 40, 失败: 0
[08:57:45]   进度: 10/27, 成功: 80, 失败: 0
[08:58:33]   进度: 15/27, 成功: 120, 失败: 0
[08:59:33]   进度: 20/27, 成功: 160, 失败: 0
[09:00:38]   进度: 25/27, 成功: 200, 失败: 0
[09:01:01]   ✅ Group A 完成: 成功 216, 失败 0，已保存
[09:01:01]   ⏸️ 冷却 5 秒（缓解 API Rate Limit）...
[09:01:06]   🔄 开始翻译 Group B (8 种语言)...
[09:02:25]   进度: 5/27, 成功: 40, 失败: 0
[09:03:42]   进度: 10/27, 成功: 80, 失败: 0
[09:05:08]   进度: 15/27, 成功: 120, 失败: 0
[09:06:34]   进度: 20/27, 成功: 160, 失败: 0
[09:08:35]   进度: 25/27, 成功: 200, 失败: 0
[09:09:20]   ✅ Group B 完成: 成功 216, 失败 0，已保存
  ✅ ✓ 翻译 432 条

处理素材 [57/308]: New Year's Day... (new-years-day)
[09:09:21]   🔄 开始翻译 Group A (8 种语言)...
[09:09:58]   进度: 5/26, 成功: 40, 失败: 0
[09:10:39]   进度: 10/26, 成功: 80, 失败: 0
[09:11:31]   进度: 15/26, 成功: 120, 失败: 0
[09:12:17]   进度: 20/26, 成功: 160, 失败: 0
[09:13:16]   进度: 25/26, 成功: 200, 失败: 0
[09:13:30]   ✅ Group A 完成: 成功 208, 失败 0，已保存
[09:13:30]   ⏸️ 冷却 5 秒（缓解 API Rate Limit）...
[09:13:35]   🔄 开始翻译 Group B (8 种语言)...
[09:14:37]   进度: 5/26, 成功: 40, 失败: 0
[09:15:38]   进度: 10/26, 成功: 80, 失败: 0
[09:16:59]   进度: 15/26, 成功: 120, 失败: 0
[09:18:22]   进度: 20/26, 成功: 160, 失败: 0
[09:19:41]   进度: 25/26, 成功: 200, 失败: 0
[09:20:08]   ✅ Group B 完成: 成功 208, 失败 0，已保存
  ✅ ✓ 翻译 416 条

处理素材 [58/308]: Valentine's Day Story Culture and History Stories for Kids... (valentines-day-story-culture-and-history-stories-for-kids)
[09:20:09]   🔄 开始翻译 Group A (8 种语言)...
[09:20:57]   进度: 5/49, 成功: 40, 失败: 0
[09:21:36]   进度: 10/49, 成功: 80, 失败: 0
[09:22:10]   进度: 15/49, 成功: 120, 失败: 0
[09:22:47]   进度: 20/49, 成功: 160, 失败: 0
[09:23:21]   进度: 25/49, 成功: 200, 失败: 0
[09:24:03]   进度: 30/49, 成功: 240, 失败: 0
[09:24:43]   进度: 35/49, 成功: 280, 失败: 0
[09:25:18]   进度: 40/49, 成功: 320, 失败: 0
[09:25:50]   进度: 45/49, 成功: 360, 失败: 0
[09:26:26]   ✅ Group A 完成: 成功 392, 失败 0，已保存
[09:26:26]   ⏸️ 冷却 5 秒（缓解 API Rate Limit）...
[09:26:31]   🔄 开始翻译 Group B (8 种语言)...
[09:27:37]   进度: 5/49, 成功: 40, 失败: 0
[09:28:18]   进度: 10/49, 成功: 80, 失败: 0
[09:29:00]   进度: 15/49, 成功: 120, 失败: 0
[09:29:47]   进度: 20/49, 成功: 160, 失败: 0
[09:30:27]   进度: 25/49, 成功: 200, 失败: 0
[09:31:15]   进度: 30/49, 成功: 240, 失败: 0
[09:32:01]   进度: 35/49, 成功: 280, 失败: 0
[09:32:47]   进度: 40/49, 成功: 320, 失败: 0
[09:33:31]   进度: 45/49, 成功: 360, 失败: 0
[09:34:33]   ✅ Group B 完成: 成功 392, 失败 0，已保存
  ✅ ✓ 翻译 784 条

处理素材 [59/308]: Cam 15 Academic Listening Test 3 Part 4... (cam-15-academic-listening-test-3-part-4)
[09:34:35]   🔄 开始翻译 Group A (8 种语言)...
[09:35:59]   进度: 5/34, 成功: 40, 失败: 0
[09:37:07]   进度: 10/34, 成功: 80, 失败: 0
[09:38:28]   进度: 15/34, 成功: 120, 失败: 0
[09:39:43]   进度: 20/34, 成功: 160, 失败: 0
[09:41:11]   进度: 25/34, 成功: 200, 失败: 0
[09:42:40]   进度: 30/34, 成功: 240, 失败: 0
[09:43:45]   ✅ Group A 完成: 成功 272, 失败 0，已保存
[09:43:45]   ⏸️ 冷却 5 秒（缓解 API Rate Limit）...
[09:43:50]   🔄 开始翻译 Group B (8 种语言)...
[09:46:16]   进度: 5/34, 成功: 40, 失败: 0
[09:48:40]   进度: 10/34, 成功: 80, 失败: 0
[09:51:01]   进度: 15/34, 成功: 120, 失败: 0
[09:53:24]   进度: 20/34, 成功: 160, 失败: 0
[09:56:57]   进度: 25/34, 成功: 200, 失败: 0
[09:58:50]   进度: 30/34, 成功: 240, 失败: 0
[10:00:53]   ✅ Group B 完成: 成功 272, 失败 0，已保存
  ✅ ✓ 翻译 544 条

处理素材 [60/308]: Cam 14 Academic Listening Test 3 Part 2... (cam-14-academic-listening-test-3-part-2)
[10:00:55]   🔄 开始翻译 Group A (8 种语言)...
[10:02:07]   进度: 5/41, 成功: 40, 失败: 0
[10:03:24]   进度: 10/41, 成功: 80, 失败: 0
[10:04:21]   进度: 15/41, 成功: 120, 失败: 0
[10:05:46]   进度: 20/41, 成功: 160, 失败: 0
[10:06:44]   进度: 25/41, 成功: 200, 失败: 0
[10:07:43]   进度: 30/41, 成功: 240, 失败: 0
[10:09:02]   进度: 35/41, 成功: 280, 失败: 0
[10:10:03]   进度: 40/41, 成功: 320, 失败: 0
[10:10:13]   ✅ Group A 完成: 成功 328, 失败 0，已保存
[10:10:13]   ⏸️ 冷却 5 秒（缓解 API Rate Limit）...
[10:10:18]   🔄 开始翻译 Group B (8 种语言)...
[10:12:38]   进度: 5/41, 成功: 40, 失败: 0
[10:15:19]   进度: 10/41, 成功: 80, 失败: 0
[10:16:59]   进度: 15/41, 成功: 120, 失败: 0
[10:19:31]   进度: 20/41, 成功: 160, 失败: 0
[10:20:59]   进度: 25/41, 成功: 200, 失败: 0
[10:23:13]   进度: 30/41, 成功: 240, 失败: 0
[10:25:19]   进度: 35/41, 成功: 280, 失败: 0
[10:27:09]   进度: 40/41, 成功: 320, 失败: 0
[10:27:21]   ✅ Group B 完成: 成功 328, 失败 0，已保存
  ✅ ✓ 翻译 656 条

处理素材 [61/308]: Cam 17 Academic Listening Test 3 Part 1... (cam-17-academic-listening-test-3-part-1)
[10:27:23]   🔄 开始翻译 Group A (8 种语言)...
[10:28:38]   进度: 5/54, 成功: 40, 失败: 0
[10:29:32]   进度: 10/54, 成功: 80, 失败: 0
[10:30:22]   进度: 15/54, 成功: 120, 失败: 0
[10:31:16]   进度: 20/54, 成功: 160, 失败: 0
[10:32:14]   进度: 25/54, 成功: 200, 失败: 0
[10:33:05]   进度: 30/54, 成功: 240, 失败: 0
[10:34:03]   进度: 35/54, 成功: 280, 失败: 0
[10:34:57]   进度: 40/54, 成功: 320, 失败: 0
[10:35:54]   进度: 45/54, 成功: 360, 失败: 0
[10:36:45]   进度: 50/54, 成功: 400, 失败: 0
[10:37:40]   ✅ Group A 完成: 成功 432, 失败 0，已保存
[10:37:40]   ⏸️ 冷却 5 秒（缓解 API Rate Limit）...
[10:37:45]   🔄 开始翻译 Group B (8 种语言)...
[10:40:13]   进度: 5/54, 成功: 40, 失败: 0
[10:41:58]   进度: 10/54, 成功: 80, 失败: 0
[10:43:25]   进度: 15/54, 成功: 120, 失败: 0
[10:44:45]   进度: 20/54, 成功: 160, 失败: 0
[10:46:09]   进度: 25/54, 成功: 200, 失败: 0
[10:47:59]   进度: 30/54, 成功: 240, 失败: 0
[10:49:36]   进度: 35/54, 成功: 280, 失败: 0
[10:51:10]   进度: 40/54, 成功: 320, 失败: 0
[10:52:55]   进度: 45/54, 成功: 360, 失败: 0
[10:54:30]   进度: 50/54, 成功: 400, 失败: 0
[10:55:47]   ✅ Group B 完成: 成功 432, 失败 0，已保存
  ✅ ✓ 翻译 864 条

处理素材 [62/308]: Cam 12 Academic Listening Test 3 Part 2... (cam-12-academic-listening-test-3-part-2)
[10:55:49]   🔄 开始翻译 Group A (8 种语言)...
[10:57:09]   进度: 5/38, 成功: 40, 失败: 0
[10:58:45]   进度: 10/38, 成功: 80, 失败: 0
[11:00:00]   进度: 15/38, 成功: 120, 失败: 0
[11:01:33]   进度: 20/38, 成功: 160, 失败: 0
[11:02:49]   进度: 25/38, 成功: 200, 失败: 0
[11:04:03]   进度: 30/38, 成功: 240, 失败: 0
[11:05:14]   进度: 35/38, 成功: 280, 失败: 0
[11:05:58]   ✅ Group A 完成: 成功 304, 失败 0，已保存
[11:05:58]   ⏸️ 冷却 5 秒（缓解 API Rate Limit）...
[11:06:03]   🔄 开始翻译 Group B (8 种语言)...
[11:08:16]   进度: 5/38, 成功: 40, 失败: 0
[11:11:11]   进度: 10/38, 成功: 80, 失败: 0
[11:13:28]   进度: 15/38, 成功: 120, 失败: 0
[11:17:03]   进度: 20/38, 成功: 160, 失败: 0
[11:18:52]   进度: 25/38, 成功: 200, 失败: 0
[11:21:54]   进度: 30/38, 成功: 240, 失败: 0
[11:24:03]   进度: 35/38, 成功: 280, 失败: 0
[11:24:56]   ✅ Group B 完成: 成功 304, 失败 0，已保存
  ✅ ✓ 翻译 608 条

处理素材 [63/308]: Handel's 'Messiah'... (handels-messiah)
[11:24:57]   🔄 开始翻译 Group A (8 种语言)...
[11:26:10]   进度: 5/37, 成功: 40, 失败: 0
[11:27:09]   进度: 10/37, 成功: 80, 失败: 0
[11:28:16]   进度: 15/37, 成功: 120, 失败: 0
[11:29:36]   进度: 20/37, 成功: 160, 失败: 0
[11:30:32]   进度: 25/37, 成功: 200, 失败: 0
[11:31:57]   进度: 30/37, 成功: 240, 失败: 0
[11:32:59]   进度: 35/37, 成功: 280, 失败: 0
[11:33:35]   ✅ Group A 完成: 成功 296, 失败 0，已保存
[11:33:35]   ⏸️ 冷却 5 秒（缓解 API Rate Limit）...
[11:33:40]   🔄 开始翻译 Group B (8 种语言)...
[11:35:10]   进度: 5/37, 成功: 40, 失败: 0
[11:36:53]   进度: 10/37, 成功: 80, 失败: 0
[11:39:02]   进度: 15/37, 成功: 120, 失败: 0
[11:40:53]   进度: 20/37, 成功: 160, 失败: 0
[11:42:44]   进度: 25/37, 成功: 200, 失败: 0
[11:45:50]   进度: 30/37, 成功: 240, 失败: 0
[11:47:27]   进度: 35/37, 成功: 280, 失败: 0
[11:48:18]   ✅ Group B 完成: 成功 296, 失败 0，已保存
  ✅ ✓ 翻译 592 条

处理素材 [64/308]: Jack and the beanstalk - Kids Stories - LearnEnglish Kids Br... (jack-and-the-beanstalk-kids-stories-learnenglish-kids-british-council)
[11:48:20]   🔄 开始翻译 Group A (8 种语言)...
[11:49:06]   进度: 5/36, 成功: 40, 失败: 0
[11:49:55]   进度: 10/36, 成功: 80, 失败: 0
[11:50:39]   进度: 15/36, 成功: 120, 失败: 0
[11:51:20]   进度: 20/36, 成功: 160, 失败: 0
[11:52:06]   进度: 25/36, 成功: 200, 失败: 0
[11:52:49]   进度: 30/36, 成功: 240, 失败: 0
[11:53:37]   进度: 35/36, 成功: 280, 失败: 0
[11:53:54]   ✅ Group A 完成: 成功 288, 失败 0，已保存
[11:53:54]   ⏸️ 冷却 5 秒（缓解 API Rate Limit）...
[11:53:59]   🔄 开始翻译 Group B (8 种语言)...
[11:55:01]   进度: 5/36, 成功: 40, 失败: 0
[11:56:01]   进度: 10/36, 成功: 80, 失败: 0
[11:57:03]   进度: 15/36, 成功: 120, 失败: 0
[11:58:08]   进度: 20/36, 成功: 160, 失败: 0
[11:59:02]   进度: 25/36, 成功: 200, 失败: 0
[12:00:07]   进度: 30/36, 成功: 240, 失败: 0
[12:01:12]   进度: 35/36, 成功: 280, 失败: 0
[12:01:33]   ✅ Group B 完成: 成功 288, 失败 0，已保存
  ✅ ✓ 翻译 576 条

处理素材 [65/308]: Cam 13 Academic Listening Test 4 Part 2... (cam-13-academic-listening-test-4-part-2)
[12:01:35]   🔄 开始翻译 Group A (8 种语言)...
[12:02:43]   进度: 5/43, 成功: 40, 失败: 0
[12:04:01]   进度: 10/43, 成功: 80, 失败: 0
[12:05:07]   进度: 15/43, 成功: 120, 失败: 0
[12:06:30]   进度: 20/43, 成功: 160, 失败: 0
[12:07:21]   进度: 25/43, 成功: 200, 失败: 0
[12:08:27]   进度: 30/43, 成功: 240, 失败: 0
[12:09:52]   进度: 35/43, 成功: 280, 失败: 0
[12:11:12]   进度: 40/43, 成功: 320, 失败: 0
[12:11:57]   ✅ Group A 完成: 成功 344, 失败 0，已保存
[12:11:57]   ⏸️ 冷却 5 秒（缓解 API Rate Limit）...
[12:12:02]   🔄 开始翻译 Group B (8 种语言)...
[12:14:10]   进度: 5/43, 成功: 40, 失败: 0
[12:16:48]   进度: 10/43, 成功: 70, 失败: 10
[12:19:00]   进度: 15/43, 成功: 70, 失败: 50
[12:21:06]   进度: 20/43, 成功: 85, 失败: 75
[12:22:52]   进度: 25/43, 成功: 125, 失败: 75
[12:24:25]   进度: 30/43, 成功: 165, 失败: 75
[12:27:18]   进度: 35/43, 成功: 205, 失败: 75
[12:29:47]   进度: 40/43, 成功: 245, 失败: 75
[12:31:06]   ✅ Group B 完成: 成功 269, 失败 75，已保存
  ✅ ✓ 翻译 613 条，失败 75 条 [TODO_RETRY]

处理素材 [66/308]: Cam 19 Academic Listening Test 2 Part 2... (cam-19-academic-listening-test-2-part-2)
[12:31:08]   🔄 开始翻译 Group A (8 种语言)...
[12:32:12]   进度: 5/39, 成功: 40, 失败: 0
[12:33:20]   进度: 10/39, 成功: 80, 失败: 0
[12:34:19]   进度: 15/39, 成功: 120, 失败: 0
[12:35:17]   进度: 20/39, 成功: 160, 失败: 0
[12:37:02]   进度: 25/39, 成功: 200, 失败: 0
[12:38:10]   进度: 30/39, 成功: 240, 失败: 0
[12:39:32]   进度: 35/39, 成功: 280, 失败: 0
[12:40:20]   ✅ Group A 完成: 成功 312, 失败 0，已保存
[12:40:20]   ⏸️ 冷却 5 秒（缓解 API Rate Limit）...
[12:40:25]   🔄 开始翻译 Group B (8 种语言)...
[12:42:24]   进度: 5/39, 成功: 40, 失败: 0
[12:44:28]   进度: 10/39, 成功: 80, 失败: 0
[12:46:56]   进度: 15/39, 成功: 120, 失败: 0
[12:48:54]   进度: 20/39, 成功: 160, 失败: 0
[12:52:21]   进度: 25/39, 成功: 200, 失败: 0
[12:54:44]   进度: 30/39, 成功: 240, 失败: 0
[12:57:01]   进度: 35/39, 成功: 280, 失败: 0
[12:58:40]   ✅ Group B 完成: 成功 312, 失败 0，已保存
  ✅ ✓ 翻译 624 条

处理素材 [67/308]: Cam 14 Academic Listening Test 3 Part 3... (cam-14-academic-listening-test-3-part-3)
[12:58:42]   🔄 开始翻译 Group A (8 种语言)...
[12:59:32]   进度: 5/46, 成功: 40, 失败: 0
[13:00:30]   进度: 10/46, 成功: 80, 失败: 0
[13:01:37]   进度: 15/46, 成功: 120, 失败: 0
[13:02:43]   进度: 20/46, 成功: 160, 失败: 0
[13:04:14]   进度: 25/46, 成功: 200, 失败: 0
[13:05:01]   进度: 30/46, 成功: 240, 失败: 0
[13:06:12]   进度: 35/46, 成功: 280, 失败: 0
[13:07:09]   进度: 40/46, 成功: 320, 失败: 0
[13:08:27]   进度: 45/46, 成功: 360, 失败: 0
[13:08:38]   ✅ Group A 完成: 成功 368, 失败 0，已保存
[13:08:38]   ⏸️ 冷却 5 秒（缓解 API Rate Limit）...
[13:08:43]   🔄 开始翻译 Group B (8 种语言)...
[13:10:02]   进度: 5/46, 成功: 40, 失败: 0
[13:11:26]   进度: 10/46, 成功: 80, 失败: 0
[13:13:22]   进度: 15/46, 成功: 120, 失败: 0
[13:14:57]   进度: 20/46, 成功: 160, 失败: 0
[13:17:58]   进度: 25/46, 成功: 200, 失败: 0
[13:19:05]   进度: 30/46, 成功: 240, 失败: 0
[13:20:55]   进度: 35/46, 成功: 280, 失败: 0
[13:22:42]   进度: 40/46, 成功: 320, 失败: 0
[13:25:04]   进度: 45/46, 成功: 360, 失败: 0
[13:25:17]   ✅ Group B 完成: 成功 368, 失败 0，已保存
  ✅ ✓ 翻译 736 条

处理素材 [68/308]: Getting Old... (getting-old)
[13:25:19]   🔄 开始翻译 Group A (8 种语言)...
[13:26:15]   进度: 5/33, 成功: 40, 失败: 0
[13:26:53]   进度: 10/33, 成功: 80, 失败: 0
[13:27:32]   进度: 15/33, 成功: 120, 失败: 0
[13:28:07]   进度: 20/33, 成功: 160, 失败: 0
[13:28:48]   进度: 25/33, 成功: 200, 失败: 0
[13:29:33]   进度: 30/33, 成功: 240, 失败: 0
[13:29:55]   ✅ Group A 完成: 成功 264, 失败 0，已保存
[13:29:55]   ⏸️ 冷却 5 秒（缓解 API Rate Limit）...
[13:30:00]   🔄 开始翻译 Group B (8 种语言)...
[13:31:07]   进度: 5/33, 成功: 40, 失败: 0
[13:32:07]   进度: 10/33, 成功: 80, 失败: 0
[13:33:29]   进度: 15/33, 成功: 120, 失败: 0
[13:34:33]   进度: 20/33, 成功: 160, 失败: 0
[13:35:56]   进度: 25/33, 成功: 200, 失败: 0
[13:37:24]   进度: 30/33, 成功: 240, 失败: 0
[13:37:58]   ✅ Group B 完成: 成功 264, 失败 0，已保存
  ✅ ✓ 翻译 528 条

处理素材 [69/308]: Cam 11 Academic Listening Test 1 Part 2... (cam-11-academic-listening-test-1-part-2)
[13:37:59]   🔄 开始翻译 Group A (8 种语言)...
[13:39:10]   进度: 5/39, 成功: 40, 失败: 0
[13:40:26]   进度: 10/39, 成功: 80, 失败: 0
[13:41:41]   进度: 15/39, 成功: 120, 失败: 0
[13:42:54]   进度: 20/39, 成功: 160, 失败: 0
[13:43:58]   进度: 25/39, 成功: 200, 失败: 0
[13:45:27]   进度: 30/39, 成功: 240, 失败: 0
[13:46:37]   进度: 35/39, 成功: 280, 失败: 0
[13:47:30]   ✅ Group A 完成: 成功 312, 失败 0，已保存
[13:47:30]   ⏸️ 冷却 5 秒（缓解 API Rate Limit）...
[13:47:35]   🔄 开始翻译 Group B (8 种语言)...
[13:49:45]   进度: 5/39, 成功: 40, 失败: 0
[13:51:41]   进度: 10/39, 成功: 80, 失败: 0
[13:54:28]   进度: 15/39, 成功: 120, 失败: 0
[13:56:18]   进度: 20/39, 成功: 160, 失败: 0
[13:58:13]   进度: 25/39, 成功: 200, 失败: 0
[14:00:37]   进度: 30/39, 成功: 240, 失败: 0
[14:02:47]   进度: 35/39, 成功: 280, 失败: 0
[14:04:22]   ✅ Group B 完成: 成功 312, 失败 0，已保存
  ✅ ✓ 翻译 624 条

处理素材 [70/308]: Cam 17 Academic Listening Test 2 Part 4... (cam-17-academic-listening-test-2-part-4)
[14:04:24]   🔄 开始翻译 Group A (8 种语言)...
[14:05:57]   进度: 5/37, 成功: 40, 失败: 0
[14:06:59]   进度: 10/37, 成功: 80, 失败: 0
[14:08:20]   进度: 15/37, 成功: 120, 失败: 0
[14:09:37]   进度: 20/37, 成功: 160, 失败: 0
[14:11:08]   进度: 25/37, 成功: 200, 失败: 0
[14:12:22]   进度: 30/37, 成功: 240, 失败: 0
[14:13:32]   进度: 35/37, 成功: 280, 失败: 0
[14:14:11]   ✅ Group A 完成: 成功 296, 失败 0，已保存
[14:14:12]   ⏸️ 冷却 5 秒（缓解 API Rate Limit）...
[14:14:17]   🔄 开始翻译 Group B (8 种语言)...
[14:17:26]   进度: 5/37, 成功: 40, 失败: 0
[14:19:13]   进度: 10/37, 成功: 80, 失败: 0
[14:21:29]   进度: 15/37, 成功: 120, 失败: 0
[14:23:56]   进度: 20/37, 成功: 160, 失败: 0
[14:27:36]   进度: 25/37, 成功: 200, 失败: 0
[14:29:32]   进度: 30/37, 成功: 240, 失败: 0
[14:31:12]   进度: 35/37, 成功: 280, 失败: 0
[14:32:01]   ✅ Group B 完成: 成功 296, 失败 0，已保存
  ✅ ✓ 翻译 592 条

处理素材 [71/308]: Cam 11 Academic Listening Test 2 Part 1... (cam-11-academic-listening-test-2-part-1)
[14:32:03]   🔄 开始翻译 Group A (8 种语言)...
[14:32:50]   进度: 5/64, 成功: 40, 失败: 0
[14:33:48]   进度: 10/64, 成功: 80, 失败: 0
[14:34:40]   进度: 15/64, 成功: 120, 失败: 0
[14:35:33]   进度: 20/64, 成功: 160, 失败: 0
[14:36:29]   进度: 25/64, 成功: 200, 失败: 0
[14:37:28]   进度: 30/64, 成功: 240, 失败: 0
[14:38:25]   进度: 35/64, 成功: 280, 失败: 0
[14:39:32]   进度: 40/64, 成功: 320, 失败: 0
[14:40:44]   进度: 45/64, 成功: 360, 失败: 0
[14:41:51]   进度: 50/64, 成功: 400, 失败: 0
[14:42:33]   进度: 55/64, 成功: 440, 失败: 0
[14:43:21]   进度: 60/64, 成功: 480, 失败: 0
[14:43:58]   ✅ Group A 完成: 成功 512, 失败 0，已保存
[14:43:58]   ⏸️ 冷却 5 秒（缓解 API Rate Limit）...
[14:44:03]   🔄 开始翻译 Group B (8 种语言)...
[14:45:33]   进度: 5/64, 成功: 40, 失败: 0
[14:47:33]   进度: 10/64, 成功: 80, 失败: 0
[14:48:44]   进度: 15/64, 成功: 120, 失败: 0
[14:50:18]   进度: 20/64, 成功: 160, 失败: 0
[14:51:50]   进度: 25/64, 成功: 200, 失败: 0
[14:54:01]   进度: 30/64, 成功: 240, 失败: 0
[14:55:56]   进度: 35/64, 成功: 280, 失败: 0
[14:57:45]   进度: 40/64, 成功: 320, 失败: 0
[14:59:14]   进度: 45/64, 成功: 360, 失败: 0
[15:00:55]   进度: 50/64, 成功: 400, 失败: 0
[15:01:40]   进度: 55/64, 成功: 440, 失败: 0
[15:03:01]   进度: 60/64, 成功: 480, 失败: 0
[15:03:56]   ✅ Group B 完成: 成功 512, 失败 0，已保存
  ✅ ✓ 翻译 1024 条

处理素材 [72/308]: B3L3 Dialogue... (b3l3-dialogue)
[15:03:57]   🔄 开始翻译 Group A (8 种语言)...
[15:04:51]   进度: 5/15, 成功: 40, 失败: 0
[15:05:59]   进度: 10/15, 成功: 80, 失败: 0
[15:06:42]   进度: 15/15, 成功: 120, 失败: 0
[15:06:43]   ✅ Group A 完成: 成功 120, 失败 0，已保存
[15:06:43]   ⏸️ 冷却 5 秒（缓解 API Rate Limit）...
[15:06:48]   🔄 开始翻译 Group B (8 种语言)...
[15:08:00]   进度: 5/15, 成功: 40, 失败: 0
[15:09:24]   进度: 10/15, 成功: 80, 失败: 0
[15:10:48]   进度: 15/15, 成功: 120, 失败: 0
[15:10:49]   ✅ Group B 完成: 成功 120, 失败 0，已保存
  ✅ ✓ 翻译 240 条

处理素材 [73/308]: Homework... (homework)
[15:10:51]   🔄 开始翻译 Group A (8 种语言)...
[15:11:45]   进度: 5/30, 成功: 40, 失败: 0
[15:12:35]   进度: 10/30, 成功: 80, 失败: 0
[15:13:22]   进度: 15/30, 成功: 120, 失败: 0
[15:14:17]   进度: 20/30, 成功: 160, 失败: 0
[15:15:19]   进度: 25/30, 成功: 200, 失败: 0
[15:16:20]   进度: 30/30, 成功: 240, 失败: 0
[15:16:22]   ✅ Group A 完成: 成功 240, 失败 0，已保存
[15:16:22]   ⏸️ 冷却 5 秒（缓解 API Rate Limit）...
[15:16:27]   🔄 开始翻译 Group B (8 种语言)...
[15:17:45]   进度: 5/30, 成功: 40, 失败: 0
[15:19:11]   进度: 10/30, 成功: 80, 失败: 0
[15:20:29]   进度: 15/30, 成功: 120, 失败: 0
[15:22:02]   进度: 20/30, 成功: 160, 失败: 0
[15:23:35]   进度: 25/30, 成功: 200, 失败: 0
[15:25:33]   进度: 30/30, 成功: 240, 失败: 0
[15:25:35]   ✅ Group B 完成: 成功 240, 失败 0，已保存
  ✅ ✓ 翻译 480 条

处理素材 [74/308]: Cam 12 Academic Listening Test 4 Part 2... (cam-12-academic-listening-test-4-part-2)
[15:25:36]   🔄 开始翻译 Group A (8 种语言)...
[15:26:53]   进度: 5/39, 成功: 40, 失败: 0
[15:28:29]   进度: 10/39, 成功: 80, 失败: 0
[15:29:45]   进度: 15/39, 成功: 120, 失败: 0
[15:30:53]   进度: 20/39, 成功: 160, 失败: 0
[15:31:50]   进度: 25/39, 成功: 200, 失败: 0
[15:32:46]   进度: 30/39, 成功: 240, 失败: 0
[15:33:37]   进度: 35/39, 成功: 280, 失败: 0
[15:34:36]   ✅ Group A 完成: 成功 312, 失败 0，已保存
[15:34:36]   ⏸️ 冷却 5 秒（缓解 API Rate Limit）...
[15:34:41]   🔄 开始翻译 Group B (8 种语言)...
[15:38:06]   进度: 5/39, 成功: 40, 失败: 0
[15:41:29]   进度: 10/39, 成功: 80, 失败: 0
[15:44:05]   进度: 15/39, 成功: 120, 失败: 0
[15:46:03]   进度: 20/39, 成功: 160, 失败: 0
[15:47:57]   进度: 25/39, 成功: 200, 失败: 0
[15:49:49]   进度: 30/39, 成功: 240, 失败: 0
[15:51:43]   进度: 35/39, 成功: 280, 失败: 0
[15:53:08]   ✅ Group B 完成: 成功 312, 失败 0，已保存
  ✅ ✓ 翻译 624 条

处理素材 [75/308]: Cam 15 Academic Listening Test 3 Part 3... (cam-15-academic-listening-test-3-part-3)
[15:53:09]   🔄 开始翻译 Group A (8 种语言)...
[15:54:20]   进度: 5/46, 成功: 40, 失败: 0
[15:55:29]   进度: 10/46, 成功: 80, 失败: 0
[15:56:40]   进度: 15/46, 成功: 120, 失败: 0
[15:57:35]   进度: 20/46, 成功: 160, 失败: 0
[15:58:41]   进度: 25/46, 成功: 200, 失败: 0
[16:00:09]   进度: 30/46, 成功: 240, 失败: 0
[16:01:11]   进度: 35/46, 成功: 280, 失败: 0
[16:02:25]   进度: 40/46, 成功: 320, 失败: 0
[16:03:45]   进度: 45/46, 成功: 360, 失败: 0
[16:03:54]   ✅ Group A 完成: 成功 368, 失败 0，已保存
[16:03:54]   ⏸️ 冷却 5 秒（缓解 API Rate Limit）...
[16:03:59]   🔄 开始翻译 Group B (8 种语言)...
[16:06:18]   进度: 5/46, 成功: 40, 失败: 0
[16:08:07]   进度: 10/46, 成功: 80, 失败: 0
[16:09:57]   进度: 15/46, 成功: 120, 失败: 0
[16:11:35]   进度: 20/46, 成功: 160, 失败: 0
[16:13:18]   进度: 25/46, 成功: 200, 失败: 0
[16:15:48]   进度: 30/46, 成功: 240, 失败: 0
[16:17:29]   进度: 35/46, 成功: 280, 失败: 0
[16:20:16]   进度: 40/46, 成功: 320, 失败: 0
[16:23:13]   进度: 45/46, 成功: 360, 失败: 0
[16:23:32]   ✅ Group B 完成: 成功 368, 失败 0，已保存
  ✅ ✓ 翻译 736 条

处理素材 [76/308]: Cam 19 Academic Listening Test 2 Part 1... (cam-19-academic-listening-test-2-part-1)
[16:23:34]   🔄 开始翻译 Group A (8 种语言)...
[16:24:32]   进度: 5/62, 成功: 40, 失败: 0
[16:25:28]   进度: 10/62, 成功: 80, 失败: 0
[16:26:20]   进度: 15/62, 成功: 120, 失败: 0
[16:27:15]   进度: 20/62, 成功: 160, 失败: 0
[16:28:26]   进度: 25/62, 成功: 200, 失败: 0
[16:29:45]   进度: 30/62, 成功: 240, 失败: 0
[16:30:36]   进度: 35/62, 成功: 280, 失败: 0
[16:31:22]   进度: 40/62, 成功: 320, 失败: 0
[16:32:47]   进度: 45/62, 成功: 360, 失败: 0
[16:33:40]   进度: 50/62, 成功: 400, 失败: 0
[16:34:51]   进度: 55/62, 成功: 440, 失败: 0
[16:35:44]   进度: 60/62, 成功: 480, 失败: 0
[16:36:16]   ✅ Group A 完成: 成功 496, 失败 0，已保存
[16:36:16]   ⏸️ 冷却 5 秒（缓解 API Rate Limit）...
[16:36:21]   🔄 开始翻译 Group B (8 种语言)...
[16:37:46]   进度: 5/62, 成功: 40, 失败: 0
[16:38:50]   进度: 10/62, 成功: 80, 失败: 0
[16:39:58]   进度: 15/62, 成功: 120, 失败: 0
[16:41:21]   进度: 20/62, 成功: 160, 失败: 0
[16:43:29]   进度: 25/62, 成功: 200, 失败: 0
[16:45:21]   进度: 30/62, 成功: 240, 失败: 0
[16:47:09]   进度: 35/62, 成功: 280, 失败: 0
[16:48:24]   进度: 40/62, 成功: 320, 失败: 0
[16:49:48]   进度: 45/62, 成功: 360, 失败: 0
[16:51:34]   进度: 50/62, 成功: 400, 失败: 0
[16:53:42]   进度: 55/62, 成功: 440, 失败: 0
[16:55:13]   进度: 60/62, 成功: 480, 失败: 0
[16:56:12]   ✅ Group B 完成: 成功 496, 失败 0，已保存
  ✅ ✓ 翻译 992 条

处理素材 [77/308]: The Crane of GratitudeJapanese Fairy Tales in English... (the-crane-of-gratitudejapanese-fairy-tales-in-english)
[16:56:13]   🔄 开始翻译 Group A (8 种语言)...
[16:57:23]   进度: 5/29, 成功: 40, 失败: 0
[16:58:19]   进度: 10/29, 成功: 80, 失败: 0
[16:59:19]   进度: 15/29, 成功: 120, 失败: 0
[17:00:25]   进度: 20/29, 成功: 160, 失败: 0
[17:01:20]   进度: 25/29, 成功: 200, 失败: 0
[17:02:03]   ✅ Group A 完成: 成功 232, 失败 0，已保存
[17:02:03]   ⏸️ 冷却 5 秒（缓解 API Rate Limit）...
[17:02:08]   🔄 开始翻译 Group B (8 种语言)...
[17:04:52]   进度: 5/29, 成功: 40, 失败: 0
[17:06:19]   进度: 10/29, 成功: 80, 失败: 0
[17:07:54]   进度: 15/29, 成功: 120, 失败: 0
[17:09:55]   进度: 20/29, 成功: 160, 失败: 0
[17:11:20]   进度: 25/29, 成功: 200, 失败: 0
[17:12:21]   ✅ Group B 完成: 成功 232, 失败 0，已保存
  ✅ ✓ 翻译 464 条

处理素材 [78/308]: Cam 13 Academic Listening Test 4 Part 1... (cam-13-academic-listening-test-4-part-1)
[17:12:23]   🔄 开始翻译 Group A (8 种语言)...
[17:13:09]   进度: 5/56, 成功: 40, 失败: 0
[17:14:04]   进度: 10/56, 成功: 80, 失败: 0
[17:15:08]   进度: 15/56, 成功: 120, 失败: 0
[17:16:13]   进度: 20/56, 成功: 160, 失败: 0
[17:17:05]   进度: 25/56, 成功: 200, 失败: 0
[17:18:10]   进度: 30/56, 成功: 240, 失败: 0
[17:19:14]   进度: 35/56, 成功: 280, 失败: 0
[17:20:06]   进度: 40/56, 成功: 320, 失败: 0
[17:20:50]   进度: 45/56, 成功: 360, 失败: 0
[17:21:46]   进度: 50/56, 成功: 400, 失败: 0
[17:23:02]   进度: 55/56, 成功: 440, 失败: 0
[17:23:11]   ✅ Group A 完成: 成功 448, 失败 0，已保存
[17:23:11]   ⏸️ 冷却 5 秒（缓解 API Rate Limit）...
[17:23:16]   🔄 开始翻译 Group B (8 种语言)...
[17:24:38]   进度: 5/56, 成功: 40, 失败: 0
[17:26:41]   进度: 10/56, 成功: 80, 失败: 0
[17:28:18]   进度: 15/56, 成功: 120, 失败: 0
[17:29:42]   进度: 20/56, 成功: 160, 失败: 0
[17:31:05]   进度: 25/56, 成功: 200, 失败: 0
[17:32:58]   进度: 30/56, 成功: 240, 失败: 0
[17:34:14]   进度: 35/56, 成功: 280, 失败: 0
[17:36:01]   进度: 40/56, 成功: 320, 失败: 0
[17:37:04]   进度: 45/56, 成功: 360, 失败: 0
[17:38:20]   进度: 50/56, 成功: 400, 失败: 0
[17:40:21]   进度: 55/56, 成功: 440, 失败: 0
[17:40:32]   ✅ Group B 完成: 成功 448, 失败 0，已保存
  ✅ ✓ 翻译 896 条

处理素材 [79/308]: Jessica's First Day of School... (jessicas-first-day-of-school)
[17:40:34]   🔄 开始翻译 Group A (8 种语言)...
[17:41:20]   进度: 5/33, 成功: 40, 失败: 0
[17:42:03]   进度: 10/33, 成功: 80, 失败: 0
[17:42:46]   进度: 15/33, 成功: 120, 失败: 0
[17:43:24]   进度: 20/33, 成功: 160, 失败: 0
[17:44:09]   进度: 25/33, 成功: 200, 失败: 0
[17:44:50]   进度: 30/33, 成功: 240, 失败: 0
[17:45:16]   ✅ Group A 完成: 成功 264, 失败 0，已保存
[17:45:16]   ⏸️ 冷却 5 秒（缓解 API Rate Limit）...
[17:45:21]   🔄 开始翻译 Group B (8 种语言)...
[17:46:26]   进度: 5/33, 成功: 40, 失败: 0
[17:47:26]   进度: 10/33, 成功: 80, 失败: 0
[17:48:27]   进度: 15/33, 成功: 120, 失败: 0
[17:49:22]   进度: 20/33, 成功: 160, 失败: 0
[17:50:43]   进度: 25/33, 成功: 200, 失败: 0
[17:51:37]   进度: 30/33, 成功: 240, 失败: 0
[17:52:17]   ✅ Group B 完成: 成功 264, 失败 0，已保存
  ✅ ✓ 翻译 528 条

处理素材 [80/308]: Mark's Big Game... (marks-big-game)
[17:52:19]   🔄 开始翻译 Group A (8 种语言)...
[17:52:56]   进度: 5/21, 成功: 40, 失败: 0
[17:53:39]   进度: 10/21, 成功: 80, 失败: 0
[17:54:32]   进度: 15/21, 成功: 120, 失败: 0
[17:55:14]   进度: 20/21, 成功: 160, 失败: 0
[17:55:24]   ✅ Group A 完成: 成功 168, 失败 0，已保存
[17:55:24]   ⏸️ 冷却 5 秒（缓解 API Rate Limit）...
[17:55:29]   🔄 开始翻译 Group B (8 种语言)...
[17:56:31]   进度: 5/21, 成功: 40, 失败: 0
[17:57:34]   进度: 10/21, 成功: 80, 失败: 0
[17:58:37]   进度: 15/21, 成功: 120, 失败: 0
[17:59:36]   进度: 20/21, 成功: 160, 失败: 0
[17:59:48]   ✅ Group B 完成: 成功 168, 失败 0，已保存
  ✅ ✓ 翻译 336 条

处理素材 [81/308]: The Pet Store... (the-pet-store)
[17:59:49]   🔄 开始翻译 Group A (8 种语言)...
[18:00:49]   进度: 5/32, 成功: 40, 失败: 0
[18:01:41]   进度: 10/32, 成功: 80, 失败: 0
[18:02:56]   进度: 15/32, 成功: 120, 失败: 0
[18:03:58]   进度: 20/32, 成功: 160, 失败: 0
[18:04:52]   进度: 25/32, 成功: 200, 失败: 0
[18:05:49]   进度: 30/32, 成功: 240, 失败: 0
[18:06:07]   ✅ Group A 完成: 成功 256, 失败 0，已保存
[18:06:07]   ⏸️ 冷却 5 秒（缓解 API Rate Limit）...
[18:06:12]   🔄 开始翻译 Group B (8 种语言)...
[18:07:50]   进度: 5/32, 成功: 40, 失败: 0
[18:09:14]   进度: 10/32, 成功: 80, 失败: 0
[18:10:35]   进度: 15/32, 成功: 120, 失败: 0
[18:11:51]   进度: 20/32, 成功: 160, 失败: 0
[18:13:02]   进度: 25/32, 成功: 200, 失败: 0
[18:14:07]   进度: 30/32, 成功: 240, 失败: 0
[18:14:37]   ✅ Group B 完成: 成功 256, 失败 0，已保存
  ✅ ✓ 翻译 512 条

处理素材 [82/308]: My Dad... (my-dad)
[18:14:39]   🔄 开始翻译 Group A (8 种语言)...
[18:15:28]   进度: 5/25, 成功: 40, 失败: 0
[18:16:20]   进度: 10/25, 成功: 80, 失败: 0
[18:17:09]   进度: 15/25, 成功: 120, 失败: 0
[18:17:57]   进度: 20/25, 成功: 160, 失败: 0
[18:18:51]   进度: 25/25, 成功: 200, 失败: 0
[18:18:52]   ✅ Group A 完成: 成功 200, 失败 0，已保存
[18:18:52]   ⏸️ 冷却 5 秒（缓解 API Rate Limit）...
[18:18:57]   🔄 开始翻译 Group B (8 种语言)...
[18:19:58]   进度: 5/25, 成功: 40, 失败: 0
[18:22:00]   进度: 10/25, 成功: 80, 失败: 0
[18:23:53]   进度: 15/25, 成功: 120, 失败: 0
[18:25:12]   进度: 20/25, 成功: 160, 失败: 0
[18:27:18]   进度: 25/25, 成功: 200, 失败: 0
[18:27:20]   ✅ Group B 完成: 成功 200, 失败 0，已保存
  ✅ ✓ 翻译 400 条

处理素材 [83/308]: Amy... (amy)
[18:27:22]   🔄 开始翻译 Group A (8 种语言)...
[18:28:05]   进度: 5/31, 成功: 40, 失败: 0
[18:28:56]   进度: 10/31, 成功: 80, 失败: 0
[18:29:33]   进度: 15/31, 成功: 120, 失败: 0
[18:30:38]   进度: 20/31, 成功: 160, 失败: 0
[18:31:34]   进度: 25/31, 成功: 200, 失败: 0
[18:32:22]   进度: 30/31, 成功: 240, 失败: 0
[18:32:41]   ✅ Group A 完成: 成功 248, 失败 0，已保存
[18:32:41]   ⏸️ 冷却 5 秒（缓解 API Rate Limit）...
[18:32:47]   🔄 开始翻译 Group B (8 种语言)...
[18:33:51]   进度: 5/31, 成功: 40, 失败: 0
[18:35:22]   进度: 10/31, 成功: 80, 失败: 0
[18:37:14]   进度: 15/31, 成功: 120, 失败: 0
[18:39:26]   进度: 20/31, 成功: 160, 失败: 0
[18:40:51]   进度: 25/31, 成功: 200, 失败: 0
[18:42:13]   进度: 30/31, 成功: 240, 失败: 0
[18:42:49]   ✅ Group B 完成: 成功 248, 失败 0，已保存
  ✅ ✓ 翻译 496 条

处理素材 [84/308]: Cam 14 Academic Listening Test 3 Part 4... (cam-14-academic-listening-test-3-part-4)
[18:42:51]   🔄 开始翻译 Group A (8 种语言)...
[18:44:08]   进度: 5/39, 成功: 40, 失败: 0
[18:45:40]   进度: 10/39, 成功: 80, 失败: 0
[18:46:51]   进度: 15/39, 成功: 120, 失败: 0
[18:48:23]   进度: 20/39, 成功: 160, 失败: 0
[18:49:45]   进度: 25/39, 成功: 200, 失败: 0
[18:51:19]   进度: 30/39, 成功: 240, 失败: 0
[18:52:37]   进度: 35/39, 成功: 280, 失败: 0
[18:53:58]   ✅ Group A 完成: 成功 312, 失败 0，已保存
[18:53:58]   ⏸️ 冷却 5 秒（缓解 API Rate Limit）...
[18:54:03]   🔄 开始翻译 Group B (8 种语言)...
[18:56:18]   进度: 5/39, 成功: 40, 失败: 0
[18:58:21]   进度: 10/39, 成功: 80, 失败: 0
[18:59:55]   进度: 15/39, 成功: 120, 失败: 0
[19:02:12]   进度: 20/39, 成功: 160, 失败: 0
[19:05:43]   进度: 25/39, 成功: 200, 失败: 0
[19:07:38]   进度: 30/39, 成功: 240, 失败: 0
[19:09:36]   进度: 35/39, 成功: 280, 失败: 0
[19:12:40]   ✅ Group B 完成: 成功 312, 失败 0，已保存
  ✅ ✓ 翻译 624 条

处理素材 [85/308]: The Story of the Little Red Riding Hood - Fairy Tale - Story... (the-story-of-the-little-red-riding-hood-fairy-tale-story-for-children)
[19:12:41]   🔄 开始翻译 Group A (8 种语言)...
[19:13:51]   进度: 5/17, 成功: 40, 失败: 0
[19:15:23]   进度: 10/17, 成功: 80, 失败: 0
[19:16:27]   进度: 15/17, 成功: 120, 失败: 0
[19:17:16]   ✅ Group A 完成: 成功 136, 失败 0，已保存
[19:17:16]   ⏸️ 冷却 5 秒（缓解 API Rate Limit）...
[19:17:21]   🔄 开始翻译 Group B (8 种语言)...
[19:19:52]   进度: 5/17, 成功: 40, 失败: 0
[19:22:32]   进度: 10/17, 成功: 80, 失败: 0
[19:25:37]   进度: 15/17, 成功: 120, 失败: 0
[19:26:59]   ✅ Group B 完成: 成功 136, 失败 0，已保存
  ✅ ✓ 翻译 272 条

处理素材 [86/308]: What does he look like? Easy English Conversations Episode 1... (what-does-he-look-like-easy-english-conversations-episode-17)
[19:27:01]   🔄 开始翻译 Group A (8 种语言)...
[19:27:35]   进度: 5/117, 成功: 40, 失败: 0
[19:28:18]   进度: 10/117, 成功: 80, 失败: 0
[19:28:59]   进度: 15/117, 成功: 120, 失败: 0
[19:29:33]   进度: 20/117, 成功: 160, 失败: 0
[19:30:15]   进度: 25/117, 成功: 200, 失败: 0
[19:30:51]   进度: 30/117, 成功: 240, 失败: 0
[19:31:25]   进度: 35/117, 成功: 280, 失败: 0
[19:32:04]   进度: 40/117, 成功: 320, 失败: 0
[19:32:46]   进度: 45/117, 成功: 360, 失败: 0
[19:33:23]   进度: 50/117, 成功: 400, 失败: 0
[19:33:59]   进度: 55/117, 成功: 440, 失败: 0
[19:34:42]   进度: 60/117, 成功: 480, 失败: 0
[19:35:20]   进度: 65/117, 成功: 520, 失败: 0
[19:36:25]   进度: 70/117, 成功: 560, 失败: 0
[19:37:03]   进度: 75/117, 成功: 600, 失败: 0
[19:37:47]   进度: 80/117, 成功: 640, 失败: 0
[19:38:25]   进度: 85/117, 成功: 680, 失败: 0
[19:39:10]   进度: 90/117, 成功: 720, 失败: 0
[19:39:58]   进度: 95/117, 成功: 760, 失败: 0
[19:40:37]   进度: 100/117, 成功: 800, 失败: 0
[19:41:17]   进度: 105/117, 成功: 840, 失败: 0
[19:41:52]   进度: 110/117, 成功: 880, 失败: 0
[19:42:39]   进度: 115/117, 成功: 920, 失败: 0
[19:42:53]   ✅ Group A 完成: 成功 936, 失败 0，已保存
[19:42:53]   ⏸️ 冷却 5 秒（缓解 API Rate Limit）...
[19:42:58]   🔄 开始翻译 Group B (8 种语言)...
[19:43:47]   进度: 5/117, 成功: 40, 失败: 0
[19:44:42]   进度: 10/117, 成功: 80, 失败: 0
[19:45:27]   进度: 15/117, 成功: 120, 失败: 0
[19:46:30]   进度: 20/117, 成功: 160, 失败: 0
[19:47:16]   进度: 25/117, 成功: 200, 失败: 0
[19:48:00]   进度: 30/117, 成功: 240, 失败: 0
[19:48:41]   进度: 35/117, 成功: 280, 失败: 0
[19:49:24]   进度: 40/117, 成功: 320, 失败: 0
[19:50:41]   进度: 45/117, 成功: 360, 失败: 0
[19:51:28]   进度: 50/117, 成功: 400, 失败: 0
[19:53:07]   进度: 55/117, 成功: 440, 失败: 0
[19:54:11]   进度: 60/117, 成功: 480, 失败: 0
[19:55:06]   进度: 65/117, 成功: 520, 失败: 0
[19:56:09]   进度: 70/117, 成功: 560, 失败: 0
[19:57:01]   进度: 75/117, 成功: 600, 失败: 0
[19:57:46]   进度: 80/117, 成功: 640, 失败: 0
[19:58:37]   进度: 85/117, 成功: 680, 失败: 0
[19:59:35]   进度: 90/117, 成功: 720, 失败: 0
[20:01:01]   进度: 95/117, 成功: 760, 失败: 0
[20:02:17]   进度: 100/117, 成功: 800, 失败: 0
[20:03:05]   进度: 105/117, 成功: 840, 失败: 0
[20:03:53]   进度: 110/117, 成功: 880, 失败: 0
[20:05:01]   进度: 115/117, 成功: 920, 失败: 0
[20:05:26]   ✅ Group B 完成: 成功 936, 失败 0，已保存
  ✅ ✓ 翻译 1872 条

处理素材 [87/308]: Introductions _ Beginner English _ How to Introduce yourself... (introductions-beginner-english-how-to-introduce-yourself-in-english)
[20:05:27]   🔄 开始翻译 Group A (8 种语言)...
[20:06:00]   进度: 5/22, 成功: 40, 失败: 0
[20:06:36]   进度: 10/22, 成功: 80, 失败: 0
[20:07:19]   进度: 15/22, 成功: 120, 失败: 0
[20:08:00]   进度: 20/22, 成功: 160, 失败: 0
[20:08:20]   ✅ Group A 完成: 成功 176, 失败 0，已保存
[20:08:20]   ⏸️ 冷却 5 秒（缓解 API Rate Limit）...
[20:08:25]   🔄 开始翻译 Group B (8 种语言)...
[20:09:02]   进度: 5/22, 成功: 40, 失败: 0
[20:09:50]   进度: 10/22, 成功: 80, 失败: 0
[20:10:59]   进度: 15/22, 成功: 120, 失败: 0
[20:12:00]   进度: 20/22, 成功: 160, 失败: 0
[20:12:38]   ✅ Group B 完成: 成功 176, 失败 0，已保存
  ✅ ✓ 翻译 352 条

处理素材 [88/308]: Time... (time)
[20:12:39]   🔄 开始翻译 Group A (8 种语言)...
[20:13:26]   进度: 5/28, 成功: 40, 失败: 0
[20:14:14]   进度: 10/28, 成功: 80, 失败: 0
[20:15:11]   进度: 15/28, 成功: 120, 失败: 0
[20:16:19]   进度: 20/28, 成功: 160, 失败: 0
[20:17:07]   进度: 25/28, 成功: 200, 失败: 0
[20:17:50]   ✅ Group A 完成: 成功 224, 失败 0，已保存
[20:17:50]   ⏸️ 冷却 5 秒（缓解 API Rate Limit）...
[20:17:55]   🔄 开始翻译 Group B (8 种语言)...
[20:18:52]   进度: 5/28, 成功: 40, 失败: 0
[20:19:54]   进度: 10/28, 成功: 80, 失败: 0
[20:21:14]   进度: 15/28, 成功: 120, 失败: 0
[20:22:37]   进度: 20/28, 成功: 160, 失败: 0
[20:23:52]   进度: 25/28, 成功: 200, 失败: 0
[20:24:48]   ✅ Group B 完成: 成功 224, 失败 0，已保存
  ✅ ✓ 翻译 448 条

处理素材 [89/308]: The Lie... (the-lie)
[20:24:49]   🔄 开始翻译 Group A (8 种语言)...
[20:25:36]   进度: 5/33, 成功: 40, 失败: 0
[20:26:43]   进度: 10/33, 成功: 80, 失败: 0
[20:27:46]   进度: 15/33, 成功: 120, 失败: 0
[20:28:43]   进度: 20/33, 成功: 160, 失败: 0
[20:29:34]   进度: 25/33, 成功: 200, 失败: 0
[20:30:29]   进度: 30/33, 成功: 240, 失败: 0
[20:31:02]   ✅ Group A 完成: 成功 264, 失败 0，已保存
[20:31:02]   ⏸️ 冷却 5 秒（缓解 API Rate Limit）...
[20:31:07]   🔄 开始翻译 Group B (8 种语言)...
[20:32:23]   进度: 5/33, 成功: 40, 失败: 0
[20:33:48]   进度: 10/33, 成功: 80, 失败: 0
[20:35:17]   进度: 15/33, 成功: 120, 失败: 0
[20:36:52]   进度: 20/33, 成功: 160, 失败: 0
[20:38:43]   进度: 25/33, 成功: 200, 失败: 0
[20:40:00]   进度: 30/33, 成功: 240, 失败: 0
[20:40:53]   ✅ Group B 完成: 成功 264, 失败 0，已保存
  ✅ ✓ 翻译 528 条

处理素材 [90/308]: A Life Experience... (a-life-experience)
[20:40:55]   🔄 开始翻译 Group A (8 种语言)...
[20:41:46]   进度: 5/25, 成功: 40, 失败: 0
[20:42:47]   进度: 10/25, 成功: 80, 失败: 0
[20:43:48]   进度: 15/25, 成功: 120, 失败: 0
[20:44:44]   进度: 20/25, 成功: 160, 失败: 0
[20:45:56]   进度: 25/25, 成功: 200, 失败: 0
[20:45:58]   ✅ Group A 完成: 成功 200, 失败 0，已保存
[20:45:58]   ⏸️ 冷却 5 秒（缓解 API Rate Limit）...
[20:46:03]   🔄 开始翻译 Group B (8 种语言)...
[20:47:38]   进度: 5/25, 成功: 40, 失败: 0
[20:48:52]   进度: 10/25, 成功: 80, 失败: 0
[20:50:33]   进度: 15/25, 成功: 120, 失败: 0
[20:51:49]   进度: 20/25, 成功: 160, 失败: 0
[20:54:08]   进度: 25/25, 成功: 200, 失败: 0
[20:54:11]   ✅ Group B 完成: 成功 200, 失败 0，已保存
  ✅ ✓ 翻译 400 条

处理素材 [91/308]: Cam 15 Academic Listening Test 3 Part 2... (cam-15-academic-listening-test-3-part-2)
[20:54:13]   🔄 开始翻译 Group A (8 种语言)...
[20:55:31]   进度: 5/44, 成功: 40, 失败: 0
[20:56:39]   进度: 10/44, 成功: 80, 失败: 0
[20:57:55]   进度: 15/44, 成功: 120, 失败: 0
[20:59:10]   进度: 20/44, 成功: 160, 失败: 0
[21:00:14]   进度: 25/44, 成功: 200, 失败: 0
[21:01:32]   进度: 30/44, 成功: 240, 失败: 0
[21:02:38]   进度: 35/44, 成功: 280, 失败: 0
[21:04:14]   进度: 40/44, 成功: 320, 失败: 0
[21:05:34]   ✅ Group A 完成: 成功 352, 失败 0，已保存
[21:05:34]   ⏸️ 冷却 5 秒（缓解 API Rate Limit）...
[21:05:39]   🔄 开始翻译 Group B (8 种语言)...
[21:08:11]   进度: 5/44, 成功: 40, 失败: 0
[21:10:37]   进度: 10/44, 成功: 80, 失败: 0
[21:13:20]   进度: 15/44, 成功: 120, 失败: 0
[21:15:50]   进度: 20/44, 成功: 160, 失败: 0
[21:18:26]   进度: 25/44, 成功: 200, 失败: 0
[21:21:19]   进度: 30/44, 成功: 240, 失败: 0
[21:23:14]   进度: 35/44, 成功: 280, 失败: 0
[21:26:25]   进度: 40/44, 成功: 320, 失败: 0
[21:28:36]   ✅ Group B 完成: 成功 352, 失败 0，已保存
  ✅ ✓ 翻译 704 条

处理素材 [92/308]: Cam 17 Academic Listening Test 2 Part 3... (cam-17-academic-listening-test-2-part-3)
[21:28:37]   🔄 开始翻译 Group A (8 种语言)...
