======================================================================
🔄 自动重试失败的翻译
======================================================================
[08:16:06] 🔍 正在查找有失败翻译的素材...
[08:16:17]    ✅ 找到 52 个素材有失败翻译
[08:16:17] 
📊 失败翻译汇总：
[08:16:17]    - Do you really need to take 10,000 steps a day? - Shannon Ode (14 条)
[08:16:17]    - The Wind and the Sun  UK English accent (TheFableCottage.com (2 条)
[08:16:17]    - What do you do every day? Easy English Conversations  Episod (4 条)
[08:16:17]    - What staying up all night does to your brain - Anna Rothschi (7 条)
[08:16:17]    - Easter (12 条)
[08:16:17]    - Cam 16 Academic Listening Test 2 Part 2 (9 条)
[08:16:17]    - Thanksgiving (2) (9 条)
[08:16:17]    - Television (7 条)
[08:16:17]    - Reading the Newspaper (5 条)
[08:16:17]    - Visiting the Doctor (7 条)
[08:16:17]    - Cam 18 Academic Listening Test 1 Part 3 (6 条)
[08:16:17]    - Why is it so hard to break a bad habit? (7 条)
[08:16:17]    - When I Grow Up (1 条)
[08:16:17]    - Vocabulary, Phrases and Expressions Around the office _ Busi (2 条)
[08:16:17]    - Cam 16 Academic Listening Test 2 Part 1 (4 条)
[08:16:17]    - Cam 18 Academic Listening Test 1 Part 2 (36 条)
[08:16:17]    - Cam 12 Academic Listening Test 3 Part 3 (5 条)
[08:16:17]    - How are you feeling? Easy English Conversations  Episode 14 (1 条)
[08:16:17]    - The Frightened Lion - US English accent (TheFableCottage.com (2 条)
[08:16:17]    - First Snowfall (1 条)
[08:16:17]    - Life in Outer Space? (3 条)
[08:16:17]    - Being a Good Citizen (12 条)
[08:16:17]    - A Ghost (3 条)
[08:16:17]    - Cam 16 Academic Listening Test 1 Part 4 (12 条)
[08:16:17]    - Cam 18 Academic Listening Test 1 Part 1 (5 条)
[08:16:17]    - My Flower Garden (2 条)
[08:16:17]    - My First Day of School (2 条)
[08:16:17]    - Cam 19 Academic Listening Test 4 Part 4 (39 条)
[08:16:17]    - Hobbies (2) (2 条)
[08:16:17]    - Cam 16 Academic Listening Test 1 Part 3 (6 条)
[08:16:17]    - Radio Stations (6 条)
[08:16:17]    - Advice to a Student from a Foreign Country (2 条)
[08:16:17]    - Cam 19 Academic Listening Test 4 Part 3 (9 条)
[08:16:17]    - Niagara Falls (4 条)
[08:16:17]    - The Bathroom (2 条)
[08:16:17]    - Cam 16 Academic Listening Test 1 Part 2 (3 条)
[08:16:17]    - Cam 11 Academic Listening Test 3 Part 1 (9 条)
[08:16:17]    - Two Great Artists: Leonardo and Michelangelo (5 条)
[08:16:17]    - Christmas (2) (7 条)
[08:16:17]    - Cam 19 Academic Listening Test 4 Part 2 (12 条)
[08:16:17]    - Cam 10 Academic Listening Test 2 Part 1 (3 条)
[08:16:17]    - Cam 16 Academic Listening Test 1 Part 1 (8 条)
[08:16:17]    - Cam 12 Academic Listening Test 1 Part 3 (12 条)
[08:16:17]    - Cam 17 Academic Listening Test 4 Part 4 (6 条)
[08:16:17]    - Cam 19 Academic Listening Test 4 Part 1 (4 条)
[08:16:17]    - Cam 12 Academic Listening Test 4 Part 3 (5 条)
[08:16:17]    - A Funny Thing Happened On The Way To School (2 条)
[08:16:17]    - Cam 17 Academic Listening Test 4 Part 3 (3 条)
[08:16:17]    - Cam 19 Academic Listening Test 3 Part 4 (11 条)
[08:16:17]    - What If The Earth Stopped Orbiting The Sun (3 条)
[08:16:17]    - What is she like? Easy English Conversations  Episode 16 (2 条)
[08:16:17]    - Cam 10 Academic Listening Test 1 Part 4 (12 条)
[08:16:17] 
   总计: 357 条失败翻译
[08:16:17] 
🔧 处理素材: Do you really need to take 10,000 steps a day? - Shannon Odell
[08:16:19]    ✅ [1][ru] 修复成功
[08:16:22]    ✅ [10][uk] 修复成功
[08:16:24]    ✅ [11][de] 修复成功
[08:16:26]    ✅ [13][ru] 修复成功
[08:16:28]    ✅ [13][uk] 修复成功
[08:16:30]    ✅ [16][ar] 修复成功
[08:16:34]    ✅ [18][ru] 修复成功
[08:16:52]    ✅ [20][mn] 修复成功
[08:16:58]    ✅ [21][de] 修复成功
[08:17:06]    ✅ [33][bn] 修复成功
[08:17:10]    ✅ [33][vi] 修复成功
[08:17:15]    ✅ [36][ru] 修复成功
[08:17:16]    ✅ [43][ar] 修复成功
[08:17:18]    ✅ [45][vi] 修复成功
[08:17:21]    💾 已保存 14 条修复
[08:17:21] 
🔧 处理素材: The Wind and the Sun  UK English accent (TheFableCottage.com)
[08:17:24]    ✅ [4][uk] 修复成功
[08:17:26]    ✅ [11][tr] 修复成功
[08:17:28]    💾 已保存 2 条修复
[08:17:28] 
🔧 处理素材: What do you do every day? Easy English Conversations  Episode 4
[08:17:28]    ✅ [34][de] 修复成功
[08:17:32]    ✅ [34][es] 修复成功
[08:17:33]    ✅ [34][ja] 修复成功
[08:17:35]    ✅ [34][pt] 修复成功
[08:17:37]    💾 已保存 4 条修复
[08:17:37] 
🔧 处理素材: What staying up all night does to your brain - Anna Rothschild
[08:17:40]    ✅ [8][ms] 修复成功
[08:17:42]    ✅ [8][ru] 修复成功
[08:17:43]    ✅ [8][uk] 修复成功
[08:17:45]    ✅ [15][ar] 修复成功
[08:17:46]    ✅ [16][tr] 修复成功
[08:17:52]    ✅ [29][mn] 修复成功
[08:17:54]    ✅ [41][tr] 修复成功
[08:17:56]    💾 已保存 7 条修复
[08:17:56] 
🔧 处理素材: Easter
[08:17:59]    ✅ [2][hi] 修复成功
[08:18:00]    ✅ [2][ja] 修复成功
[08:18:02]    ✅ [2][ko] 修复成功
[08:18:06]    ✅ [2][vi] 修复成功
[08:18:08]    ✅ [5][ja] 修复成功
[08:18:10]    ✅ [5][ko] 修复成功
[08:18:12]    ✅ [5][vi] 修复成功
[08:18:14]    ✅ [12][tr] 修复成功
[08:18:20]    ✅ [22][hi] 修复成功
[08:18:24]    ✅ [22][ja] 修复成功
[08:18:26]    ✅ [22][ko] 修复成功
[08:18:28]    ✅ [22][vi] 修复成功
[08:18:30]    💾 已保存 12 条修复
[08:18:30] 
🔧 处理素材: Cam 16 Academic Listening Test 2 Part 2
[08:18:30]    ✅ [1][th] 修复成功
[08:18:32]    ✅ [3][ru] 修复成功
[08:18:36]    ✅ [3][vi] 修复成功
[08:18:39]    ✅ [14][bn] 修复成功
[08:18:41]    ✅ [17][el] 修复成功
[08:18:43]    ✅ [17][ru] 修复成功
[08:18:46]    ✅ [27][mn] 修复成功
[08:18:48]    ✅ [41][ru] 修复成功
[08:18:50]    ✅ [41][tr] 修复成功
[08:18:51]    💾 已保存 9 条修复
[08:18:51] 
🔧 处理素材: Thanksgiving (2)
[08:18:53]    ✅ [1][ms] 修复成功
[08:18:57]    ✅ [2][hi] 修复成功
[08:18:58]    ✅ [2][ja] 修复成功
[08:19:00]    ✅ [2][ko] 修复成功
[08:19:02]    ✅ [2][vi] 修复成功
[08:19:04]    ✅ [4][tr] 修复成功
[08:19:08]    ✅ [10][ms] 修复成功
[08:19:10]    ✅ [16][ms] 修复成功
[08:19:12]    ✅ [17][ms] 修复成功
[08:19:13]    💾 已保存 9 条修复
[08:19:13] 
🔧 处理素材: Television
[08:19:15]    ✅ [10][de] 修复成功
[08:19:17]    ✅ [17][hi] 修复成功
[08:19:18]    ✅ [17][ja] 修复成功
[08:19:20]    ✅ [17][ko] 修复成功
[08:19:22]    ✅ [17][vi] 修复成功
[08:19:23]    ✅ [24][uk] 修复成功
[08:19:25]    ✅ [30][el] 修复成功
[08:19:26]    💾 已保存 7 条修复
[08:19:26] 
🔧 处理素材: Reading the Newspaper
[08:19:30]    ✅ [7][hi] 修复成功
[08:19:32]    ✅ [7][ja] 修复成功
[08:19:34]    ✅ [7][ko] 修复成功
[08:19:37]    ✅ [7][vi] 修复成功
[08:19:39]    ✅ [21][ru] 修复成功
[08:19:40]    💾 已保存 5 条修复
[08:19:40] 
🔧 处理素材: Visiting the Doctor
[08:19:41]    ✅ [8][ja] 修复成功
[08:19:43]    ✅ [8][ko] 修复成功
[08:19:45]    ✅ [8][vi] 修复成功
[08:19:47]    ✅ [9][ja] 修复成功
[08:19:48]    ✅ [9][ko] 修复成功
[08:19:50]    ✅ [9][vi] 修复成功
[08:19:55]    ✅ [24][mn] 修复成功
[08:19:56]    💾 已保存 7 条修复
[08:19:56] 
🔧 处理素材: Cam 18 Academic Listening Test 1 Part 3
[08:20:00]    ✅ [13][bn] 修复成功
[08:20:03]    ✅ [14][bn] 修复成功
[08:20:05]    ✅ [18][mn] 修复成功
[08:20:07]    ✅ [24][ru] 修复成功
[08:20:09]    ✅ [37][de] 修复成功
[08:20:11]    ✅ [38][ru] 修复成功
[08:20:12]    💾 已保存 6 条修复
[08:20:12] 
🔧 处理素材: Why is it so hard to break a bad habit?
[08:20:15]    ✅ [11][tr] 修复成功
[08:20:35]    ✅ [21][mn] 修复成功
[08:20:37]    ✅ [25][ru] 修复成功
[08:20:39]    ✅ [25][vi] 修复成功
[08:20:43]    ✅ [30][ru] 修复成功
[08:20:45]    ✅ [30][vi] 修复成功
[08:20:49]    ✅ [39][ko] 修复成功
[08:20:50]    💾 已保存 7 条修复
[08:20:50] 
🔧 处理素材: When I Grow Up
[08:20:52]    ✅ [22][mn] 修复成功
[08:20:53]    💾 已保存 1 条修复
[08:20:53] 
🔧 处理素材: Vocabulary, Phrases and Expressions Around the office _ Business English
[08:20:54]    ✅ [1][mn] 修复成功
[08:20:55]    ✅ [13][uk] 修复成功
[08:20:56]    💾 已保存 2 条修复
[08:20:56] 
🔧 处理素材: Cam 16 Academic Listening Test 2 Part 1
[08:20:59]    ✅ [7][hi] 修复成功
[08:21:02]    ✅ [25][el] 修复成功
[08:21:04]    ✅ [28][ru] 修复成功
[08:21:05]    ✅ [37][ms] 修复成功
[08:21:07]    💾 已保存 4 条修复
[08:21:07] 
🔧 处理素材: Cam 18 Academic Listening Test 1 Part 2
[08:21:09]    ✅ [1][tr] 修复成功
[08:21:13]    ✅ [10][hi] 修复成功
[08:21:15]    ✅ [10][ja] 修复成功
[08:21:20]    ✅ [10][ko] 修复成功
[08:21:22]    ✅ [10][tr] 修复成功
[08:21:24]    ✅ [10][vi] 修复成功
[08:21:28]    ✅ [15][hi] 修复成功
[08:21:30]    ✅ [15][ja] 修复成功
[08:21:33]    ✅ [15][ko] 修复成功
[08:21:35]    ✅ [15][vi] 修复成功
[08:21:37]    ✅ [17][ru] 修复成功
[08:21:39]    ✅ [18][el] 修复成功
[08:21:43]    ✅ [18][hi] 修复成功
[08:21:44]    ✅ [18][ja] 修复成功
[08:21:46]    ✅ [18][ko] 修复成功
[08:21:49]    ✅ [18][uk] 修复成功
[08:21:50]    ✅ [18][vi] 修复成功
[08:21:56]    ✅ [20][hi] 修复成功
[08:21:58]    ✅ [20][ja] 修复成功
[08:22:01]    ✅ [20][ko] 修复成功
[08:22:03]    ✅ [20][vi] 修复成功
[08:22:06]    ✅ [22][tr] 修复成功
[08:22:26]    ✅ [25][mn] 修复成功
[08:22:28]    ✅ [26][ru] 修复成功
[08:22:31]    ✅ [30][ar] 修复成功
[08:22:32]    ✅ [30][de] 修复成功
[08:22:34]    ✅ [30][es] 修复成功
[08:22:37]    ✅ [30][ja] 修复成功
[08:22:38]    ✅ [30][ms] 修复成功
[08:22:41]    ✅ [30][pt] 修复成功
[08:22:44]    ✅ [30][tr] 修复成功
[08:22:46]    ✅ [30][vi] 修复成功
[08:22:50]    ✅ [35][hi] 修复成功
[08:22:53]    ✅ [35][ja] 修复成功
[08:22:55]    ✅ [35][ko] 修复成功
[08:22:58]    ✅ [35][vi] 修复成功
[08:23:00]    💾 已保存 36 条修复
[08:23:00] 
🔧 处理素材: Cam 12 Academic Listening Test 3 Part 3
[08:23:02]    ✅ [19][tr] 修复成功
[08:23:08]    ✅ [22][tr] 修复成功
[08:23:26]    ✅ [38][mn] 修复成功
[08:23:29]    ✅ [52][mn] 修复成功
[08:23:31]    ✅ [57][vi] 修复成功
[08:23:32]    💾 已保存 5 条修复
[08:23:32] 
🔧 处理素材: How are you feeling? Easy English Conversations  Episode 14
[08:23:33]    ✅ [19][ru] 修复成功
[08:23:34]    💾 已保存 1 条修复
[08:23:34] 
🔧 处理素材: The Frightened Lion - US English accent (TheFableCottage.com)
[08:23:25]    ✅ [30][mn] 修复成功
[08:23:26]    ✅ [30][th] 修复成功
[08:23:28]    💾 已保存 2 条修复
[08:23:28] 
🔧 处理素材: First Snowfall
[08:23:30]    ✅ [18][ru] 修复成功
[08:23:31]    💾 已保存 1 条修复
[08:23:31] 
🔧 处理素材: Life in Outer Space?
[08:23:34]    ✅ [3][mn] 修复成功
[08:23:41]    ✅ [10][bn] 修复成功
[08:23:44]    ✅ [18][mn] 修复成功
[08:23:45]    💾 已保存 3 条修复
[08:23:45] 
🔧 处理素材: Being a Good Citizen
======================================================================
🔄 自动重试失败的翻译
======================================================================
[08:23:48] 🔍 正在查找有失败翻译的素材...
[08:23:58]    ✅ 找到 31 个素材有失败翻译
[08:23:58] 
📊 失败翻译汇总：
[08:23:58]    - Being a Good Citizen (12 条)
[08:23:58]    - A Ghost (3 条)
[08:23:58]    - Cam 16 Academic Listening Test 1 Part 4 (12 条)
[08:23:58]    - Cam 18 Academic Listening Test 1 Part 1 (5 条)
[08:23:58]    - My Flower Garden (2 条)
[08:23:58]    - My First Day of School (2 条)
[08:23:58]    - Cam 19 Academic Listening Test 4 Part 4 (39 条)
[08:23:58]    - Hobbies (2) (2 条)
[08:23:58]    - Cam 16 Academic Listening Test 1 Part 3 (6 条)
[08:23:58]    - Radio Stations (6 条)
[08:23:58]    - Advice to a Student from a Foreign Country (2 条)
[08:23:58]    - Cam 19 Academic Listening Test 4 Part 3 (9 条)
[08:23:58]    - Niagara Falls (4 条)
[08:23:58]    - The Bathroom (2 条)
[08:23:58]    - Cam 16 Academic Listening Test 1 Part 2 (3 条)
[08:23:58]    - Cam 11 Academic Listening Test 3 Part 1 (9 条)
[08:23:58]    - Two Great Artists: Leonardo and Michelangelo (5 条)
[08:23:58]    - Christmas (2) (7 条)
[08:23:58]    - Cam 19 Academic Listening Test 4 Part 2 (12 条)
[08:23:58]    - Cam 10 Academic Listening Test 2 Part 1 (3 条)
[08:23:58]    - Cam 16 Academic Listening Test 1 Part 1 (8 条)
[08:23:58]    - Cam 12 Academic Listening Test 1 Part 3 (12 条)
[08:23:58]    - Cam 17 Academic Listening Test 4 Part 4 (6 条)
[08:23:58]    - Cam 19 Academic Listening Test 4 Part 1 (4 条)
[08:23:58]    - Cam 12 Academic Listening Test 4 Part 3 (5 条)
[08:23:58]    - A Funny Thing Happened On The Way To School (2 条)
[08:23:58]    - Cam 17 Academic Listening Test 4 Part 3 (3 条)
[08:23:58]    - Cam 19 Academic Listening Test 3 Part 4 (11 条)
[08:23:58]    - What If The Earth Stopped Orbiting The Sun (3 条)
[08:23:58]    - What is she like? Easy English Conversations  Episode 16 (2 条)
[08:23:58]    - Cam 10 Academic Listening Test 1 Part 4 (12 条)
[08:23:58] 
   总计: 213 条失败翻译
[08:23:58] 
🔧 处理素材: Being a Good Citizen
[08:24:02]    ✅ [5][mn] 修复成功
[08:24:05]    ✅ [8][hi] 修复成功
[08:24:07]    ✅ [8][ja] 修复成功
[08:24:09]    ✅ [8][ko] 修复成功
[08:24:11]    ✅ [8][vi] 修复成功
[08:24:14]    ✅ [9][hi] 修复成功
[08:24:15]    ✅ [9][ja] 修复成功
[08:24:17]    ✅ [9][ko] 修复成功
[08:24:18]    ✅ [9][vi] 修复成功
[08:24:20]    ✅ [12][tr] 修复成功
[08:24:21]    ✅ [12][uk] 修复成功
[08:24:23]    ✅ [18][de] 修复成功
[08:24:24]    💾 已保存 12 条修复
[08:24:24] 
🔧 处理素材: A Ghost
[08:24:26]    ✅ [7][mn] 修复成功
[08:24:27]    ✅ [15][vi] 修复成功
[08:24:28]    ✅ [31][ru] 修复成功
[08:24:30]    💾 已保存 3 条修复
[08:24:30] 
🔧 处理素材: Cam 16 Academic Listening Test 1 Part 4
[08:24:32]    ✅ [9][ms] 修复成功
[08:24:35]    ✅ [20][ja] 修复成功
[08:24:38]    ✅ [20][ko] 修复成功
[08:24:40]    ✅ [20][vi] 修复成功
[08:24:45]    ✅ [22][mn] 修复成功
[08:24:49]    ✅ [24][el] 修复成功
[08:24:53]    ✅ [24][ru] 修复成功
[08:24:56]    ✅ [29][ko] 修复成功
[08:25:01]    ✅ [33][hi] 修复成功
[08:25:05]    ✅ [33][ja] 修复成功
[08:25:08]    ✅ [33][ko] 修复成功
[08:25:10]    ✅ [33][vi] 修复成功
[08:25:13]    💾 已保存 12 条修复
[08:25:13] 
🔧 处理素材: Cam 18 Academic Listening Test 1 Part 1
[08:25:14]    ✅ [1][uk] 修复成功
[08:25:15]    ✅ [18][ru] 修复成功
[08:25:17]    ✅ [23][ms] 修复成功
[08:25:18]    ✅ [24][uk] 修复成功
[08:25:20]    ✅ [31][uk] 修复成功
[08:25:22]    💾 已保存 5 条修复
[08:25:22] 
🔧 处理素材: My Flower Garden
[08:25:23]    ✅ [7][mn] 修复成功
[08:25:25]    ✅ [15][ru] 修复成功
[08:25:26]    💾 已保存 2 条修复
[08:25:26] 
🔧 处理素材: My First Day of School
[08:25:28]    ✅ [3][de] 修复成功
[08:25:29]    ✅ [25][ru] 修复成功
[08:25:30]    💾 已保存 2 条修复
[08:25:30] 
🔧 处理素材: Cam 19 Academic Listening Test 4 Part 4
[08:25:32]    ✅ [1][ru] 修复成功
[08:25:39]    ✅ [1][th] 修复成功
[08:25:41]    ✅ [4][el] 修复成功
[08:25:44]    ✅ [4][hi] 修复成功
[08:25:47]    ✅ [4][ja] 修复成功
[08:25:49]    ✅ [4][ko] 修复成功
[08:25:52]    ✅ [4][tr] 修复成功
[08:25:54]    ✅ [4][vi] 修复成功
[08:25:57]    ✅ [6][hi] 修复成功
[08:25:58]    ✅ [6][ja] 修复成功
[08:26:00]    ✅ [6][ko] 修复成功
[08:26:01]    ✅ [6][vi] 修复成功
[08:26:07]    ✅ [7][hi] 修复成功
[08:26:11]    ✅ [7][ko] 修复成功
[08:26:18]    ✅ [7][th] 修复成功
[08:26:20]    ✅ [7][vi] 修复成功
[08:26:26]    ✅ [8][hi] 修复成功
[08:26:29]    ✅ [8][ko] 修复成功
[08:26:31]    ✅ [11][ja] 修复成功
[08:26:34]    ✅ [11][ko] 修复成功
[08:26:36]    ✅ [11][vi] 修复成功
[08:26:39]    ✅ [13][hi] 修复成功
[08:26:41]    ✅ [13][ja] 修复成功
[08:26:42]    ✅ [13][ko] 修复成功
[08:26:44]    ✅ [13][vi] 修复成功
[08:26:45]    ✅ [18][ru] 修复成功
[08:26:47]    ✅ [19][ja] 修复成功
[08:26:49]    ✅ [20][ja] 修复成功
[08:26:50]    ✅ [20][ko] 修复成功
[08:26:52]    ✅ [25][vi] 修复成功
[08:26:54]    ✅ [26][ar] 修复成功
[08:26:58]    ✅ [26][el] 修复成功
[08:27:05]    ✅ [26][hi] 修复成功
[08:27:08]    ✅ [26][id] 修复成功
[08:27:09]    ✅ [26][ja] 修复成功
[08:27:11]    ✅ [26][ko] 修复成功
[08:27:13]    ✅ [26][tr] 修复成功
[08:27:14]    ✅ [26][vi] 修复成功
[08:27:18]    ✅ [27][ko] 修复成功
[08:27:20]    💾 已保存 39 条修复
[08:27:20] 
🔧 处理素材: Hobbies (2)
[08:27:21]    ✅ [3][ru] 修复成功
[08:27:25]    ✅ [21][mn] 修复成功
[08:27:26]    💾 已保存 2 条修复
[08:27:26] 
🔧 处理素材: Cam 16 Academic Listening Test 1 Part 3
[08:27:27]    ✅ [5][vi] 修复成功
[08:27:29]    ✅ [6][vi] 修复成功
[08:27:30]    ✅ [9][ru] 修复成功
[08:27:33]    ✅ [35][mn] 修复成功
[08:27:34]    ✅ [40][ru] 修复成功
[08:27:36]    ✅ [48][ms] 修复成功
[08:27:37]    💾 已保存 6 条修复
[08:27:37] 
🔧 处理素材: Radio Stations
[08:27:38]    ✅ [9][ru] 修复成功
[08:27:40]    ✅ [17][ar] 修复成功
[08:27:43]    ✅ [22][hi] 修复成功
[08:27:45]    ✅ [22][ja] 修复成功
[08:27:48]    ✅ [22][ko] 修复成功
[08:27:51]    ✅ [22][vi] 修复成功
[08:27:52]    💾 已保存 6 条修复
[08:27:52] 
🔧 处理素材: Advice to a Student from a Foreign Country
[08:27:54]    ✅ [2][ms] 修复成功
[08:27:55]    ✅ [3][ru] 修复成功
[08:27:57]    💾 已保存 2 条修复
[08:27:57] 
🔧 处理素材: Cam 19 Academic Listening Test 4 Part 3
[08:27:59]    ✅ [19][hi] 修复成功
[08:28:00]    ✅ [19][ko] 修复成功
[08:28:01]    ✅ [19][vi] 修复成功
[08:28:07]    ✅ [21][bn] 修复成功
[08:28:10]    ✅ [23][el] 修复成功
[08:28:11]    ✅ [47][tr] 修复成功
[08:28:13]    ✅ [49][tr] 修复成功
[08:28:14]    ✅ [57][es] 修复成功
[08:28:16]    ✅ [58][tr] 修复成功
[08:28:18]    💾 已保存 9 条修复
[08:28:18] 
🔧 处理素材: Niagara Falls
[08:28:19]    ✅ [12][hi] 修复成功
[08:28:20]    ✅ [12][ja] 修复成功
[08:28:22]    ✅ [12][ko] 修复成功
[08:28:23]    ✅ [12][vi] 修复成功
[08:28:24]    💾 已保存 4 条修复
[08:28:24] 
🔧 处理素材: The Bathroom
[08:28:25]    ✅ [4][uk] 修复成功
[08:28:26]    ✅ [22][ru] 修复成功
[08:28:27]    💾 已保存 2 条修复
[08:28:27] 
🔧 处理素材: Cam 16 Academic Listening Test 1 Part 2
[08:28:30]    ✅ [1][ru] 修复成功
[08:28:31]    ✅ [2][ru] 修复成功
[08:28:32]    ✅ [2][uk] 修复成功
[08:28:34]    💾 已保存 3 条修复
[08:28:34] 
🔧 处理素材: Cam 11 Academic Listening Test 3 Part 1
[08:28:36]    ✅ [1][th] 修复成功
[08:28:38]    ✅ [6][ru] 修复成功
[08:28:39]    ✅ [7][id] 修复成功
[08:28:40]    ✅ [26][tr] 修复成功
[08:28:43]    ✅ [29][mn] 修复成功
[08:28:44]    ✅ [30][el] 修复成功
[08:28:46]    ✅ [30][ru] 修复成功
[08:28:48]    ✅ [39][de] 修复成功
[08:28:50]    ✅ [43][tr] 修复成功
[08:28:51]    💾 已保存 9 条修复
[08:28:51] 
🔧 处理素材: Two Great Artists: Leonardo and Michelangelo
[08:28:54]    ✅ [10][ru] 修复成功
[08:28:56]    ✅ [14][mn] 修复成功
[08:28:58]    ✅ [17][ru] 修复成功
[08:29:03]    ✅ [28][bn] 修复成功
[08:29:04]    ✅ [29][ru] 修复成功
[08:29:06]    💾 已保存 5 条修复
[08:29:06] 
🔧 处理素材: Christmas (2)
[08:29:07]    ✅ [7][uk] 修复成功
[08:29:08]    ✅ [9][ms] 修复成功
[08:29:10]    ✅ [23][ru] 修复成功
[08:29:14]    ✅ [25][hi] 修复成功
[08:29:16]    ✅ [25][ja] 修复成功
[08:29:18]    ✅ [25][ko] 修复成功
[08:29:19]    ✅ [25][vi] 修复成功
[08:29:21]    💾 已保存 7 条修复
[08:29:21] 
🔧 处理素材: Cam 19 Academic Listening Test 4 Part 2
[08:29:23]    ✅ [4][tr] 修复成功
[08:29:27]    ✅ [5][bn] 修复成功
[08:29:30]    ✅ [14][hi] 修复成功
[08:29:33]    ✅ [14][ja] 修复成功
[08:29:34]    ✅ [14][ko] 修复成功
[08:29:36]    ✅ [14][vi] 修复成功
[08:29:37]    ✅ [18][tr] 修复成功
[08:29:40]    ✅ [21][uk] 修复成功
[08:29:42]    ✅ [24][tr] 修复成功
[08:29:44]    ✅ [26][vi] 修复成功
[08:29:46]    ✅ [36][vi] 修复成功
[08:29:50]    ✅ [37][tr] 修复成功
[08:29:51]    💾 已保存 12 条修复
[08:29:51] 
🔧 处理素材: Cam 10 Academic Listening Test 2 Part 1
[08:29:52]    ✅ [1][uk] 修复成功
[08:29:57]    ❌ [2][ms] 仍然失败
[08:30:14]    ✅ [27][mn] 修复成功
[08:30:16]    💾 已保存 2 条修复
[08:30:16] 
🔧 处理素材: Cam 16 Academic Listening Test 1 Part 1
[08:30:17]    ✅ [3][ms] 修复成功
[08:30:18]    ✅ [4][vi] 修复成功
[08:30:21]    ✅ [16][uk] 修复成功
[08:30:22]    ✅ [25][el] 修复成功
[08:30:24]    ✅ [29][ru] 修复成功
[08:30:26]    ✅ [30][id] 修复成功
[08:30:28]    ✅ [36][mn] 修复成功
[08:30:31]    ✅ [44][uk] 修复成功
[08:30:33]    💾 已保存 8 条修复
[08:30:33] 
🔧 处理素材: Cam 12 Academic Listening Test 1 Part 3
[08:30:34]    ✅ [16][hi] 修复成功
[08:30:35]    ✅ [16][ja] 修复成功
[08:30:36]    ✅ [16][ko] 修复成功
[08:30:38]    ✅ [16][vi] 修复成功
[08:30:40]    ✅ [17][mn] 修复成功
[08:30:42]    ✅ [29][ko] 修复成功
[08:30:43]    ✅ [31][ru] 修复成功
[08:30:47]    ✅ [34][ja] 修复成功
[08:30:49]    ✅ [34][ko] 修复成功
[08:30:53]    ✅ [34][th] 修复成功
[08:30:55]    ✅ [34][tr] 修复成功
[08:30:56]    ✅ [52][ms] 修复成功
[08:30:57]    💾 已保存 12 条修复
[08:30:57] 
🔧 处理素材: Cam 17 Academic Listening Test 4 Part 4
[08:31:03]    ✅ [8][hi] 修复成功
[08:31:05]    ✅ [8][ja] 修复成功
[08:31:10]    ✅ [8][ko] 修复成功
[08:31:12]    ✅ [8][vi] 修复成功
[08:31:14]    ✅ [29][vi] 修复成功
[08:31:16]    ✅ [37][de] 修复成功
[08:31:18]    💾 已保存 6 条修复
[08:31:18] 
🔧 处理素材: Cam 19 Academic Listening Test 4 Part 1
[08:31:18]    ✅ [4][uk] 修复成功
[08:31:20]    ✅ [24][uk] 修复成功
[08:31:22]    ✅ [56][ko] 修复成功
[08:31:24]    ✅ [56][vi] 修复成功
[08:31:26]    💾 已保存 4 条修复
[08:31:26] 
🔧 处理素材: Cam 12 Academic Listening Test 4 Part 3
[08:31:26]    ✅ [4][tr] 修复成功
[08:31:29]    ✅ [20][ru] 修复成功
[08:31:31]    ✅ [30][de] 修复成功
[08:31:33]    ✅ [34][tr] 修复成功
[08:31:36]    ✅ [43][mn] 修复成功
[08:31:37]    💾 已保存 5 条修复
[08:31:37] 
🔧 处理素材: A Funny Thing Happened On The Way To School
[08:31:39]    ✅ [2][mn] 修复成功
[08:31:40]    ✅ [10][ru] 修复成功
[08:31:42]    💾 已保存 2 条修复
[08:31:42] 
🔧 处理素材: Cam 17 Academic Listening Test 4 Part 3
[08:31:43]    ✅ [17][ru] 修复成功
[08:31:45]    ✅ [25][tr] 修复成功
[08:31:48]    ✅ [27][mn] 修复成功
[08:31:49]    💾 已保存 3 条修复
[08:31:49] 
🔧 处理素材: Cam 19 Academic Listening Test 3 Part 4
[08:31:50]    ✅ [2][vi] 修复成功
[08:31:52]    ✅ [3][vi] 修复成功
[08:31:54]    ✅ [4][vi] 修复成功
[08:31:57]    ✅ [7][vi] 修复成功
[08:32:01]    ✅ [14][hi] 修复成功
[08:32:04]    ✅ [14][ko] 修复成功
[08:32:06]    ✅ [15][ja] 修复成功
[08:32:12]    ✅ [15][th] 修复成功
[08:32:14]    ✅ [19][ja] 修复成功
[08:32:20]    ✅ [21][ru] 修复成功
[08:32:22]    ✅ [22][mn] 修复成功
[08:32:23]    💾 已保存 11 条修复
[08:32:23] 
🔧 处理素材: What If The Earth Stopped Orbiting The Sun
[08:32:25]    ✅ [4][es] 修复成功
[08:32:26]    ✅ [10][de] 修复成功
[08:32:28]    ✅ [25][el] 修复成功
[08:32:30]    💾 已保存 3 条修复
[08:32:30] 
🔧 处理素材: What is she like? Easy English Conversations  Episode 16
[08:32:31]    ✅ [8][bn] 修复成功
[08:32:33]    ✅ [52][bn] 修复成功
[08:32:34]    💾 已保存 2 条修复
[08:32:34] 
🔧 处理素材: Cam 10 Academic Listening Test 1 Part 4
[08:32:38]    ✅ [11][hi] 修复成功
[08:32:40]    ✅ [11][ja] 修复成功
[08:32:42]    ✅ [11][ko] 修复成功
[08:32:44]    ✅ [11][ru] 修复成功
[08:32:46]    ✅ [11][vi] 修复成功
[08:32:48]    ✅ [13][ja] 修复成功
[08:32:50]    ✅ [13][ko] 修复成功
[08:32:52]    ✅ [19][mn] 修复成功
[08:32:55]    ✅ [20][vi] 修复成功
[08:32:57]    ✅ [27][uk] 修复成功
[08:32:59]    ✅ [30][ja] 修复成功
[08:33:00]    ✅ [30][ko] 修复成功
[08:33:02]    💾 已保存 12 条修复

======================================================================
✅ 重试完成
======================================================================

📊 最终结果：
   成功修复: 212 条
   仍然失败: 1 条
======================================================================
